---
source: crates/locus-core/tests/regression_render_tag.rs
expression: report
---
summary:
  dataset_size: 45
  mean_recall: 0.9555555555555556
  mean_precision: 0.9777777777777777
  mean_rmse: 1.33
  mean_reprojection_rmse: 8.3239
  p50_translation_error: 0.0963
  p90_translation_error: 0.3729
  p99_translation_error: 0.689
  p50_rotation_error: 5.5937
  p90_rotation_error: 26.0096
  p99_rotation_error: 80.1515
  mean_hamming: 0
  mean_total_ms: "[DURATION]"
  worst_offenders:
    - filename: scene_0008_cam_0000.png
      missed: 1
      extra: 0
      rmse: 0
    - filename: scene_0028_cam_0000.png
      missed: 1
      extra: 0
      rmse: 0
    - filename: scene_0005_cam_0000.png
      missed: 0
      extra: 1
      rmse: 1.2968
    - filename: scene_0004_cam_0000.png
      missed: 0
      extra: 1
      rmse: 1.1511
    - filename: scene_0003_cam_0000.png
      missed: 0
      extra: 0
      rmse: 3.7
