---
source: crates/locus-core/tests/regression_icra2020.rs
expression: report
---
entries:
  0000.png:
    recall: 0.032467532467532464
    avg_rmse: 0.20529131504224588
    stats:
      threshold_ms: "[latency]"
      segmentation_ms: "[latency]"
      quad_extraction_ms: "[latency]"
      decoding_ms: "[latency]"
      total_ms: "[latency]"
      num_candidates: 563
      num_detections: 5
    detected_ids:
      - 30
      - 50
      - 116
      - 125
      - 129
  0001.png:
    recall: 0.012987012987012988
    avg_rmse: 0.18231824787586898
    stats:
      threshold_ms: "[latency]"
      segmentation_ms: "[latency]"
      quad_extraction_ms: "[latency]"
      decoding_ms: "[latency]"
      total_ms: "[latency]"
      num_candidates: 595
      num_detections: 2
    detected_ids:
      - 72
      - 80
  0002.png:
    recall: 0.032467532467532464
    avg_rmse: 0.3633698535759911
    stats:
      threshold_ms: "[latency]"
      segmentation_ms: "[latency]"
      quad_extraction_ms: "[latency]"
      decoding_ms: "[latency]"
      total_ms: "[latency]"
      num_candidates: 579
      num_detections: 6
    detected_ids:
      - 47
      - 52
      - 59
      - 62
      - 154
      - 554
  0003.png:
    recall: 0.012987012987012988
    avg_rmse: 0.26145729174008103
    stats:
      threshold_ms: "[latency]"
      segmentation_ms: "[latency]"
      quad_extraction_ms: "[latency]"
      decoding_ms: "[latency]"
      total_ms: "[latency]"
      num_candidates: 557
      num_detections: 2
    detected_ids:
      - 85
      - 159
  0004.png:
    recall: 0.01948051948051948
    avg_rmse: 0.3593189645127215
    stats:
      threshold_ms: "[latency]"
      segmentation_ms: "[latency]"
      quad_extraction_ms: "[latency]"
      decoding_ms: "[latency]"
      total_ms: "[latency]"
      num_candidates: 589
      num_detections: 3
    detected_ids:
      - 43
      - 52
      - 75
  0005.png:
    recall: 0.045454545454545456
    avg_rmse: 0.395671278831693
    stats:
      threshold_ms: "[latency]"
      segmentation_ms: "[latency]"
      quad_extraction_ms: "[latency]"
      decoding_ms: "[latency]"
      total_ms: "[latency]"
      num_candidates: 584
      num_detections: 7
    detected_ids:
      - 76
      - 100
      - 144
      - 149
      - 152
      - 153
      - 159
  0006.png:
    recall: 0.07142857142857142
    avg_rmse: 0.3574209334793504
    stats:
      threshold_ms: "[latency]"
      segmentation_ms: "[latency]"
      quad_extraction_ms: "[latency]"
      decoding_ms: "[latency]"
      total_ms: "[latency]"
      num_candidates: 578
      num_detections: 12
    detected_ids:
      - 0
      - 1
      - 27
      - 37
      - 49
      - 78
      - 81
      - 85
      - 94
      - 152
      - 158
      - 554
  0007.png:
    recall: 0.13636363636363635
    avg_rmse: 0.2976672119007954
    stats:
      threshold_ms: "[latency]"
      segmentation_ms: "[latency]"
      quad_extraction_ms: "[latency]"
      decoding_ms: "[latency]"
      total_ms: "[latency]"
      num_candidates: 590
      num_detections: 22
    detected_ids:
      - 0
      - 2
      - 7
      - 15
      - 17
      - 21
      - 27
      - 35
      - 38
      - 41
      - 42
      - 46
      - 47
      - 49
      - 90
      - 94
      - 98
      - 99
      - 109
      - 115
      - 124
      - 554
  0008.png:
    recall: 0.14935064935064934
    avg_rmse: 0.3867861022136591
    stats:
      threshold_ms: "[latency]"
      segmentation_ms: "[latency]"
      quad_extraction_ms: "[latency]"
      decoding_ms: "[latency]"
      total_ms: "[latency]"
      num_candidates: 571
      num_detections: 25
    detected_ids:
      - 2
      - 7
      - 9
      - 13
      - 17
      - 18
      - 31
      - 36
      - 38
      - 43
      - 48
      - 73
      - 76
      - 80
      - 87
      - 96
      - 99
      - 100
      - 118
      - 138
      - 154
      - 158
      - 159
      - 249
      - 554
  0009.png:
    recall: 0.14935064935064934
    avg_rmse: 0.3758278418912983
    stats:
      threshold_ms: "[latency]"
      segmentation_ms: "[latency]"
      quad_extraction_ms: "[latency]"
      decoding_ms: "[latency]"
      total_ms: "[latency]"
      num_candidates: 605
      num_detections: 24
    detected_ids:
      - 4
      - 7
      - 15
      - 21
      - 23
      - 27
      - 31
      - 43
      - 49
      - 52
      - 70
      - 73
      - 82
      - 85
      - 87
      - 100
      - 104
      - 109
      - 118
      - 124
      - 125
      - 132
      - 144
      - 148
  0010.png:
    recall: 0.3181818181818182
    avg_rmse: 0.36913896290989706
    stats:
      threshold_ms: "[latency]"
      segmentation_ms: "[latency]"
      quad_extraction_ms: "[latency]"
      decoding_ms: "[latency]"
      total_ms: "[latency]"
      num_candidates: 587
      num_detections: 50
    detected_ids:
      - 4
      - 7
      - 9
      - 12
      - 17
      - 26
      - 27
      - 28
      - 30
      - 32
      - 35
      - 36
      - 37
      - 40
      - 41
      - 42
      - 43
      - 44
      - 55
      - 63
      - 73
      - 76
      - 82
      - 89
      - 96
      - 98
      - 99
      - 103
      - 104
      - 105
      - 106
      - 109
      - 112
      - 121
      - 124
      - 132
      - 133
      - 138
      - 141
      - 144
      - 147
      - 148
      - 149
      - 150
      - 152
      - 154
      - 155
      - 156
      - 158
  0011.png:
    recall: 0.42857142857142855
    avg_rmse: 0.34677433131103025
    stats:
      threshold_ms: "[latency]"
      segmentation_ms: "[latency]"
      quad_extraction_ms: "[latency]"
      decoding_ms: "[latency]"
      total_ms: "[latency]"
      num_candidates: 602
      num_detections: 67
    detected_ids:
      - 1
      - 4
      - 7
      - 12
      - 15
      - 16
      - 17
      - 23
      - 27
      - 28
      - 29
      - 31
      - 32
      - 35
      - 40
      - 43
      - 46
      - 48
      - 50
      - 51
      - 57
      - 59
      - 60
      - 63
      - 69
      - 70
      - 71
      - 73
      - 76
      - 78
      - 81
      - 84
      - 85
      - 86
      - 87
      - 88
      - 89
      - 90
      - 94
      - 100
      - 103
      - 115
      - 125
      - 126
      - 128
      - 129
      - 131
      - 133
      - 136
      - 139
      - 140
      - 141
      - 142
      - 143
      - 146
      - 147
      - 148
      - 150
      - 151
      - 152
      - 154
      - 155
      - 156
      - 157
      - 158
      - 159
      - 554
  0012.png:
    recall: 0.4025974025974026
    avg_rmse: 0.37931911968039667
    stats:
      threshold_ms: "[latency]"
      segmentation_ms: "[latency]"
      quad_extraction_ms: "[latency]"
      decoding_ms: "[latency]"
      total_ms: "[latency]"
      num_candidates: 619
      num_detections: 63
    detected_ids:
      - 1
      - 4
      - 5
      - 7
      - 8
      - 14
      - 17
      - 19
      - 20
      - 21
      - 24
      - 26
      - 29
      - 31
      - 32
      - 33
      - 35
      - 36
      - 37
      - 39
      - 40
      - 43
      - 49
      - 51
      - 52
      - 54
      - 58
      - 61
      - 62
      - 74
      - 76
      - 77
      - 87
      - 94
      - 96
      - 99
      - 100
      - 102
      - 105
      - 106
      - 107
      - 108
      - 111
      - 117
      - 118
      - 121
      - 122
      - 126
      - 127
      - 129
      - 130
      - 131
      - 132
      - 136
      - 139
      - 144
      - 145
      - 146
      - 148
      - 151
      - 153
      - 154
  0013.png:
    recall: 0.38961038961038963
    avg_rmse: 0.3605263218868471
    stats:
      threshold_ms: "[latency]"
      segmentation_ms: "[latency]"
      quad_extraction_ms: "[latency]"
      decoding_ms: "[latency]"
      total_ms: "[latency]"
      num_candidates: 602
      num_detections: 60
    detected_ids:
      - 1
      - 7
      - 8
      - 13
      - 14
      - 15
      - 17
      - 20
      - 21
      - 23
      - 26
      - 27
      - 31
      - 32
      - 33
      - 35
      - 36
      - 37
      - 38
      - 40
      - 44
      - 46
      - 48
      - 50
      - 52
      - 61
      - 69
      - 75
      - 77
      - 78
      - 80
      - 84
      - 85
      - 86
      - 89
      - 96
      - 97
      - 99
      - 100
      - 104
      - 105
      - 108
      - 109
      - 111
      - 121
      - 123
      - 125
      - 126
      - 127
      - 130
      - 135
      - 144
      - 147
      - 148
      - 150
      - 154
      - 155
      - 156
      - 158
      - 159
  0014.png:
    recall: 0.564935064935065
    avg_rmse: 0.3800832643682106
    stats:
      threshold_ms: "[latency]"
      segmentation_ms: "[latency]"
      quad_extraction_ms: "[latency]"
      decoding_ms: "[latency]"
      total_ms: "[latency]"
      num_candidates: 606
      num_detections: 88
    detected_ids:
      - 1
      - 3
      - 4
      - 8
      - 11
      - 12
      - 17
      - 18
      - 21
      - 23
      - 26
      - 27
      - 29
      - 30
      - 32
      - 33
      - 34
      - 35
      - 36
      - 37
      - 40
      - 41
      - 43
      - 47
      - 48
      - 51
      - 52
      - 54
      - 55
      - 56
      - 59
      - 61
      - 63
      - 64
      - 67
      - 69
      - 70
      - 71
      - 73
      - 75
      - 76
      - 77
      - 80
      - 81
      - 83
      - 84
      - 85
      - 87
      - 88
      - 89
      - 93
      - 94
      - 95
      - 96
      - 97
      - 99
      - 100
      - 101
      - 102
      - 104
      - 105
      - 106
      - 107
      - 108
      - 109
      - 110
      - 111
      - 112
      - 113
      - 116
      - 118
      - 120
      - 123
      - 124
      - 125
      - 130
      - 132
      - 133
      - 135
      - 141
      - 142
      - 144
      - 146
      - 148
      - 149
      - 153
      - 156
      - 585
  0015.png:
    recall: 0.7077922077922078
    avg_rmse: 0.41033655179681805
    stats:
      threshold_ms: "[latency]"
      segmentation_ms: "[latency]"
      quad_extraction_ms: "[latency]"
      decoding_ms: "[latency]"
      total_ms: "[latency]"
      num_candidates: 584
      num_detections: 109
    detected_ids:
      - 1
      - 4
      - 5
      - 7
      - 9
      - 12
      - 15
      - 17
      - 23
      - 24
      - 25
      - 26
      - 27
      - 28
      - 29
      - 30
      - 31
      - 32
      - 33
      - 34
      - 35
      - 36
      - 37
      - 38
      - 39
      - 40
      - 41
      - 42
      - 43
      - 44
      - 47
      - 49
      - 51
      - 52
      - 54
      - 55
      - 59
      - 62
      - 64
      - 66
      - 69
      - 70
      - 71
      - 72
      - 73
      - 74
      - 75
      - 76
      - 77
      - 78
      - 80
      - 81
      - 82
      - 83
      - 84
      - 85
      - 86
      - 87
      - 88
      - 89
      - 93
      - 94
      - 95
      - 96
      - 97
      - 98
      - 99
      - 100
      - 101
      - 104
      - 105
      - 106
      - 107
      - 108
      - 109
      - 115
      - 116
      - 117
      - 118
      - 119
      - 120
      - 121
      - 122
      - 123
      - 124
      - 125
      - 127
      - 128
      - 129
      - 130
      - 131
      - 132
      - 133
      - 134
      - 135
      - 136
      - 139
      - 141
      - 143
      - 144
      - 147
      - 148
      - 149
      - 150
      - 152
      - 154
      - 156
      - 157
      - 158
  0016.png:
    recall: 0.7012987012987013
    avg_rmse: 0.4295702653312427
    stats:
      threshold_ms: "[latency]"
      segmentation_ms: "[latency]"
      quad_extraction_ms: "[latency]"
      decoding_ms: "[latency]"
      total_ms: "[latency]"
      num_candidates: 586
      num_detections: 108
    detected_ids:
      - 1
      - 4
      - 5
      - 7
      - 8
      - 23
      - 26
      - 27
      - 28
      - 31
      - 32
      - 36
      - 37
      - 38
      - 42
      - 43
      - 44
      - 46
      - 48
      - 50
      - 51
      - 52
      - 53
      - 54
      - 55
      - 59
      - 60
      - 61
      - 62
      - 63
      - 65
      - 66
      - 69
      - 70
      - 71
      - 72
      - 73
      - 74
      - 75
      - 76
      - 77
      - 81
      - 82
      - 83
      - 84
      - 85
      - 86
      - 87
      - 88
      - 89
      - 90
      - 93
      - 94
      - 95
      - 96
      - 97
      - 98
      - 99
      - 100
      - 105
      - 106
      - 107
      - 108
      - 109
      - 110
      - 111
      - 112
      - 113
      - 115
      - 116
      - 117
      - 118
      - 119
      - 120
      - 121
      - 122
      - 123
      - 124
      - 127
      - 128
      - 129
      - 130
      - 131
      - 132
      - 133
      - 134
      - 135
      - 136
      - 138
      - 139
      - 140
      - 141
      - 142
      - 143
      - 144
      - 145
      - 146
      - 147
      - 148
      - 151
      - 152
      - 153
      - 154
      - 155
      - 156
      - 157
      - 158
      - 159
  0017.png:
    recall: 0.7012987012987013
    avg_rmse: 0.3691571864392879
    stats:
      threshold_ms: "[latency]"
      segmentation_ms: "[latency]"
      quad_extraction_ms: "[latency]"
      decoding_ms: "[latency]"
      total_ms: "[latency]"
      num_candidates: 570
      num_detections: 108
    detected_ids:
      - 0
      - 4
      - 7
      - 17
      - 21
      - 23
      - 24
      - 25
      - 26
      - 27
      - 28
      - 29
      - 30
      - 31
      - 32
      - 33
      - 34
      - 35
      - 36
      - 37
      - 38
      - 39
      - 40
      - 41
      - 42
      - 43
      - 44
      - 46
      - 47
      - 48
      - 49
      - 50
      - 51
      - 52
      - 53
      - 54
      - 55
      - 56
      - 58
      - 59
      - 60
      - 61
      - 62
      - 63
      - 64
      - 65
      - 66
      - 67
      - 72
      - 76
      - 80
      - 81
      - 84
      - 87
      - 89
      - 92
      - 93
      - 94
      - 95
      - 96
      - 97
      - 98
      - 99
      - 101
      - 102
      - 103
      - 104
      - 106
      - 107
      - 108
      - 109
      - 110
      - 111
      - 112
      - 113
      - 115
      - 116
      - 117
      - 118
      - 119
      - 120
      - 121
      - 122
      - 123
      - 124
      - 125
      - 126
      - 127
      - 128
      - 129
      - 130
      - 131
      - 132
      - 133
      - 134
      - 135
      - 136
      - 138
      - 144
      - 147
      - 149
      - 151
      - 153
      - 155
      - 156
      - 157
      - 158
      - 159
  0018.png:
    recall: 0.8506493506493507
    avg_rmse: 0.325769787956943
    stats:
      threshold_ms: "[latency]"
      segmentation_ms: "[latency]"
      quad_extraction_ms: "[latency]"
      decoding_ms: "[latency]"
      total_ms: "[latency]"
      num_candidates: 599
      num_detections: 132
    detected_ids:
      - 0
      - 1
      - 2
      - 3
      - 4
      - 6
      - 7
      - 9
      - 10
      - 11
      - 12
      - 13
      - 14
      - 15
      - 16
      - 18
      - 19
      - 20
      - 21
      - 23
      - 24
      - 25
      - 26
      - 28
      - 29
      - 30
      - 32
      - 33
      - 34
      - 35
      - 36
      - 37
      - 38
      - 39
      - 42
      - 43
      - 46
      - 47
      - 48
      - 49
      - 50
      - 51
      - 52
      - 53
      - 54
      - 55
      - 56
      - 57
      - 58
      - 59
      - 60
      - 61
      - 62
      - 63
      - 64
      - 65
      - 66
      - 67
      - 69
      - 71
      - 72
      - 73
      - 74
      - 75
      - 76
      - 77
      - 78
      - 79
      - 80
      - 81
      - 82
      - 84
      - 85
      - 86
      - 87
      - 88
      - 89
      - 90
      - 92
      - 93
      - 94
      - 97
      - 98
      - 99
      - 101
      - 102
      - 103
      - 104
      - 106
      - 107
      - 108
      - 110
      - 111
      - 112
      - 115
      - 116
      - 117
      - 118
      - 120
      - 121
      - 124
      - 125
      - 126
      - 127
      - 129
      - 130
      - 133
      - 134
      - 135
      - 136
      - 138
      - 139
      - 140
      - 141
      - 142
      - 143
      - 144
      - 145
      - 146
      - 147
      - 148
      - 149
      - 150
      - 151
      - 152
      - 153
      - 154
      - 156
      - 157
      - 158
      - 159
  0019.png:
    recall: 0.7792207792207793
    avg_rmse: 0.3309407514065993
    stats:
      threshold_ms: "[latency]"
      segmentation_ms: "[latency]"
      quad_extraction_ms: "[latency]"
      decoding_ms: "[latency]"
      total_ms: "[latency]"
      num_candidates: 583
      num_detections: 120
    detected_ids:
      - 0
      - 1
      - 2
      - 3
      - 4
      - 5
      - 7
      - 8
      - 9
      - 10
      - 11
      - 12
      - 13
      - 14
      - 15
      - 16
      - 17
      - 18
      - 19
      - 20
      - 21
      - 23
      - 25
      - 26
      - 27
      - 29
      - 30
      - 31
      - 33
      - 35
      - 42
      - 43
      - 46
      - 47
      - 48
      - 49
      - 50
      - 51
      - 52
      - 53
      - 54
      - 55
      - 56
      - 57
      - 58
      - 59
      - 60
      - 61
      - 62
      - 63
      - 64
      - 65
      - 66
      - 67
      - 69
      - 71
      - 74
      - 76
      - 78
      - 79
      - 83
      - 86
      - 87
      - 88
      - 90
      - 92
      - 93
      - 94
      - 95
      - 96
      - 97
      - 98
      - 99
      - 100
      - 101
      - 102
      - 103
      - 104
      - 105
      - 106
      - 107
      - 108
      - 109
      - 111
      - 112
      - 113
      - 115
      - 117
      - 118
      - 119
      - 121
      - 123
      - 125
      - 127
      - 129
      - 130
      - 131
      - 134
      - 138
      - 139
      - 140
      - 141
      - 142
      - 143
      - 144
      - 145
      - 146
      - 147
      - 148
      - 149
      - 150
      - 151
      - 152
      - 153
      - 154
      - 155
      - 156
      - 157
      - 158
      - 159
  0020.png:
    recall: 0.8961038961038961
    avg_rmse: 0.34257382260544145
    stats:
      threshold_ms: "[latency]"
      segmentation_ms: "[latency]"
      quad_extraction_ms: "[latency]"
      decoding_ms: "[latency]"
      total_ms: "[latency]"
      num_candidates: 584
      num_detections: 138
    detected_ids:
      - 0
      - 1
      - 2
      - 3
      - 4
      - 5
      - 6
      - 7
      - 8
      - 9
      - 10
      - 11
      - 12
      - 13
      - 14
      - 15
      - 16
      - 17
      - 18
      - 19
      - 20
      - 21
      - 23
      - 25
      - 26
      - 27
      - 28
      - 29
      - 30
      - 31
      - 32
      - 34
      - 35
      - 36
      - 37
      - 38
      - 39
      - 40
      - 41
      - 42
      - 43
      - 44
      - 46
      - 48
      - 49
      - 51
      - 52
      - 53
      - 54
      - 55
      - 57
      - 60
      - 61
      - 62
      - 64
      - 66
      - 69
      - 71
      - 72
      - 73
      - 74
      - 75
      - 76
      - 77
      - 78
      - 79
      - 80
      - 81
      - 82
      - 83
      - 84
      - 85
      - 86
      - 87
      - 88
      - 89
      - 90
      - 92
      - 93
      - 94
      - 95
      - 96
      - 97
      - 98
      - 99
      - 100
      - 101
      - 102
      - 103
      - 104
      - 105
      - 106
      - 107
      - 108
      - 109
      - 110
      - 111
      - 112
      - 113
      - 115
      - 117
      - 118
      - 120
      - 121
      - 122
      - 123
      - 124
      - 125
      - 126
      - 127
      - 128
      - 129
      - 130
      - 131
      - 132
      - 133
      - 134
      - 136
      - 138
      - 139
      - 141
      - 142
      - 143
      - 144
      - 145
      - 146
      - 147
      - 148
      - 149
      - 150
      - 151
      - 152
      - 153
      - 155
      - 156
      - 157
      - 158
      - 159
  0021.png:
    recall: 0.987012987012987
    avg_rmse: 0.37216230487514573
    stats:
      threshold_ms: "[latency]"
      segmentation_ms: "[latency]"
      quad_extraction_ms: "[latency]"
      decoding_ms: "[latency]"
      total_ms: "[latency]"
      num_candidates: 571
      num_detections: 152
    detected_ids:
      - 0
      - 1
      - 2
      - 3
      - 4
      - 5
      - 6
      - 7
      - 8
      - 9
      - 10
      - 11
      - 12
      - 13
      - 14
      - 15
      - 16
      - 17
      - 18
      - 19
      - 20
      - 21
      - 23
      - 24
      - 25
      - 26
      - 27
      - 28
      - 29
      - 30
      - 31
      - 32
      - 33
      - 34
      - 35
      - 36
      - 37
      - 38
      - 39
      - 40
      - 41
      - 42
      - 43
      - 44
      - 46
      - 47
      - 48
      - 49
      - 50
      - 51
      - 52
      - 53
      - 54
      - 55
      - 57
      - 59
      - 60
      - 61
      - 62
      - 63
      - 64
      - 65
      - 66
      - 67
      - 69
      - 70
      - 71
      - 72
      - 73
      - 74
      - 75
      - 76
      - 77
      - 78
      - 79
      - 80
      - 81
      - 82
      - 83
      - 84
      - 85
      - 86
      - 87
      - 88
      - 89
      - 90
      - 92
      - 93
      - 94
      - 95
      - 96
      - 97
      - 98
      - 99
      - 100
      - 101
      - 102
      - 103
      - 104
      - 105
      - 106
      - 107
      - 108
      - 109
      - 110
      - 111
      - 112
      - 113
      - 115
      - 116
      - 117
      - 118
      - 119
      - 120
      - 121
      - 122
      - 123
      - 124
      - 125
      - 126
      - 127
      - 128
      - 129
      - 130
      - 131
      - 132
      - 133
      - 134
      - 135
      - 136
      - 138
      - 139
      - 140
      - 141
      - 142
      - 143
      - 144
      - 145
      - 146
      - 147
      - 148
      - 149
      - 150
      - 151
      - 152
      - 153
      - 154
      - 155
      - 156
      - 157
      - 158
      - 159
  0022.png:
    recall: 0.9805194805194806
    avg_rmse: 0.38214575497049474
    stats:
      threshold_ms: "[latency]"
      segmentation_ms: "[latency]"
      quad_extraction_ms: "[latency]"
      decoding_ms: "[latency]"
      total_ms: "[latency]"
      num_candidates: 586
      num_detections: 151
    detected_ids:
      - 0
      - 1
      - 2
      - 3
      - 4
      - 5
      - 6
      - 7
      - 8
      - 9
      - 10
      - 11
      - 12
      - 13
      - 14
      - 15
      - 16
      - 17
      - 18
      - 19
      - 20
      - 21
      - 23
      - 24
      - 25
      - 26
      - 27
      - 28
      - 29
      - 30
      - 31
      - 32
      - 33
      - 34
      - 35
      - 36
      - 37
      - 38
      - 39
      - 40
      - 41
      - 42
      - 43
      - 44
      - 46
      - 47
      - 48
      - 49
      - 50
      - 51
      - 52
      - 53
      - 54
      - 55
      - 56
      - 57
      - 58
      - 59
      - 60
      - 61
      - 62
      - 63
      - 64
      - 65
      - 66
      - 67
      - 70
      - 71
      - 72
      - 73
      - 74
      - 75
      - 76
      - 77
      - 78
      - 79
      - 80
      - 81
      - 82
      - 83
      - 84
      - 85
      - 86
      - 87
      - 88
      - 89
      - 90
      - 92
      - 93
      - 94
      - 95
      - 96
      - 97
      - 98
      - 99
      - 100
      - 101
      - 102
      - 103
      - 104
      - 105
      - 106
      - 107
      - 108
      - 109
      - 110
      - 111
      - 112
      - 113
      - 115
      - 116
      - 117
      - 118
      - 119
      - 120
      - 121
      - 122
      - 123
      - 124
      - 125
      - 126
      - 127
      - 128
      - 129
      - 130
      - 132
      - 133
      - 134
      - 135
      - 136
      - 138
      - 139
      - 140
      - 141
      - 142
      - 143
      - 144
      - 145
      - 146
      - 148
      - 149
      - 150
      - 151
      - 152
      - 153
      - 154
      - 155
      - 156
      - 157
      - 158
      - 159
  0023.png:
    recall: 0.987012987012987
    avg_rmse: 0.30731122679579437
    stats:
      threshold_ms: "[latency]"
      segmentation_ms: "[latency]"
      quad_extraction_ms: "[latency]"
      decoding_ms: "[latency]"
      total_ms: "[latency]"
      num_candidates: 624
      num_detections: 153
    detected_ids:
      - 0
      - 1
      - 2
      - 3
      - 4
      - 5
      - 6
      - 7
      - 8
      - 9
      - 10
      - 11
      - 12
      - 13
      - 14
      - 15
      - 16
      - 17
      - 18
      - 19
      - 20
      - 21
      - 23
      - 24
      - 25
      - 26
      - 27
      - 28
      - 29
      - 30
      - 31
      - 32
      - 33
      - 34
      - 35
      - 36
      - 37
      - 38
      - 39
      - 40
      - 41
      - 42
      - 43
      - 44
      - 46
      - 47
      - 48
      - 49
      - 50
      - 51
      - 52
      - 53
      - 54
      - 55
      - 56
      - 57
      - 58
      - 59
      - 60
      - 61
      - 62
      - 63
      - 64
      - 65
      - 66
      - 67
      - 69
      - 70
      - 71
      - 72
      - 73
      - 74
      - 75
      - 76
      - 77
      - 78
      - 80
      - 81
      - 82
      - 83
      - 84
      - 85
      - 86
      - 87
      - 88
      - 89
      - 90
      - 92
      - 93
      - 94
      - 95
      - 96
      - 97
      - 98
      - 99
      - 100
      - 101
      - 102
      - 103
      - 104
      - 105
      - 106
      - 107
      - 108
      - 109
      - 110
      - 111
      - 112
      - 113
      - 115
      - 116
      - 118
      - 119
      - 120
      - 121
      - 122
      - 123
      - 124
      - 125
      - 126
      - 127
      - 128
      - 129
      - 130
      - 131
      - 132
      - 133
      - 134
      - 135
      - 136
      - 138
      - 139
      - 140
      - 141
      - 142
      - 143
      - 144
      - 145
      - 146
      - 147
      - 148
      - 149
      - 150
      - 151
      - 152
      - 153
      - 154
      - 155
      - 156
      - 157
      - 158
      - 159
      - 554
  0024.png:
    recall: 1
    avg_rmse: 0.320022940522743
    stats:
      threshold_ms: "[latency]"
      segmentation_ms: "[latency]"
      quad_extraction_ms: "[latency]"
      decoding_ms: "[latency]"
      total_ms: "[latency]"
      num_candidates: 589
      num_detections: 154
    detected_ids:
      - 0
      - 1
      - 2
      - 3
      - 4
      - 5
      - 6
      - 7
      - 8
      - 9
      - 10
      - 11
      - 12
      - 13
      - 14
      - 15
      - 16
      - 17
      - 18
      - 19
      - 20
      - 21
      - 23
      - 24
      - 25
      - 26
      - 27
      - 28
      - 29
      - 30
      - 31
      - 32
      - 33
      - 34
      - 35
      - 36
      - 37
      - 38
      - 39
      - 40
      - 41
      - 42
      - 43
      - 44
      - 46
      - 47
      - 48
      - 49
      - 50
      - 51
      - 52
      - 53
      - 54
      - 55
      - 56
      - 57
      - 58
      - 59
      - 60
      - 61
      - 62
      - 63
      - 64
      - 65
      - 66
      - 67
      - 69
      - 70
      - 71
      - 72
      - 73
      - 74
      - 75
      - 76
      - 77
      - 78
      - 79
      - 80
      - 81
      - 82
      - 83
      - 84
      - 85
      - 86
      - 87
      - 88
      - 89
      - 90
      - 92
      - 93
      - 94
      - 95
      - 96
      - 97
      - 98
      - 99
      - 100
      - 101
      - 102
      - 103
      - 104
      - 105
      - 106
      - 107
      - 108
      - 109
      - 110
      - 111
      - 112
      - 113
      - 115
      - 116
      - 117
      - 118
      - 119
      - 120
      - 121
      - 122
      - 123
      - 124
      - 125
      - 126
      - 127
      - 128
      - 129
      - 130
      - 131
      - 132
      - 133
      - 134
      - 135
      - 136
      - 138
      - 139
      - 140
      - 141
      - 142
      - 143
      - 144
      - 145
      - 146
      - 147
      - 148
      - 149
      - 150
      - 151
      - 152
      - 153
      - 154
      - 155
      - 156
      - 157
      - 158
      - 159
  0025.png:
    recall: 1
    avg_rmse: 0.30140735775741767
    stats:
      threshold_ms: "[latency]"
      segmentation_ms: "[latency]"
      quad_extraction_ms: "[latency]"
      decoding_ms: "[latency]"
      total_ms: "[latency]"
      num_candidates: 583
      num_detections: 156
    detected_ids:
      - 0
      - 1
      - 2
      - 3
      - 4
      - 5
      - 6
      - 7
      - 8
      - 9
      - 10
      - 11
      - 12
      - 13
      - 14
      - 15
      - 16
      - 17
      - 18
      - 19
      - 20
      - 21
      - 23
      - 24
      - 25
      - 26
      - 27
      - 28
      - 29
      - 30
      - 31
      - 32
      - 33
      - 34
      - 35
      - 36
      - 37
      - 38
      - 39
      - 40
      - 41
      - 42
      - 43
      - 44
      - 46
      - 47
      - 48
      - 49
      - 50
      - 51
      - 52
      - 53
      - 54
      - 55
      - 56
      - 57
      - 58
      - 59
      - 60
      - 61
      - 62
      - 63
      - 64
      - 65
      - 66
      - 67
      - 69
      - 70
      - 71
      - 72
      - 73
      - 74
      - 75
      - 76
      - 77
      - 78
      - 79
      - 80
      - 81
      - 82
      - 83
      - 84
      - 85
      - 86
      - 87
      - 88
      - 89
      - 90
      - 92
      - 93
      - 94
      - 95
      - 96
      - 97
      - 98
      - 99
      - 100
      - 101
      - 102
      - 103
      - 104
      - 105
      - 106
      - 107
      - 108
      - 109
      - 110
      - 111
      - 112
      - 113
      - 115
      - 116
      - 117
      - 118
      - 119
      - 120
      - 121
      - 122
      - 123
      - 124
      - 125
      - 126
      - 127
      - 128
      - 129
      - 130
      - 131
      - 132
      - 133
      - 134
      - 135
      - 136
      - 138
      - 139
      - 140
      - 141
      - 142
      - 143
      - 144
      - 145
      - 146
      - 147
      - 148
      - 149
      - 150
      - 151
      - 152
      - 153
      - 154
      - 155
      - 156
      - 157
      - 158
      - 159
      - 385
      - 554
  0026.png:
    recall: 1
    avg_rmse: 0.36638739054015607
    stats:
      threshold_ms: "[latency]"
      segmentation_ms: "[latency]"
      quad_extraction_ms: "[latency]"
      decoding_ms: "[latency]"
      total_ms: "[latency]"
      num_candidates: 572
      num_detections: 154
    detected_ids:
      - 0
      - 1
      - 2
      - 3
      - 4
      - 5
      - 6
      - 7
      - 8
      - 9
      - 10
      - 11
      - 12
      - 13
      - 14
      - 15
      - 16
      - 17
      - 18
      - 19
      - 20
      - 21
      - 23
      - 24
      - 25
      - 26
      - 27
      - 28
      - 29
      - 30
      - 31
      - 32
      - 33
      - 34
      - 35
      - 36
      - 37
      - 38
      - 39
      - 40
      - 41
      - 42
      - 43
      - 44
      - 46
      - 47
      - 48
      - 49
      - 50
      - 51
      - 52
      - 53
      - 54
      - 55
      - 56
      - 57
      - 58
      - 59
      - 60
      - 61
      - 62
      - 63
      - 64
      - 65
      - 66
      - 67
      - 69
      - 70
      - 71
      - 72
      - 73
      - 74
      - 75
      - 76
      - 77
      - 78
      - 79
      - 80
      - 81
      - 82
      - 83
      - 84
      - 85
      - 86
      - 87
      - 88
      - 89
      - 90
      - 92
      - 93
      - 94
      - 95
      - 96
      - 97
      - 98
      - 99
      - 100
      - 101
      - 102
      - 103
      - 104
      - 105
      - 106
      - 107
      - 108
      - 109
      - 110
      - 111
      - 112
      - 113
      - 115
      - 116
      - 117
      - 118
      - 119
      - 120
      - 121
      - 122
      - 123
      - 124
      - 125
      - 126
      - 127
      - 128
      - 129
      - 130
      - 131
      - 132
      - 133
      - 134
      - 135
      - 136
      - 138
      - 139
      - 140
      - 141
      - 142
      - 143
      - 144
      - 145
      - 146
      - 147
      - 148
      - 149
      - 150
      - 151
      - 152
      - 153
      - 154
      - 155
      - 156
      - 157
      - 158
      - 159
  0027.png:
    recall: 1
    avg_rmse: 0.3084171131596362
    stats:
      threshold_ms: "[latency]"
      segmentation_ms: "[latency]"
      quad_extraction_ms: "[latency]"
      decoding_ms: "[latency]"
      total_ms: "[latency]"
      num_candidates: 618
      num_detections: 154
    detected_ids:
      - 0
      - 1
      - 2
      - 3
      - 4
      - 5
      - 6
      - 7
      - 8
      - 9
      - 10
      - 11
      - 12
      - 13
      - 14
      - 15
      - 16
      - 17
      - 18
      - 19
      - 20
      - 21
      - 23
      - 24
      - 25
      - 26
      - 27
      - 28
      - 29
      - 30
      - 31
      - 32
      - 33
      - 34
      - 35
      - 36
      - 37
      - 38
      - 39
      - 40
      - 41
      - 42
      - 43
      - 44
      - 46
      - 47
      - 48
      - 49
      - 50
      - 51
      - 52
      - 53
      - 54
      - 55
      - 56
      - 57
      - 58
      - 59
      - 60
      - 61
      - 62
      - 63
      - 64
      - 65
      - 66
      - 67
      - 69
      - 70
      - 71
      - 72
      - 73
      - 74
      - 75
      - 76
      - 77
      - 78
      - 79
      - 80
      - 81
      - 82
      - 83
      - 84
      - 85
      - 86
      - 87
      - 88
      - 89
      - 90
      - 92
      - 93
      - 94
      - 95
      - 96
      - 97
      - 98
      - 99
      - 100
      - 101
      - 102
      - 103
      - 104
      - 105
      - 106
      - 107
      - 108
      - 109
      - 110
      - 111
      - 112
      - 113
      - 115
      - 116
      - 117
      - 118
      - 119
      - 120
      - 121
      - 122
      - 123
      - 124
      - 125
      - 126
      - 127
      - 128
      - 129
      - 130
      - 131
      - 132
      - 133
      - 134
      - 135
      - 136
      - 138
      - 139
      - 140
      - 141
      - 142
      - 143
      - 144
      - 145
      - 146
      - 147
      - 148
      - 149
      - 150
      - 151
      - 152
      - 153
      - 154
      - 155
      - 156
      - 157
      - 158
      - 159
  0028.png:
    recall: 1
    avg_rmse: 0.33474689074293984
    stats:
      threshold_ms: "[latency]"
      segmentation_ms: "[latency]"
      quad_extraction_ms: "[latency]"
      decoding_ms: "[latency]"
      total_ms: "[latency]"
      num_candidates: 589
      num_detections: 154
    detected_ids:
      - 0
      - 1
      - 2
      - 3
      - 4
      - 5
      - 6
      - 7
      - 8
      - 9
      - 10
      - 11
      - 12
      - 13
      - 14
      - 15
      - 16
      - 17
      - 18
      - 19
      - 20
      - 21
      - 23
      - 24
      - 25
      - 26
      - 27
      - 28
      - 29
      - 30
      - 31
      - 32
      - 33
      - 34
      - 35
      - 36
      - 37
      - 38
      - 39
      - 40
      - 41
      - 42
      - 43
      - 44
      - 46
      - 47
      - 48
      - 49
      - 50
      - 51
      - 52
      - 53
      - 54
      - 55
      - 56
      - 57
      - 58
      - 59
      - 60
      - 61
      - 62
      - 63
      - 64
      - 65
      - 66
      - 67
      - 69
      - 70
      - 71
      - 72
      - 73
      - 74
      - 75
      - 76
      - 77
      - 78
      - 79
      - 80
      - 81
      - 82
      - 83
      - 84
      - 85
      - 86
      - 87
      - 88
      - 89
      - 90
      - 92
      - 93
      - 94
      - 95
      - 96
      - 97
      - 98
      - 99
      - 100
      - 101
      - 102
      - 103
      - 104
      - 105
      - 106
      - 107
      - 108
      - 109
      - 110
      - 111
      - 112
      - 113
      - 115
      - 116
      - 117
      - 118
      - 119
      - 120
      - 121
      - 122
      - 123
      - 124
      - 125
      - 126
      - 127
      - 128
      - 129
      - 130
      - 131
      - 132
      - 133
      - 134
      - 135
      - 136
      - 138
      - 139
      - 140
      - 141
      - 142
      - 143
      - 144
      - 145
      - 146
      - 147
      - 148
      - 149
      - 150
      - 151
      - 152
      - 153
      - 154
      - 155
      - 156
      - 157
      - 158
      - 159
  0029.png:
    recall: 1
    avg_rmse: 0.31576700829532034
    stats:
      threshold_ms: "[latency]"
      segmentation_ms: "[latency]"
      quad_extraction_ms: "[latency]"
      decoding_ms: "[latency]"
      total_ms: "[latency]"
      num_candidates: 558
      num_detections: 154
    detected_ids:
      - 0
      - 1
      - 2
      - 3
      - 4
      - 5
      - 6
      - 7
      - 8
      - 9
      - 10
      - 11
      - 12
      - 13
      - 14
      - 15
      - 16
      - 17
      - 18
      - 19
      - 20
      - 21
      - 23
      - 24
      - 25
      - 26
      - 27
      - 28
      - 29
      - 30
      - 31
      - 32
      - 33
      - 34
      - 35
      - 36
      - 37
      - 38
      - 39
      - 40
      - 41
      - 42
      - 43
      - 44
      - 46
      - 47
      - 48
      - 49
      - 50
      - 51
      - 52
      - 53
      - 54
      - 55
      - 56
      - 57
      - 58
      - 59
      - 60
      - 61
      - 62
      - 63
      - 64
      - 65
      - 66
      - 67
      - 69
      - 70
      - 71
      - 72
      - 73
      - 74
      - 75
      - 76
      - 77
      - 78
      - 79
      - 80
      - 81
      - 82
      - 83
      - 84
      - 85
      - 86
      - 87
      - 88
      - 89
      - 90
      - 92
      - 93
      - 94
      - 95
      - 96
      - 97
      - 98
      - 99
      - 100
      - 101
      - 102
      - 103
      - 104
      - 105
      - 106
      - 107
      - 108
      - 109
      - 110
      - 111
      - 112
      - 113
      - 115
      - 116
      - 117
      - 118
      - 119
      - 120
      - 121
      - 122
      - 123
      - 124
      - 125
      - 126
      - 127
      - 128
      - 129
      - 130
      - 131
      - 132
      - 133
      - 134
      - 135
      - 136
      - 138
      - 139
      - 140
      - 141
      - 142
      - 143
      - 144
      - 145
      - 146
      - 147
      - 148
      - 149
      - 150
      - 151
      - 152
      - 153
      - 154
      - 155
      - 156
      - 157
      - 158
      - 159
  0030.png:
    recall: 1
    avg_rmse: 0.28405923856754833
    stats:
      threshold_ms: "[latency]"
      segmentation_ms: "[latency]"
      quad_extraction_ms: "[latency]"
      decoding_ms: "[latency]"
      total_ms: "[latency]"
      num_candidates: 549
      num_detections: 154
    detected_ids:
      - 0
      - 1
      - 2
      - 3
      - 4
      - 5
      - 6
      - 7
      - 8
      - 9
      - 10
      - 11
      - 12
      - 13
      - 14
      - 15
      - 16
      - 17
      - 18
      - 19
      - 20
      - 21
      - 23
      - 24
      - 25
      - 26
      - 27
      - 28
      - 29
      - 30
      - 31
      - 32
      - 33
      - 34
      - 35
      - 36
      - 37
      - 38
      - 39
      - 40
      - 41
      - 42
      - 43
      - 44
      - 46
      - 47
      - 48
      - 49
      - 50
      - 51
      - 52
      - 53
      - 54
      - 55
      - 56
      - 57
      - 58
      - 59
      - 60
      - 61
      - 62
      - 63
      - 64
      - 65
      - 66
      - 67
      - 69
      - 70
      - 71
      - 72
      - 73
      - 74
      - 75
      - 76
      - 77
      - 78
      - 79
      - 80
      - 81
      - 82
      - 83
      - 84
      - 85
      - 86
      - 87
      - 88
      - 89
      - 90
      - 92
      - 93
      - 94
      - 95
      - 96
      - 97
      - 98
      - 99
      - 100
      - 101
      - 102
      - 103
      - 104
      - 105
      - 106
      - 107
      - 108
      - 109
      - 110
      - 111
      - 112
      - 113
      - 115
      - 116
      - 117
      - 118
      - 119
      - 120
      - 121
      - 122
      - 123
      - 124
      - 125
      - 126
      - 127
      - 128
      - 129
      - 130
      - 131
      - 132
      - 133
      - 134
      - 135
      - 136
      - 138
      - 139
      - 140
      - 141
      - 142
      - 143
      - 144
      - 145
      - 146
      - 147
      - 148
      - 149
      - 150
      - 151
      - 152
      - 153
      - 154
      - 155
      - 156
      - 157
      - 158
      - 159
  0031.png:
    recall: 1
    avg_rmse: 0.27717170070729086
    stats:
      threshold_ms: "[latency]"
      segmentation_ms: "[latency]"
      quad_extraction_ms: "[latency]"
      decoding_ms: "[latency]"
      total_ms: "[latency]"
      num_candidates: 573
      num_detections: 154
    detected_ids:
      - 0
      - 1
      - 2
      - 3
      - 4
      - 5
      - 6
      - 7
      - 8
      - 9
      - 10
      - 11
      - 12
      - 13
      - 14
      - 15
      - 16
      - 17
      - 18
      - 19
      - 20
      - 21
      - 23
      - 24
      - 25
      - 26
      - 27
      - 28
      - 29
      - 30
      - 31
      - 32
      - 33
      - 34
      - 35
      - 36
      - 37
      - 38
      - 39
      - 40
      - 41
      - 42
      - 43
      - 44
      - 46
      - 47
      - 48
      - 49
      - 50
      - 51
      - 52
      - 53
      - 54
      - 55
      - 56
      - 57
      - 58
      - 59
      - 60
      - 61
      - 62
      - 63
      - 64
      - 65
      - 66
      - 67
      - 69
      - 70
      - 71
      - 72
      - 73
      - 74
      - 75
      - 76
      - 77
      - 78
      - 79
      - 80
      - 81
      - 82
      - 83
      - 84
      - 85
      - 86
      - 87
      - 88
      - 89
      - 90
      - 92
      - 93
      - 94
      - 95
      - 96
      - 97
      - 98
      - 99
      - 100
      - 101
      - 102
      - 103
      - 104
      - 105
      - 106
      - 107
      - 108
      - 109
      - 110
      - 111
      - 112
      - 113
      - 115
      - 116
      - 117
      - 118
      - 119
      - 120
      - 121
      - 122
      - 123
      - 124
      - 125
      - 126
      - 127
      - 128
      - 129
      - 130
      - 131
      - 132
      - 133
      - 134
      - 135
      - 136
      - 138
      - 139
      - 140
      - 141
      - 142
      - 143
      - 144
      - 145
      - 146
      - 147
      - 148
      - 149
      - 150
      - 151
      - 152
      - 153
      - 154
      - 155
      - 156
      - 157
      - 158
      - 159
  0032.png:
    recall: 1
    avg_rmse: 0.32991409121367254
    stats:
      threshold_ms: "[latency]"
      segmentation_ms: "[latency]"
      quad_extraction_ms: "[latency]"
      decoding_ms: "[latency]"
      total_ms: "[latency]"
      num_candidates: 609
      num_detections: 154
    detected_ids:
      - 0
      - 1
      - 2
      - 3
      - 4
      - 5
      - 6
      - 7
      - 8
      - 9
      - 10
      - 11
      - 12
      - 13
      - 14
      - 15
      - 16
      - 17
      - 18
      - 19
      - 20
      - 21
      - 23
      - 24
      - 25
      - 26
      - 27
      - 28
      - 29
      - 30
      - 31
      - 32
      - 33
      - 34
      - 35
      - 36
      - 37
      - 38
      - 39
      - 40
      - 41
      - 42
      - 43
      - 44
      - 46
      - 47
      - 48
      - 49
      - 50
      - 51
      - 52
      - 53
      - 54
      - 55
      - 56
      - 57
      - 58
      - 59
      - 60
      - 61
      - 62
      - 63
      - 64
      - 65
      - 66
      - 67
      - 69
      - 70
      - 71
      - 72
      - 73
      - 74
      - 75
      - 76
      - 77
      - 78
      - 79
      - 80
      - 81
      - 82
      - 83
      - 84
      - 85
      - 86
      - 87
      - 88
      - 89
      - 90
      - 92
      - 93
      - 94
      - 95
      - 96
      - 97
      - 98
      - 99
      - 100
      - 101
      - 102
      - 103
      - 104
      - 105
      - 106
      - 107
      - 108
      - 109
      - 110
      - 111
      - 112
      - 113
      - 115
      - 116
      - 117
      - 118
      - 119
      - 120
      - 121
      - 122
      - 123
      - 124
      - 125
      - 126
      - 127
      - 128
      - 129
      - 130
      - 131
      - 132
      - 133
      - 134
      - 135
      - 136
      - 138
      - 139
      - 140
      - 141
      - 142
      - 143
      - 144
      - 145
      - 146
      - 147
      - 148
      - 149
      - 150
      - 151
      - 152
      - 153
      - 154
      - 155
      - 156
      - 157
      - 158
      - 159
  0033.png:
    recall: 1
    avg_rmse: 0.2702345888112356
    stats:
      threshold_ms: "[latency]"
      segmentation_ms: "[latency]"
      quad_extraction_ms: "[latency]"
      decoding_ms: "[latency]"
      total_ms: "[latency]"
      num_candidates: 560
      num_detections: 155
    detected_ids:
      - 0
      - 1
      - 2
      - 3
      - 4
      - 5
      - 6
      - 7
      - 8
      - 9
      - 10
      - 11
      - 12
      - 13
      - 14
      - 15
      - 16
      - 17
      - 18
      - 19
      - 20
      - 21
      - 23
      - 24
      - 25
      - 26
      - 27
      - 28
      - 29
      - 30
      - 31
      - 32
      - 33
      - 34
      - 35
      - 36
      - 37
      - 38
      - 39
      - 40
      - 41
      - 42
      - 43
      - 44
      - 46
      - 47
      - 48
      - 49
      - 50
      - 51
      - 52
      - 53
      - 54
      - 55
      - 56
      - 57
      - 58
      - 59
      - 60
      - 61
      - 62
      - 63
      - 64
      - 65
      - 66
      - 67
      - 69
      - 70
      - 71
      - 72
      - 73
      - 74
      - 75
      - 76
      - 77
      - 78
      - 79
      - 80
      - 81
      - 82
      - 83
      - 84
      - 85
      - 86
      - 87
      - 88
      - 89
      - 90
      - 92
      - 93
      - 94
      - 95
      - 96
      - 97
      - 98
      - 99
      - 100
      - 101
      - 102
      - 103
      - 104
      - 105
      - 106
      - 107
      - 108
      - 109
      - 110
      - 111
      - 112
      - 113
      - 115
      - 116
      - 117
      - 118
      - 119
      - 120
      - 121
      - 122
      - 123
      - 124
      - 125
      - 126
      - 127
      - 128
      - 129
      - 130
      - 131
      - 132
      - 133
      - 134
      - 135
      - 136
      - 138
      - 139
      - 140
      - 141
      - 142
      - 143
      - 144
      - 145
      - 146
      - 147
      - 148
      - 149
      - 150
      - 151
      - 152
      - 153
      - 154
      - 155
      - 156
      - 157
      - 158
      - 159
  0034.png:
    recall: 1
    avg_rmse: 0.23891577891472687
    stats:
      threshold_ms: "[latency]"
      segmentation_ms: "[latency]"
      quad_extraction_ms: "[latency]"
      decoding_ms: "[latency]"
      total_ms: "[latency]"
      num_candidates: 592
      num_detections: 154
    detected_ids:
      - 0
      - 1
      - 2
      - 3
      - 4
      - 5
      - 6
      - 7
      - 8
      - 9
      - 10
      - 11
      - 12
      - 13
      - 14
      - 15
      - 16
      - 17
      - 18
      - 19
      - 20
      - 21
      - 23
      - 24
      - 25
      - 26
      - 27
      - 28
      - 29
      - 30
      - 31
      - 32
      - 33
      - 34
      - 35
      - 36
      - 37
      - 38
      - 39
      - 40
      - 41
      - 42
      - 43
      - 44
      - 46
      - 47
      - 48
      - 49
      - 50
      - 51
      - 52
      - 53
      - 54
      - 55
      - 56
      - 57
      - 58
      - 59
      - 60
      - 61
      - 62
      - 63
      - 64
      - 65
      - 66
      - 67
      - 69
      - 70
      - 71
      - 72
      - 73
      - 74
      - 75
      - 76
      - 77
      - 78
      - 79
      - 80
      - 81
      - 82
      - 83
      - 84
      - 85
      - 86
      - 87
      - 88
      - 89
      - 90
      - 92
      - 93
      - 94
      - 95
      - 96
      - 97
      - 98
      - 99
      - 100
      - 101
      - 102
      - 103
      - 104
      - 105
      - 106
      - 107
      - 108
      - 109
      - 110
      - 111
      - 112
      - 113
      - 115
      - 116
      - 117
      - 118
      - 119
      - 120
      - 121
      - 122
      - 123
      - 124
      - 125
      - 126
      - 127
      - 128
      - 129
      - 130
      - 131
      - 132
      - 133
      - 134
      - 135
      - 136
      - 138
      - 139
      - 140
      - 141
      - 142
      - 143
      - 144
      - 145
      - 146
      - 147
      - 148
      - 149
      - 150
      - 151
      - 152
      - 153
      - 154
      - 155
      - 156
      - 157
      - 158
      - 159
  0035.png:
    recall: 1
    avg_rmse: 0.2390357965553136
    stats:
      threshold_ms: "[latency]"
      segmentation_ms: "[latency]"
      quad_extraction_ms: "[latency]"
      decoding_ms: "[latency]"
      total_ms: "[latency]"
      num_candidates: 573
      num_detections: 154
    detected_ids:
      - 0
      - 1
      - 2
      - 3
      - 4
      - 5
      - 6
      - 7
      - 8
      - 9
      - 10
      - 11
      - 12
      - 13
      - 14
      - 15
      - 16
      - 17
      - 18
      - 19
      - 20
      - 21
      - 23
      - 24
      - 25
      - 26
      - 27
      - 28
      - 29
      - 30
      - 31
      - 32
      - 33
      - 34
      - 35
      - 36
      - 37
      - 38
      - 39
      - 40
      - 41
      - 42
      - 43
      - 44
      - 46
      - 47
      - 48
      - 49
      - 50
      - 51
      - 52
      - 53
      - 54
      - 55
      - 56
      - 57
      - 58
      - 59
      - 60
      - 61
      - 62
      - 63
      - 64
      - 65
      - 66
      - 67
      - 69
      - 70
      - 71
      - 72
      - 73
      - 74
      - 75
      - 76
      - 77
      - 78
      - 79
      - 80
      - 81
      - 82
      - 83
      - 84
      - 85
      - 86
      - 87
      - 88
      - 89
      - 90
      - 92
      - 93
      - 94
      - 95
      - 96
      - 97
      - 98
      - 99
      - 100
      - 101
      - 102
      - 103
      - 104
      - 105
      - 106
      - 107
      - 108
      - 109
      - 110
      - 111
      - 112
      - 113
      - 115
      - 116
      - 117
      - 118
      - 119
      - 120
      - 121
      - 122
      - 123
      - 124
      - 125
      - 126
      - 127
      - 128
      - 129
      - 130
      - 131
      - 132
      - 133
      - 134
      - 135
      - 136
      - 138
      - 139
      - 140
      - 141
      - 142
      - 143
      - 144
      - 145
      - 146
      - 147
      - 148
      - 149
      - 150
      - 151
      - 152
      - 153
      - 154
      - 155
      - 156
      - 157
      - 158
      - 159
  0036.png:
    recall: 1
    avg_rmse: 0.202933068943493
    stats:
      threshold_ms: "[latency]"
      segmentation_ms: "[latency]"
      quad_extraction_ms: "[latency]"
      decoding_ms: "[latency]"
      total_ms: "[latency]"
      num_candidates: 597
      num_detections: 154
    detected_ids:
      - 0
      - 1
      - 2
      - 3
      - 4
      - 5
      - 6
      - 7
      - 8
      - 9
      - 10
      - 11
      - 12
      - 13
      - 14
      - 15
      - 16
      - 17
      - 18
      - 19
      - 20
      - 21
      - 23
      - 24
      - 25
      - 26
      - 27
      - 28
      - 29
      - 30
      - 31
      - 32
      - 33
      - 34
      - 35
      - 36
      - 37
      - 38
      - 39
      - 40
      - 41
      - 42
      - 43
      - 44
      - 46
      - 47
      - 48
      - 49
      - 50
      - 51
      - 52
      - 53
      - 54
      - 55
      - 56
      - 57
      - 58
      - 59
      - 60
      - 61
      - 62
      - 63
      - 64
      - 65
      - 66
      - 67
      - 69
      - 70
      - 71
      - 72
      - 73
      - 74
      - 75
      - 76
      - 77
      - 78
      - 79
      - 80
      - 81
      - 82
      - 83
      - 84
      - 85
      - 86
      - 87
      - 88
      - 89
      - 90
      - 92
      - 93
      - 94
      - 95
      - 96
      - 97
      - 98
      - 99
      - 100
      - 101
      - 102
      - 103
      - 104
      - 105
      - 106
      - 107
      - 108
      - 109
      - 110
      - 111
      - 112
      - 113
      - 115
      - 116
      - 117
      - 118
      - 119
      - 120
      - 121
      - 122
      - 123
      - 124
      - 125
      - 126
      - 127
      - 128
      - 129
      - 130
      - 131
      - 132
      - 133
      - 134
      - 135
      - 136
      - 138
      - 139
      - 140
      - 141
      - 142
      - 143
      - 144
      - 145
      - 146
      - 147
      - 148
      - 149
      - 150
      - 151
      - 152
      - 153
      - 154
      - 155
      - 156
      - 157
      - 158
      - 159
  0037.png:
    recall: 1
    avg_rmse: 0.1826308275119062
    stats:
      threshold_ms: "[latency]"
      segmentation_ms: "[latency]"
      quad_extraction_ms: "[latency]"
      decoding_ms: "[latency]"
      total_ms: "[latency]"
      num_candidates: 569
      num_detections: 154
    detected_ids:
      - 0
      - 1
      - 2
      - 3
      - 4
      - 5
      - 6
      - 7
      - 8
      - 9
      - 10
      - 11
      - 12
      - 13
      - 14
      - 15
      - 16
      - 17
      - 18
      - 19
      - 20
      - 21
      - 23
      - 24
      - 25
      - 26
      - 27
      - 28
      - 29
      - 30
      - 31
      - 32
      - 33
      - 34
      - 35
      - 36
      - 37
      - 38
      - 39
      - 40
      - 41
      - 42
      - 43
      - 44
      - 46
      - 47
      - 48
      - 49
      - 50
      - 51
      - 52
      - 53
      - 54
      - 55
      - 56
      - 57
      - 58
      - 59
      - 60
      - 61
      - 62
      - 63
      - 64
      - 65
      - 66
      - 67
      - 69
      - 70
      - 71
      - 72
      - 73
      - 74
      - 75
      - 76
      - 77
      - 78
      - 79
      - 80
      - 81
      - 82
      - 83
      - 84
      - 85
      - 86
      - 87
      - 88
      - 89
      - 90
      - 92
      - 93
      - 94
      - 95
      - 96
      - 97
      - 98
      - 99
      - 100
      - 101
      - 102
      - 103
      - 104
      - 105
      - 106
      - 107
      - 108
      - 109
      - 110
      - 111
      - 112
      - 113
      - 115
      - 116
      - 117
      - 118
      - 119
      - 120
      - 121
      - 122
      - 123
      - 124
      - 125
      - 126
      - 127
      - 128
      - 129
      - 130
      - 131
      - 132
      - 133
      - 134
      - 135
      - 136
      - 138
      - 139
      - 140
      - 141
      - 142
      - 143
      - 144
      - 145
      - 146
      - 147
      - 148
      - 149
      - 150
      - 151
      - 152
      - 153
      - 154
      - 155
      - 156
      - 157
      - 158
      - 159
  0038.png:
    recall: 1
    avg_rmse: 0.16927144301841232
    stats:
      threshold_ms: "[latency]"
      segmentation_ms: "[latency]"
      quad_extraction_ms: "[latency]"
      decoding_ms: "[latency]"
      total_ms: "[latency]"
      num_candidates: 606
      num_detections: 154
    detected_ids:
      - 0
      - 1
      - 2
      - 3
      - 4
      - 5
      - 6
      - 7
      - 8
      - 9
      - 10
      - 11
      - 12
      - 13
      - 14
      - 15
      - 16
      - 17
      - 18
      - 19
      - 20
      - 21
      - 23
      - 24
      - 25
      - 26
      - 27
      - 28
      - 29
      - 30
      - 31
      - 32
      - 33
      - 34
      - 35
      - 36
      - 37
      - 38
      - 39
      - 40
      - 41
      - 42
      - 43
      - 44
      - 46
      - 47
      - 48
      - 49
      - 50
      - 51
      - 52
      - 53
      - 54
      - 55
      - 56
      - 57
      - 58
      - 59
      - 60
      - 61
      - 62
      - 63
      - 64
      - 65
      - 66
      - 67
      - 69
      - 70
      - 71
      - 72
      - 73
      - 74
      - 75
      - 76
      - 77
      - 78
      - 79
      - 80
      - 81
      - 82
      - 83
      - 84
      - 85
      - 86
      - 87
      - 88
      - 89
      - 90
      - 92
      - 93
      - 94
      - 95
      - 96
      - 97
      - 98
      - 99
      - 100
      - 101
      - 102
      - 103
      - 104
      - 105
      - 106
      - 107
      - 108
      - 109
      - 110
      - 111
      - 112
      - 113
      - 115
      - 116
      - 117
      - 118
      - 119
      - 120
      - 121
      - 122
      - 123
      - 124
      - 125
      - 126
      - 127
      - 128
      - 129
      - 130
      - 131
      - 132
      - 133
      - 134
      - 135
      - 136
      - 138
      - 139
      - 140
      - 141
      - 142
      - 143
      - 144
      - 145
      - 146
      - 147
      - 148
      - 149
      - 150
      - 151
      - 152
      - 153
      - 154
      - 155
      - 156
      - 157
      - 158
      - 159
  0039.png:
    recall: 1
    avg_rmse: 0.2014688008627443
    stats:
      threshold_ms: "[latency]"
      segmentation_ms: "[latency]"
      quad_extraction_ms: "[latency]"
      decoding_ms: "[latency]"
      total_ms: "[latency]"
      num_candidates: 570
      num_detections: 154
    detected_ids:
      - 0
      - 1
      - 2
      - 3
      - 4
      - 5
      - 6
      - 7
      - 8
      - 9
      - 10
      - 11
      - 12
      - 13
      - 14
      - 15
      - 16
      - 17
      - 18
      - 19
      - 20
      - 21
      - 23
      - 24
      - 25
      - 26
      - 27
      - 28
      - 29
      - 30
      - 31
      - 32
      - 33
      - 34
      - 35
      - 36
      - 37
      - 38
      - 39
      - 40
      - 41
      - 42
      - 43
      - 44
      - 46
      - 47
      - 48
      - 49
      - 50
      - 51
      - 52
      - 53
      - 54
      - 55
      - 56
      - 57
      - 58
      - 59
      - 60
      - 61
      - 62
      - 63
      - 64
      - 65
      - 66
      - 67
      - 69
      - 70
      - 71
      - 72
      - 73
      - 74
      - 75
      - 76
      - 77
      - 78
      - 79
      - 80
      - 81
      - 82
      - 83
      - 84
      - 85
      - 86
      - 87
      - 88
      - 89
      - 90
      - 92
      - 93
      - 94
      - 95
      - 96
      - 97
      - 98
      - 99
      - 100
      - 101
      - 102
      - 103
      - 104
      - 105
      - 106
      - 107
      - 108
      - 109
      - 110
      - 111
      - 112
      - 113
      - 115
      - 116
      - 117
      - 118
      - 119
      - 120
      - 121
      - 122
      - 123
      - 124
      - 125
      - 126
      - 127
      - 128
      - 129
      - 130
      - 131
      - 132
      - 133
      - 134
      - 135
      - 136
      - 138
      - 139
      - 140
      - 141
      - 142
      - 143
      - 144
      - 145
      - 146
      - 147
      - 148
      - 149
      - 150
      - 151
      - 152
      - 153
      - 154
      - 155
      - 156
      - 157
      - 158
      - 159
  0040.png:
    recall: 1
    avg_rmse: 0.2056597484075896
    stats:
      threshold_ms: "[latency]"
      segmentation_ms: "[latency]"
      quad_extraction_ms: "[latency]"
      decoding_ms: "[latency]"
      total_ms: "[latency]"
      num_candidates: 569
      num_detections: 154
    detected_ids:
      - 0
      - 1
      - 2
      - 3
      - 4
      - 5
      - 6
      - 7
      - 8
      - 9
      - 10
      - 11
      - 12
      - 13
      - 14
      - 15
      - 16
      - 17
      - 18
      - 19
      - 20
      - 21
      - 23
      - 24
      - 25
      - 26
      - 27
      - 28
      - 29
      - 30
      - 31
      - 32
      - 33
      - 34
      - 35
      - 36
      - 37
      - 38
      - 39
      - 40
      - 41
      - 42
      - 43
      - 44
      - 46
      - 47
      - 48
      - 49
      - 50
      - 51
      - 52
      - 53
      - 54
      - 55
      - 56
      - 57
      - 58
      - 59
      - 60
      - 61
      - 62
      - 63
      - 64
      - 65
      - 66
      - 67
      - 69
      - 70
      - 71
      - 72
      - 73
      - 74
      - 75
      - 76
      - 77
      - 78
      - 79
      - 80
      - 81
      - 82
      - 83
      - 84
      - 85
      - 86
      - 87
      - 88
      - 89
      - 90
      - 92
      - 93
      - 94
      - 95
      - 96
      - 97
      - 98
      - 99
      - 100
      - 101
      - 102
      - 103
      - 104
      - 105
      - 106
      - 107
      - 108
      - 109
      - 110
      - 111
      - 112
      - 113
      - 115
      - 116
      - 117
      - 118
      - 119
      - 120
      - 121
      - 122
      - 123
      - 124
      - 125
      - 126
      - 127
      - 128
      - 129
      - 130
      - 131
      - 132
      - 133
      - 134
      - 135
      - 136
      - 138
      - 139
      - 140
      - 141
      - 142
      - 143
      - 144
      - 145
      - 146
      - 147
      - 148
      - 149
      - 150
      - 151
      - 152
      - 153
      - 154
      - 155
      - 156
      - 157
      - 158
      - 159
  0041.png:
    recall: 1
    avg_rmse: 0.18661646493244521
    stats:
      threshold_ms: "[latency]"
      segmentation_ms: "[latency]"
      quad_extraction_ms: "[latency]"
      decoding_ms: "[latency]"
      total_ms: "[latency]"
      num_candidates: 586
      num_detections: 154
    detected_ids:
      - 0
      - 1
      - 2
      - 3
      - 4
      - 5
      - 6
      - 7
      - 8
      - 9
      - 10
      - 11
      - 12
      - 13
      - 14
      - 15
      - 16
      - 17
      - 18
      - 19
      - 20
      - 21
      - 23
      - 24
      - 25
      - 26
      - 27
      - 28
      - 29
      - 30
      - 31
      - 32
      - 33
      - 34
      - 35
      - 36
      - 37
      - 38
      - 39
      - 40
      - 41
      - 42
      - 43
      - 44
      - 46
      - 47
      - 48
      - 49
      - 50
      - 51
      - 52
      - 53
      - 54
      - 55
      - 56
      - 57
      - 58
      - 59
      - 60
      - 61
      - 62
      - 63
      - 64
      - 65
      - 66
      - 67
      - 69
      - 70
      - 71
      - 72
      - 73
      - 74
      - 75
      - 76
      - 77
      - 78
      - 79
      - 80
      - 81
      - 82
      - 83
      - 84
      - 85
      - 86
      - 87
      - 88
      - 89
      - 90
      - 92
      - 93
      - 94
      - 95
      - 96
      - 97
      - 98
      - 99
      - 100
      - 101
      - 102
      - 103
      - 104
      - 105
      - 106
      - 107
      - 108
      - 109
      - 110
      - 111
      - 112
      - 113
      - 115
      - 116
      - 117
      - 118
      - 119
      - 120
      - 121
      - 122
      - 123
      - 124
      - 125
      - 126
      - 127
      - 128
      - 129
      - 130
      - 131
      - 132
      - 133
      - 134
      - 135
      - 136
      - 138
      - 139
      - 140
      - 141
      - 142
      - 143
      - 144
      - 145
      - 146
      - 147
      - 148
      - 149
      - 150
      - 151
      - 152
      - 153
      - 154
      - 155
      - 156
      - 157
      - 158
      - 159
  0042.png:
    recall: 1
    avg_rmse: 0.17527198277728076
    stats:
      threshold_ms: "[latency]"
      segmentation_ms: "[latency]"
      quad_extraction_ms: "[latency]"
      decoding_ms: "[latency]"
      total_ms: "[latency]"
      num_candidates: 555
      num_detections: 154
    detected_ids:
      - 0
      - 1
      - 2
      - 3
      - 4
      - 5
      - 6
      - 7
      - 8
      - 9
      - 10
      - 11
      - 12
      - 13
      - 14
      - 15
      - 16
      - 17
      - 18
      - 19
      - 20
      - 21
      - 23
      - 24
      - 25
      - 26
      - 27
      - 28
      - 29
      - 30
      - 31
      - 32
      - 33
      - 34
      - 35
      - 36
      - 37
      - 38
      - 39
      - 40
      - 41
      - 42
      - 43
      - 44
      - 46
      - 47
      - 48
      - 49
      - 50
      - 51
      - 52
      - 53
      - 54
      - 55
      - 56
      - 57
      - 58
      - 59
      - 60
      - 61
      - 62
      - 63
      - 64
      - 65
      - 66
      - 67
      - 69
      - 70
      - 71
      - 72
      - 73
      - 74
      - 75
      - 76
      - 77
      - 78
      - 79
      - 80
      - 81
      - 82
      - 83
      - 84
      - 85
      - 86
      - 87
      - 88
      - 89
      - 90
      - 92
      - 93
      - 94
      - 95
      - 96
      - 97
      - 98
      - 99
      - 100
      - 101
      - 102
      - 103
      - 104
      - 105
      - 106
      - 107
      - 108
      - 109
      - 110
      - 111
      - 112
      - 113
      - 115
      - 116
      - 117
      - 118
      - 119
      - 120
      - 121
      - 122
      - 123
      - 124
      - 125
      - 126
      - 127
      - 128
      - 129
      - 130
      - 131
      - 132
      - 133
      - 134
      - 135
      - 136
      - 138
      - 139
      - 140
      - 141
      - 142
      - 143
      - 144
      - 145
      - 146
      - 147
      - 148
      - 149
      - 150
      - 151
      - 152
      - 153
      - 154
      - 155
      - 156
      - 157
      - 158
      - 159
  0043.png:
    recall: 1
    avg_rmse: 0.19015780233722435
    stats:
      threshold_ms: "[latency]"
      segmentation_ms: "[latency]"
      quad_extraction_ms: "[latency]"
      decoding_ms: "[latency]"
      total_ms: "[latency]"
      num_candidates: 571
      num_detections: 154
    detected_ids:
      - 0
      - 1
      - 2
      - 3
      - 4
      - 5
      - 6
      - 7
      - 8
      - 9
      - 10
      - 11
      - 12
      - 13
      - 14
      - 15
      - 16
      - 17
      - 18
      - 19
      - 20
      - 21
      - 23
      - 24
      - 25
      - 26
      - 27
      - 28
      - 29
      - 30
      - 31
      - 32
      - 33
      - 34
      - 35
      - 36
      - 37
      - 38
      - 39
      - 40
      - 41
      - 42
      - 43
      - 44
      - 46
      - 47
      - 48
      - 49
      - 50
      - 51
      - 52
      - 53
      - 54
      - 55
      - 56
      - 57
      - 58
      - 59
      - 60
      - 61
      - 62
      - 63
      - 64
      - 65
      - 66
      - 67
      - 69
      - 70
      - 71
      - 72
      - 73
      - 74
      - 75
      - 76
      - 77
      - 78
      - 79
      - 80
      - 81
      - 82
      - 83
      - 84
      - 85
      - 86
      - 87
      - 88
      - 89
      - 90
      - 92
      - 93
      - 94
      - 95
      - 96
      - 97
      - 98
      - 99
      - 100
      - 101
      - 102
      - 103
      - 104
      - 105
      - 106
      - 107
      - 108
      - 109
      - 110
      - 111
      - 112
      - 113
      - 115
      - 116
      - 117
      - 118
      - 119
      - 120
      - 121
      - 122
      - 123
      - 124
      - 125
      - 126
      - 127
      - 128
      - 129
      - 130
      - 131
      - 132
      - 133
      - 134
      - 135
      - 136
      - 138
      - 139
      - 140
      - 141
      - 142
      - 143
      - 144
      - 145
      - 146
      - 147
      - 148
      - 149
      - 150
      - 151
      - 152
      - 153
      - 154
      - 155
      - 156
      - 157
      - 158
      - 159
  0044.png:
    recall: 1
    avg_rmse: 0.05904630851438182
    stats:
      threshold_ms: "[latency]"
      segmentation_ms: "[latency]"
      quad_extraction_ms: "[latency]"
      decoding_ms: "[latency]"
      total_ms: "[latency]"
      num_candidates: 539
      num_detections: 154
    detected_ids:
      - 0
      - 1
      - 2
      - 3
      - 4
      - 5
      - 6
      - 7
      - 8
      - 9
      - 10
      - 11
      - 12
      - 13
      - 14
      - 15
      - 16
      - 17
      - 18
      - 19
      - 20
      - 21
      - 23
      - 24
      - 25
      - 26
      - 27
      - 28
      - 29
      - 30
      - 31
      - 32
      - 33
      - 34
      - 35
      - 36
      - 37
      - 38
      - 39
      - 40
      - 41
      - 42
      - 43
      - 44
      - 46
      - 47
      - 48
      - 49
      - 50
      - 51
      - 52
      - 53
      - 54
      - 55
      - 56
      - 57
      - 58
      - 59
      - 60
      - 61
      - 62
      - 63
      - 64
      - 65
      - 66
      - 67
      - 69
      - 70
      - 71
      - 72
      - 73
      - 74
      - 75
      - 76
      - 77
      - 78
      - 79
      - 80
      - 81
      - 82
      - 83
      - 84
      - 85
      - 86
      - 87
      - 88
      - 89
      - 90
      - 92
      - 93
      - 94
      - 95
      - 96
      - 97
      - 98
      - 99
      - 100
      - 101
      - 102
      - 103
      - 104
      - 105
      - 106
      - 107
      - 108
      - 109
      - 110
      - 111
      - 112
      - 113
      - 115
      - 116
      - 117
      - 118
      - 119
      - 120
      - 121
      - 122
      - 123
      - 124
      - 125
      - 126
      - 127
      - 128
      - 129
      - 130
      - 131
      - 132
      - 133
      - 134
      - 135
      - 136
      - 138
      - 139
      - 140
      - 141
      - 142
      - 143
      - 144
      - 145
      - 146
      - 147
      - 148
      - 149
      - 150
      - 151
      - 152
      - 153
      - 154
      - 155
      - 156
      - 157
      - 158
      - 159
  0045.png:
    recall: 1
    avg_rmse: 0.19749275078283704
    stats:
      threshold_ms: "[latency]"
      segmentation_ms: "[latency]"
      quad_extraction_ms: "[latency]"
      decoding_ms: "[latency]"
      total_ms: "[latency]"
      num_candidates: 577
      num_detections: 154
    detected_ids:
      - 0
      - 1
      - 2
      - 3
      - 4
      - 5
      - 6
      - 7
      - 8
      - 9
      - 10
      - 11
      - 12
      - 13
      - 14
      - 15
      - 16
      - 17
      - 18
      - 19
      - 20
      - 21
      - 23
      - 24
      - 25
      - 26
      - 27
      - 28
      - 29
      - 30
      - 31
      - 32
      - 33
      - 34
      - 35
      - 36
      - 37
      - 38
      - 39
      - 40
      - 41
      - 42
      - 43
      - 44
      - 46
      - 47
      - 48
      - 49
      - 50
      - 51
      - 52
      - 53
      - 54
      - 55
      - 56
      - 57
      - 58
      - 59
      - 60
      - 61
      - 62
      - 63
      - 64
      - 65
      - 66
      - 67
      - 69
      - 70
      - 71
      - 72
      - 73
      - 74
      - 75
      - 76
      - 77
      - 78
      - 79
      - 80
      - 81
      - 82
      - 83
      - 84
      - 85
      - 86
      - 87
      - 88
      - 89
      - 90
      - 92
      - 93
      - 94
      - 95
      - 96
      - 97
      - 98
      - 99
      - 100
      - 101
      - 102
      - 103
      - 104
      - 105
      - 106
      - 107
      - 108
      - 109
      - 110
      - 111
      - 112
      - 113
      - 115
      - 116
      - 117
      - 118
      - 119
      - 120
      - 121
      - 122
      - 123
      - 124
      - 125
      - 126
      - 127
      - 128
      - 129
      - 130
      - 131
      - 132
      - 133
      - 134
      - 135
      - 136
      - 138
      - 139
      - 140
      - 141
      - 142
      - 143
      - 144
      - 145
      - 146
      - 147
      - 148
      - 149
      - 150
      - 151
      - 152
      - 153
      - 154
      - 155
      - 156
      - 157
      - 158
      - 159
  0046.png:
    recall: 1
    avg_rmse: 0.18928873195972332
    stats:
      threshold_ms: "[latency]"
      segmentation_ms: "[latency]"
      quad_extraction_ms: "[latency]"
      decoding_ms: "[latency]"
      total_ms: "[latency]"
      num_candidates: 511
      num_detections: 154
    detected_ids:
      - 0
      - 1
      - 2
      - 3
      - 4
      - 5
      - 6
      - 7
      - 8
      - 9
      - 10
      - 11
      - 12
      - 13
      - 14
      - 15
      - 16
      - 17
      - 18
      - 19
      - 20
      - 21
      - 23
      - 24
      - 25
      - 26
      - 27
      - 28
      - 29
      - 30
      - 31
      - 32
      - 33
      - 34
      - 35
      - 36
      - 37
      - 38
      - 39
      - 40
      - 41
      - 42
      - 43
      - 44
      - 46
      - 47
      - 48
      - 49
      - 50
      - 51
      - 52
      - 53
      - 54
      - 55
      - 56
      - 57
      - 58
      - 59
      - 60
      - 61
      - 62
      - 63
      - 64
      - 65
      - 66
      - 67
      - 69
      - 70
      - 71
      - 72
      - 73
      - 74
      - 75
      - 76
      - 77
      - 78
      - 79
      - 80
      - 81
      - 82
      - 83
      - 84
      - 85
      - 86
      - 87
      - 88
      - 89
      - 90
      - 92
      - 93
      - 94
      - 95
      - 96
      - 97
      - 98
      - 99
      - 100
      - 101
      - 102
      - 103
      - 104
      - 105
      - 106
      - 107
      - 108
      - 109
      - 110
      - 111
      - 112
      - 113
      - 115
      - 116
      - 117
      - 118
      - 119
      - 120
      - 121
      - 122
      - 123
      - 124
      - 125
      - 126
      - 127
      - 128
      - 129
      - 130
      - 131
      - 132
      - 133
      - 134
      - 135
      - 136
      - 138
      - 139
      - 140
      - 141
      - 142
      - 143
      - 144
      - 145
      - 146
      - 147
      - 148
      - 149
      - 150
      - 151
      - 152
      - 153
      - 154
      - 155
      - 156
      - 157
      - 158
      - 159
  0047.png:
    recall: 1
    avg_rmse: 0.15683264591960633
    stats:
      threshold_ms: "[latency]"
      segmentation_ms: "[latency]"
      quad_extraction_ms: "[latency]"
      decoding_ms: "[latency]"
      total_ms: "[latency]"
      num_candidates: 512
      num_detections: 154
    detected_ids:
      - 0
      - 1
      - 2
      - 3
      - 4
      - 5
      - 6
      - 7
      - 8
      - 9
      - 10
      - 11
      - 12
      - 13
      - 14
      - 15
      - 16
      - 17
      - 18
      - 19
      - 20
      - 21
      - 23
      - 24
      - 25
      - 26
      - 27
      - 28
      - 29
      - 30
      - 31
      - 32
      - 33
      - 34
      - 35
      - 36
      - 37
      - 38
      - 39
      - 40
      - 41
      - 42
      - 43
      - 44
      - 46
      - 47
      - 48
      - 49
      - 50
      - 51
      - 52
      - 53
      - 54
      - 55
      - 56
      - 57
      - 58
      - 59
      - 60
      - 61
      - 62
      - 63
      - 64
      - 65
      - 66
      - 67
      - 69
      - 70
      - 71
      - 72
      - 73
      - 74
      - 75
      - 76
      - 77
      - 78
      - 79
      - 80
      - 81
      - 82
      - 83
      - 84
      - 85
      - 86
      - 87
      - 88
      - 89
      - 90
      - 92
      - 93
      - 94
      - 95
      - 96
      - 97
      - 98
      - 99
      - 100
      - 101
      - 102
      - 103
      - 104
      - 105
      - 106
      - 107
      - 108
      - 109
      - 110
      - 111
      - 112
      - 113
      - 115
      - 116
      - 117
      - 118
      - 119
      - 120
      - 121
      - 122
      - 123
      - 124
      - 125
      - 126
      - 127
      - 128
      - 129
      - 130
      - 131
      - 132
      - 133
      - 134
      - 135
      - 136
      - 138
      - 139
      - 140
      - 141
      - 142
      - 143
      - 144
      - 145
      - 146
      - 147
      - 148
      - 149
      - 150
      - 151
      - 152
      - 153
      - 154
      - 155
      - 156
      - 157
      - 158
      - 159
  0048.png:
    recall: 1
    avg_rmse: 0.1842917409288043
    stats:
      threshold_ms: "[latency]"
      segmentation_ms: "[latency]"
      quad_extraction_ms: "[latency]"
      decoding_ms: "[latency]"
      total_ms: "[latency]"
      num_candidates: 516
      num_detections: 154
    detected_ids:
      - 0
      - 1
      - 2
      - 3
      - 4
      - 5
      - 6
      - 7
      - 8
      - 9
      - 10
      - 11
      - 12
      - 13
      - 14
      - 15
      - 16
      - 17
      - 18
      - 19
      - 20
      - 21
      - 23
      - 24
      - 25
      - 26
      - 27
      - 28
      - 29
      - 30
      - 31
      - 32
      - 33
      - 34
      - 35
      - 36
      - 37
      - 38
      - 39
      - 40
      - 41
      - 42
      - 43
      - 44
      - 46
      - 47
      - 48
      - 49
      - 50
      - 51
      - 52
      - 53
      - 54
      - 55
      - 56
      - 57
      - 58
      - 59
      - 60
      - 61
      - 62
      - 63
      - 64
      - 65
      - 66
      - 67
      - 69
      - 70
      - 71
      - 72
      - 73
      - 74
      - 75
      - 76
      - 77
      - 78
      - 79
      - 80
      - 81
      - 82
      - 83
      - 84
      - 85
      - 86
      - 87
      - 88
      - 89
      - 90
      - 92
      - 93
      - 94
      - 95
      - 96
      - 97
      - 98
      - 99
      - 100
      - 101
      - 102
      - 103
      - 104
      - 105
      - 106
      - 107
      - 108
      - 109
      - 110
      - 111
      - 112
      - 113
      - 115
      - 116
      - 117
      - 118
      - 119
      - 120
      - 121
      - 122
      - 123
      - 124
      - 125
      - 126
      - 127
      - 128
      - 129
      - 130
      - 131
      - 132
      - 133
      - 134
      - 135
      - 136
      - 138
      - 139
      - 140
      - 141
      - 142
      - 143
      - 144
      - 145
      - 146
      - 147
      - 148
      - 149
      - 150
      - 151
      - 152
      - 153
      - 154
      - 155
      - 156
      - 157
      - 158
      - 159
  0049.png:
    recall: 1
    avg_rmse: 0.18837820745637124
    stats:
      threshold_ms: "[latency]"
      segmentation_ms: "[latency]"
      quad_extraction_ms: "[latency]"
      decoding_ms: "[latency]"
      total_ms: "[latency]"
      num_candidates: 466
      num_detections: 154
    detected_ids:
      - 0
      - 1
      - 2
      - 3
      - 4
      - 5
      - 6
      - 7
      - 8
      - 9
      - 10
      - 11
      - 12
      - 13
      - 14
      - 15
      - 16
      - 17
      - 18
      - 19
      - 20
      - 21
      - 23
      - 24
      - 25
      - 26
      - 27
      - 28
      - 29
      - 30
      - 31
      - 32
      - 33
      - 34
      - 35
      - 36
      - 37
      - 38
      - 39
      - 40
      - 41
      - 42
      - 43
      - 44
      - 46
      - 47
      - 48
      - 49
      - 50
      - 51
      - 52
      - 53
      - 54
      - 55
      - 56
      - 57
      - 58
      - 59
      - 60
      - 61
      - 62
      - 63
      - 64
      - 65
      - 66
      - 67
      - 69
      - 70
      - 71
      - 72
      - 73
      - 74
      - 75
      - 76
      - 77
      - 78
      - 79
      - 80
      - 81
      - 82
      - 83
      - 84
      - 85
      - 86
      - 87
      - 88
      - 89
      - 90
      - 92
      - 93
      - 94
      - 95
      - 96
      - 97
      - 98
      - 99
      - 100
      - 101
      - 102
      - 103
      - 104
      - 105
      - 106
      - 107
      - 108
      - 109
      - 110
      - 111
      - 112
      - 113
      - 115
      - 116
      - 117
      - 118
      - 119
      - 120
      - 121
      - 122
      - 123
      - 124
      - 125
      - 126
      - 127
      - 128
      - 129
      - 130
      - 131
      - 132
      - 133
      - 134
      - 135
      - 136
      - 138
      - 139
      - 140
      - 141
      - 142
      - 143
      - 144
      - 145
      - 146
      - 147
      - 148
      - 149
      - 150
      - 151
      - 152
      - 153
      - 154
      - 155
      - 156
      - 157
      - 158
      - 159
mean_stats:
  threshold_ms: 179.69461996
  segmentation_ms: 112.29092638
  quad_extraction_ms: 85.97477938000002
  decoding_ms: 25.55377818
  total_ms: 403.51637808000015
  num_candidates: 576
  num_detections: 112
mean_recall: 0.7271428571428571
mean_rmse: 0.28732718227077336
