---
source: crates/locus-core/tests/regression_icra2020.rs
expression: report
---
summary:
  dataset_size: 50
  mean_recall: 0.6993506493506493
  mean_rmse: 0.3828
  mean_total_ms: "[DURATION]"
  worst_offenders:
    - filename: 0005.png
      missed: 149
      extra: 0
      rmse: 0.4555
    - filename: 0004.png
      missed: 148
      extra: 0
      rmse: 0.473
    - filename: 0003.png
      missed: 148
      extra: 0
      rmse: 0.367
    - filename: 0001.png
      missed: 147
      extra: 0
      rmse: 0.499
    - filename: 0006.png
      missed: 146
      extra: 0
      rmse: 0.507
