---
source: crates/locus-core/tests/regression_icra2020.rs
expression: report
---
entries:
  0000.png:
    recall: 0.032467532467532464
    avg_rmse: 0.3407904587425748
    stats:
      threshold_ms: "[latency]"
      segmentation_ms: "[latency]"
      quad_extraction_ms: "[latency]"
      decoding_ms: "[latency]"
      total_ms: "[latency]"
      num_candidates: 714
      num_detections: 5
    detected_ids:
      - 7
      - 30
      - 125
      - 129
      - 136
  0001.png:
    recall: 0.01948051948051948
    avg_rmse: 8.916183846442111
    stats:
      threshold_ms: "[latency]"
      segmentation_ms: "[latency]"
      quad_extraction_ms: "[latency]"
      decoding_ms: "[latency]"
      total_ms: "[latency]"
      num_candidates: 726
      num_detections: 3
    detected_ids:
      - 76
      - 99
      - 125
  0002.png:
    recall: 0.01948051948051948
    avg_rmse: 0.3034406671867256
    stats:
      threshold_ms: "[latency]"
      segmentation_ms: "[latency]"
      quad_extraction_ms: "[latency]"
      decoding_ms: "[latency]"
      total_ms: "[latency]"
      num_candidates: 665
      num_detections: 3
    detected_ids:
      - 35
      - 62
      - 154
  0003.png:
    recall: 0.012987012987012988
    avg_rmse: 0.2859061263347499
    stats:
      threshold_ms: "[latency]"
      segmentation_ms: "[latency]"
      quad_extraction_ms: "[latency]"
      decoding_ms: "[latency]"
      total_ms: "[latency]"
      num_candidates: 677
      num_detections: 2
    detected_ids:
      - 21
      - 43
  0004.png:
    recall: 0.032467532467532464
    avg_rmse: 0.4339778520910401
    stats:
      threshold_ms: "[latency]"
      segmentation_ms: "[latency]"
      quad_extraction_ms: "[latency]"
      decoding_ms: "[latency]"
      total_ms: "[latency]"
      num_candidates: 716
      num_detections: 5
    detected_ids:
      - 48
      - 52
      - 55
      - 75
      - 153
  0005.png:
    recall: 0.05844155844155844
    avg_rmse: 0.3275029553104583
    stats:
      threshold_ms: "[latency]"
      segmentation_ms: "[latency]"
      quad_extraction_ms: "[latency]"
      decoding_ms: "[latency]"
      total_ms: "[latency]"
      num_candidates: 728
      num_detections: 9
    detected_ids:
      - 32
      - 37
      - 76
      - 136
      - 144
      - 149
      - 151
      - 152
      - 153
  0006.png:
    recall: 0.11038961038961038
    avg_rmse: 0.39202837168404475
    stats:
      threshold_ms: "[latency]"
      segmentation_ms: "[latency]"
      quad_extraction_ms: "[latency]"
      decoding_ms: "[latency]"
      total_ms: "[latency]"
      num_candidates: 724
      num_detections: 17
    detected_ids:
      - 1
      - 9
      - 12
      - 27
      - 37
      - 49
      - 78
      - 81
      - 87
      - 89
      - 94
      - 103
      - 106
      - 109
      - 124
      - 136
      - 158
  0007.png:
    recall: 0.09740259740259741
    avg_rmse: 0.4037202912217497
    stats:
      threshold_ms: "[latency]"
      segmentation_ms: "[latency]"
      quad_extraction_ms: "[latency]"
      decoding_ms: "[latency]"
      total_ms: "[latency]"
      num_candidates: 709
      num_detections: 15
    detected_ids:
      - 7
      - 12
      - 15
      - 19
      - 32
      - 35
      - 43
      - 49
      - 51
      - 98
      - 99
      - 100
      - 109
      - 124
      - 135
  0008.png:
    recall: 0.17532467532467533
    avg_rmse: 0.4026846933675
    stats:
      threshold_ms: "[latency]"
      segmentation_ms: "[latency]"
      quad_extraction_ms: "[latency]"
      decoding_ms: "[latency]"
      total_ms: "[latency]"
      num_candidates: 680
      num_detections: 27
    detected_ids:
      - 2
      - 4
      - 7
      - 9
      - 13
      - 17
      - 27
      - 32
      - 38
      - 41
      - 43
      - 48
      - 80
      - 85
      - 87
      - 96
      - 100
      - 105
      - 107
      - 111
      - 118
      - 128
      - 138
      - 142
      - 151
      - 152
      - 158
  0009.png:
    recall: 0.14285714285714285
    avg_rmse: 0.4990322010037643
    stats:
      threshold_ms: "[latency]"
      segmentation_ms: "[latency]"
      quad_extraction_ms: "[latency]"
      decoding_ms: "[latency]"
      total_ms: "[latency]"
      num_candidates: 672
      num_detections: 23
    detected_ids:
      - 0
      - 7
      - 8
      - 15
      - 21
      - 49
      - 53
      - 59
      - 73
      - 85
      - 87
      - 92
      - 96
      - 97
      - 100
      - 102
      - 118
      - 125
      - 132
      - 143
      - 144
      - 153
      - 554
  0010.png:
    recall: 0.2922077922077922
    avg_rmse: 0.3134279863537458
    stats:
      threshold_ms: "[latency]"
      segmentation_ms: "[latency]"
      quad_extraction_ms: "[latency]"
      decoding_ms: "[latency]"
      total_ms: "[latency]"
      num_candidates: 691
      num_detections: 45
    detected_ids:
      - 0
      - 2
      - 7
      - 9
      - 11
      - 12
      - 17
      - 27
      - 28
      - 30
      - 32
      - 35
      - 37
      - 43
      - 44
      - 46
      - 48
      - 52
      - 55
      - 76
      - 92
      - 93
      - 96
      - 98
      - 99
      - 103
      - 104
      - 105
      - 106
      - 109
      - 119
      - 121
      - 124
      - 132
      - 138
      - 142
      - 143
      - 144
      - 147
      - 148
      - 149
      - 152
      - 154
      - 155
      - 159
  0011.png:
    recall: 0.24675324675324675
    avg_rmse: 0.41897969143543695
    stats:
      threshold_ms: "[latency]"
      segmentation_ms: "[latency]"
      quad_extraction_ms: "[latency]"
      decoding_ms: "[latency]"
      total_ms: "[latency]"
      num_candidates: 714
      num_detections: 38
    detected_ids:
      - 1
      - 7
      - 15
      - 17
      - 21
      - 23
      - 29
      - 32
      - 35
      - 43
      - 44
      - 46
      - 47
      - 48
      - 51
      - 55
      - 69
      - 71
      - 73
      - 78
      - 81
      - 86
      - 87
      - 89
      - 94
      - 97
      - 103
      - 104
      - 117
      - 124
      - 129
      - 133
      - 142
      - 147
      - 150
      - 155
      - 158
      - 159
  0012.png:
    recall: 0.2597402597402597
    avg_rmse: 0.42291311132253445
    stats:
      threshold_ms: "[latency]"
      segmentation_ms: "[latency]"
      quad_extraction_ms: "[latency]"
      decoding_ms: "[latency]"
      total_ms: "[latency]"
      num_candidates: 735
      num_detections: 41
    detected_ids:
      - 1
      - 7
      - 17
      - 18
      - 21
      - 34
      - 35
      - 36
      - 39
      - 41
      - 43
      - 50
      - 55
      - 58
      - 66
      - 74
      - 77
      - 85
      - 87
      - 88
      - 94
      - 99
      - 103
      - 111
      - 115
      - 118
      - 122
      - 123
      - 124
      - 125
      - 127
      - 129
      - 131
      - 132
      - 136
      - 140
      - 141
      - 147
      - 148
      - 154
      - 554
  0013.png:
    recall: 0.2922077922077922
    avg_rmse: 0.3859085653176939
    stats:
      threshold_ms: "[latency]"
      segmentation_ms: "[latency]"
      quad_extraction_ms: "[latency]"
      decoding_ms: "[latency]"
      total_ms: "[latency]"
      num_candidates: 684
      num_detections: 45
    detected_ids:
      - 1
      - 7
      - 15
      - 17
      - 21
      - 27
      - 28
      - 32
      - 33
      - 37
      - 38
      - 43
      - 44
      - 46
      - 47
      - 48
      - 50
      - 55
      - 65
      - 69
      - 70
      - 76
      - 78
      - 80
      - 84
      - 85
      - 86
      - 89
      - 97
      - 98
      - 99
      - 102
      - 104
      - 107
      - 108
      - 109
      - 111
      - 125
      - 130
      - 131
      - 132
      - 135
      - 144
      - 148
      - 159
  0014.png:
    recall: 0.44805194805194803
    avg_rmse: 0.3469275605309641
    stats:
      threshold_ms: "[latency]"
      segmentation_ms: "[latency]"
      quad_extraction_ms: "[latency]"
      decoding_ms: "[latency]"
      total_ms: "[latency]"
      num_candidates: 696
      num_detections: 69
    detected_ids:
      - 17
      - 18
      - 21
      - 26
      - 27
      - 31
      - 32
      - 33
      - 34
      - 35
      - 40
      - 41
      - 43
      - 46
      - 47
      - 48
      - 49
      - 51
      - 52
      - 55
      - 56
      - 57
      - 58
      - 59
      - 61
      - 63
      - 64
      - 70
      - 71
      - 75
      - 76
      - 77
      - 78
      - 80
      - 81
      - 84
      - 85
      - 86
      - 87
      - 88
      - 89
      - 93
      - 94
      - 95
      - 97
      - 99
      - 103
      - 104
      - 107
      - 111
      - 116
      - 118
      - 119
      - 123
      - 124
      - 125
      - 126
      - 133
      - 135
      - 140
      - 141
      - 142
      - 144
      - 147
      - 148
      - 149
      - 150
      - 153
      - 156
  0015.png:
    recall: 0.4675324675324675
    avg_rmse: 0.42794876223135997
    stats:
      threshold_ms: "[latency]"
      segmentation_ms: "[latency]"
      quad_extraction_ms: "[latency]"
      decoding_ms: "[latency]"
      total_ms: "[latency]"
      num_candidates: 688
      num_detections: 73
    detected_ids:
      - 1
      - 4
      - 7
      - 9
      - 12
      - 17
      - 21
      - 23
      - 24
      - 26
      - 27
      - 28
      - 29
      - 30
      - 32
      - 34
      - 35
      - 36
      - 37
      - 38
      - 39
      - 40
      - 41
      - 43
      - 49
      - 51
      - 62
      - 66
      - 70
      - 71
      - 72
      - 73
      - 74
      - 76
      - 77
      - 78
      - 80
      - 81
      - 83
      - 84
      - 85
      - 86
      - 87
      - 88
      - 89
      - 93
      - 94
      - 97
      - 99
      - 106
      - 109
      - 110
      - 112
      - 115
      - 116
      - 118
      - 120
      - 122
      - 124
      - 125
      - 126
      - 127
      - 129
      - 132
      - 133
      - 135
      - 136
      - 143
      - 144
      - 149
      - 154
      - 158
      - 341
  0016.png:
    recall: 0.6428571428571429
    avg_rmse: 0.5050645900491926
    stats:
      threshold_ms: "[latency]"
      segmentation_ms: "[latency]"
      quad_extraction_ms: "[latency]"
      decoding_ms: "[latency]"
      total_ms: "[latency]"
      num_candidates: 695
      num_detections: 99
    detected_ids:
      - 4
      - 5
      - 7
      - 14
      - 15
      - 17
      - 21
      - 26
      - 28
      - 30
      - 31
      - 32
      - 36
      - 38
      - 40
      - 42
      - 43
      - 46
      - 48
      - 52
      - 58
      - 60
      - 62
      - 63
      - 66
      - 69
      - 70
      - 71
      - 72
      - 73
      - 74
      - 75
      - 76
      - 77
      - 78
      - 83
      - 84
      - 85
      - 86
      - 87
      - 88
      - 89
      - 92
      - 93
      - 94
      - 95
      - 96
      - 97
      - 98
      - 99
      - 100
      - 104
      - 106
      - 107
      - 108
      - 109
      - 110
      - 111
      - 112
      - 116
      - 117
      - 118
      - 119
      - 120
      - 121
      - 122
      - 123
      - 126
      - 127
      - 128
      - 129
      - 130
      - 131
      - 132
      - 133
      - 134
      - 135
      - 136
      - 138
      - 139
      - 140
      - 141
      - 142
      - 143
      - 144
      - 145
      - 146
      - 147
      - 148
      - 150
      - 151
      - 152
      - 153
      - 154
      - 155
      - 156
      - 157
      - 158
      - 159
  0017.png:
    recall: 0.7922077922077922
    avg_rmse: 0.4562940908202094
    stats:
      threshold_ms: "[latency]"
      segmentation_ms: "[latency]"
      quad_extraction_ms: "[latency]"
      decoding_ms: "[latency]"
      total_ms: "[latency]"
      num_candidates: 705
      num_detections: 122
    detected_ids:
      - 0
      - 1
      - 2
      - 7
      - 8
      - 17
      - 19
      - 21
      - 23
      - 25
      - 26
      - 27
      - 28
      - 29
      - 30
      - 31
      - 32
      - 33
      - 34
      - 35
      - 36
      - 37
      - 38
      - 39
      - 40
      - 41
      - 42
      - 43
      - 44
      - 46
      - 47
      - 48
      - 49
      - 50
      - 51
      - 52
      - 53
      - 54
      - 55
      - 56
      - 57
      - 58
      - 59
      - 60
      - 61
      - 62
      - 63
      - 64
      - 65
      - 66
      - 67
      - 71
      - 72
      - 73
      - 76
      - 77
      - 80
      - 81
      - 82
      - 85
      - 86
      - 87
      - 89
      - 92
      - 93
      - 94
      - 95
      - 96
      - 97
      - 98
      - 99
      - 100
      - 101
      - 102
      - 103
      - 104
      - 105
      - 106
      - 107
      - 108
      - 109
      - 110
      - 111
      - 112
      - 113
      - 115
      - 116
      - 117
      - 118
      - 119
      - 120
      - 121
      - 122
      - 123
      - 124
      - 125
      - 126
      - 127
      - 128
      - 129
      - 130
      - 131
      - 132
      - 133
      - 134
      - 135
      - 136
      - 138
      - 139
      - 140
      - 143
      - 144
      - 147
      - 148
      - 149
      - 151
      - 153
      - 154
      - 155
      - 156
      - 157
      - 158
  0018.png:
    recall: 0.9155844155844156
    avg_rmse: 0.4135162085367267
    stats:
      threshold_ms: "[latency]"
      segmentation_ms: "[latency]"
      quad_extraction_ms: "[latency]"
      decoding_ms: "[latency]"
      total_ms: "[latency]"
      num_candidates: 687
      num_detections: 141
    detected_ids:
      - 0
      - 1
      - 2
      - 3
      - 4
      - 5
      - 6
      - 7
      - 9
      - 10
      - 11
      - 12
      - 13
      - 14
      - 15
      - 16
      - 18
      - 19
      - 20
      - 21
      - 23
      - 25
      - 26
      - 27
      - 28
      - 29
      - 30
      - 31
      - 32
      - 33
      - 34
      - 35
      - 36
      - 37
      - 38
      - 39
      - 40
      - 41
      - 42
      - 43
      - 46
      - 47
      - 48
      - 49
      - 50
      - 51
      - 52
      - 53
      - 54
      - 55
      - 56
      - 57
      - 58
      - 59
      - 60
      - 61
      - 62
      - 63
      - 64
      - 65
      - 66
      - 67
      - 69
      - 70
      - 71
      - 72
      - 73
      - 74
      - 75
      - 76
      - 77
      - 78
      - 79
      - 80
      - 81
      - 82
      - 83
      - 84
      - 85
      - 86
      - 87
      - 88
      - 89
      - 90
      - 92
      - 93
      - 94
      - 95
      - 97
      - 98
      - 99
      - 102
      - 103
      - 104
      - 106
      - 107
      - 108
      - 110
      - 111
      - 112
      - 113
      - 115
      - 116
      - 117
      - 118
      - 120
      - 121
      - 124
      - 125
      - 126
      - 127
      - 128
      - 129
      - 130
      - 131
      - 133
      - 134
      - 135
      - 136
      - 138
      - 139
      - 140
      - 141
      - 142
      - 143
      - 144
      - 145
      - 146
      - 147
      - 148
      - 149
      - 150
      - 151
      - 152
      - 153
      - 154
      - 155
      - 156
      - 157
      - 158
      - 159
  0019.png:
    recall: 0.9415584415584416
    avg_rmse: 0.4679115725586226
    stats:
      threshold_ms: "[latency]"
      segmentation_ms: "[latency]"
      quad_extraction_ms: "[latency]"
      decoding_ms: "[latency]"
      total_ms: "[latency]"
      num_candidates: 646
      num_detections: 145
    detected_ids:
      - 0
      - 1
      - 2
      - 3
      - 4
      - 5
      - 6
      - 7
      - 8
      - 9
      - 10
      - 11
      - 12
      - 13
      - 14
      - 15
      - 16
      - 17
      - 18
      - 19
      - 20
      - 21
      - 23
      - 25
      - 26
      - 27
      - 28
      - 29
      - 30
      - 31
      - 32
      - 33
      - 34
      - 35
      - 36
      - 37
      - 38
      - 39
      - 40
      - 41
      - 42
      - 43
      - 44
      - 46
      - 47
      - 48
      - 49
      - 50
      - 51
      - 52
      - 53
      - 54
      - 55
      - 56
      - 57
      - 58
      - 59
      - 60
      - 61
      - 62
      - 63
      - 64
      - 65
      - 66
      - 67
      - 69
      - 71
      - 72
      - 73
      - 74
      - 75
      - 76
      - 77
      - 78
      - 79
      - 81
      - 82
      - 83
      - 85
      - 86
      - 87
      - 88
      - 89
      - 90
      - 92
      - 93
      - 94
      - 95
      - 96
      - 97
      - 98
      - 99
      - 100
      - 102
      - 103
      - 104
      - 105
      - 106
      - 107
      - 108
      - 109
      - 110
      - 111
      - 112
      - 113
      - 115
      - 116
      - 117
      - 118
      - 119
      - 121
      - 123
      - 124
      - 125
      - 126
      - 127
      - 128
      - 129
      - 130
      - 131
      - 132
      - 133
      - 134
      - 135
      - 136
      - 138
      - 139
      - 140
      - 141
      - 142
      - 143
      - 144
      - 145
      - 146
      - 147
      - 149
      - 150
      - 151
      - 153
      - 154
      - 155
      - 156
      - 157
      - 158
      - 159
  0020.png:
    recall: 0.9155844155844156
    avg_rmse: 0.4335733106875316
    stats:
      threshold_ms: "[latency]"
      segmentation_ms: "[latency]"
      quad_extraction_ms: "[latency]"
      decoding_ms: "[latency]"
      total_ms: "[latency]"
      num_candidates: 707
      num_detections: 142
    detected_ids:
      - 0
      - 1
      - 2
      - 3
      - 4
      - 5
      - 6
      - 7
      - 8
      - 9
      - 10
      - 11
      - 12
      - 13
      - 14
      - 15
      - 16
      - 17
      - 18
      - 19
      - 20
      - 21
      - 23
      - 25
      - 26
      - 27
      - 28
      - 29
      - 30
      - 31
      - 32
      - 33
      - 34
      - 35
      - 36
      - 37
      - 38
      - 39
      - 40
      - 41
      - 42
      - 43
      - 46
      - 47
      - 48
      - 49
      - 51
      - 52
      - 53
      - 54
      - 55
      - 56
      - 57
      - 59
      - 61
      - 62
      - 63
      - 64
      - 66
      - 69
      - 71
      - 72
      - 73
      - 74
      - 75
      - 76
      - 77
      - 78
      - 79
      - 80
      - 81
      - 82
      - 83
      - 84
      - 85
      - 86
      - 87
      - 88
      - 89
      - 90
      - 92
      - 93
      - 94
      - 95
      - 96
      - 97
      - 98
      - 99
      - 100
      - 101
      - 102
      - 103
      - 104
      - 105
      - 106
      - 107
      - 108
      - 109
      - 110
      - 111
      - 112
      - 115
      - 117
      - 118
      - 119
      - 120
      - 121
      - 122
      - 123
      - 124
      - 125
      - 126
      - 127
      - 128
      - 129
      - 131
      - 132
      - 133
      - 134
      - 135
      - 136
      - 138
      - 141
      - 142
      - 143
      - 144
      - 145
      - 146
      - 147
      - 148
      - 149
      - 150
      - 151
      - 152
      - 153
      - 154
      - 155
      - 156
      - 157
      - 158
      - 159
      - 579
  0021.png:
    recall: 0.9545454545454546
    avg_rmse: 0.4450501213635295
    stats:
      threshold_ms: "[latency]"
      segmentation_ms: "[latency]"
      quad_extraction_ms: "[latency]"
      decoding_ms: "[latency]"
      total_ms: "[latency]"
      num_candidates: 684
      num_detections: 147
    detected_ids:
      - 0
      - 1
      - 2
      - 3
      - 4
      - 5
      - 6
      - 7
      - 8
      - 9
      - 10
      - 11
      - 12
      - 13
      - 14
      - 15
      - 16
      - 17
      - 18
      - 19
      - 20
      - 21
      - 23
      - 25
      - 26
      - 27
      - 29
      - 30
      - 31
      - 32
      - 33
      - 34
      - 35
      - 36
      - 37
      - 38
      - 40
      - 41
      - 42
      - 43
      - 44
      - 46
      - 47
      - 48
      - 49
      - 50
      - 51
      - 52
      - 53
      - 54
      - 55
      - 57
      - 58
      - 59
      - 60
      - 61
      - 62
      - 63
      - 64
      - 65
      - 66
      - 67
      - 69
      - 70
      - 71
      - 72
      - 73
      - 74
      - 75
      - 76
      - 77
      - 78
      - 79
      - 80
      - 81
      - 82
      - 83
      - 84
      - 85
      - 86
      - 87
      - 88
      - 89
      - 92
      - 93
      - 94
      - 95
      - 96
      - 97
      - 98
      - 99
      - 100
      - 101
      - 102
      - 103
      - 104
      - 105
      - 106
      - 107
      - 108
      - 109
      - 110
      - 111
      - 112
      - 113
      - 115
      - 116
      - 117
      - 118
      - 119
      - 120
      - 121
      - 122
      - 123
      - 124
      - 125
      - 126
      - 127
      - 128
      - 129
      - 130
      - 132
      - 133
      - 134
      - 135
      - 136
      - 139
      - 140
      - 141
      - 142
      - 143
      - 144
      - 145
      - 146
      - 147
      - 148
      - 149
      - 150
      - 151
      - 152
      - 153
      - 154
      - 155
      - 156
      - 157
      - 158
      - 159
  0022.png:
    recall: 0.974025974025974
    avg_rmse: 0.39761271833915934
    stats:
      threshold_ms: "[latency]"
      segmentation_ms: "[latency]"
      quad_extraction_ms: "[latency]"
      decoding_ms: "[latency]"
      total_ms: "[latency]"
      num_candidates: 698
      num_detections: 150
    detected_ids:
      - 0
      - 1
      - 2
      - 3
      - 4
      - 5
      - 6
      - 7
      - 8
      - 9
      - 10
      - 11
      - 12
      - 13
      - 14
      - 15
      - 16
      - 17
      - 18
      - 19
      - 20
      - 21
      - 23
      - 24
      - 25
      - 26
      - 27
      - 28
      - 29
      - 30
      - 31
      - 32
      - 33
      - 34
      - 35
      - 36
      - 37
      - 38
      - 39
      - 40
      - 41
      - 42
      - 43
      - 44
      - 46
      - 47
      - 48
      - 49
      - 50
      - 51
      - 52
      - 53
      - 54
      - 55
      - 56
      - 57
      - 58
      - 59
      - 60
      - 61
      - 62
      - 63
      - 64
      - 65
      - 66
      - 67
      - 70
      - 71
      - 72
      - 73
      - 75
      - 76
      - 77
      - 78
      - 80
      - 81
      - 82
      - 83
      - 84
      - 85
      - 86
      - 87
      - 88
      - 89
      - 90
      - 92
      - 93
      - 94
      - 95
      - 96
      - 97
      - 98
      - 99
      - 100
      - 101
      - 102
      - 103
      - 104
      - 105
      - 106
      - 107
      - 108
      - 109
      - 110
      - 111
      - 112
      - 113
      - 115
      - 116
      - 117
      - 118
      - 119
      - 120
      - 121
      - 122
      - 123
      - 124
      - 125
      - 126
      - 127
      - 128
      - 129
      - 130
      - 132
      - 133
      - 134
      - 135
      - 136
      - 138
      - 139
      - 140
      - 141
      - 142
      - 143
      - 144
      - 145
      - 146
      - 147
      - 148
      - 149
      - 150
      - 151
      - 152
      - 153
      - 154
      - 155
      - 156
      - 157
      - 158
      - 159
  0023.png:
    recall: 0.9805194805194806
    avg_rmse: 0.39323261151637634
    stats:
      threshold_ms: "[latency]"
      segmentation_ms: "[latency]"
      quad_extraction_ms: "[latency]"
      decoding_ms: "[latency]"
      total_ms: "[latency]"
      num_candidates: 704
      num_detections: 151
    detected_ids:
      - 0
      - 1
      - 2
      - 3
      - 4
      - 5
      - 6
      - 7
      - 8
      - 9
      - 10
      - 11
      - 12
      - 13
      - 14
      - 15
      - 16
      - 17
      - 18
      - 19
      - 20
      - 21
      - 23
      - 24
      - 25
      - 26
      - 27
      - 28
      - 29
      - 30
      - 31
      - 32
      - 33
      - 34
      - 35
      - 36
      - 37
      - 38
      - 39
      - 40
      - 41
      - 42
      - 43
      - 44
      - 46
      - 47
      - 48
      - 49
      - 50
      - 51
      - 52
      - 53
      - 54
      - 55
      - 56
      - 57
      - 58
      - 59
      - 60
      - 61
      - 62
      - 63
      - 64
      - 66
      - 67
      - 69
      - 70
      - 71
      - 72
      - 73
      - 74
      - 75
      - 76
      - 77
      - 78
      - 80
      - 81
      - 82
      - 83
      - 84
      - 85
      - 86
      - 87
      - 88
      - 89
      - 90
      - 92
      - 93
      - 94
      - 95
      - 96
      - 97
      - 98
      - 99
      - 100
      - 101
      - 102
      - 103
      - 104
      - 105
      - 106
      - 107
      - 108
      - 109
      - 110
      - 111
      - 112
      - 113
      - 115
      - 116
      - 117
      - 118
      - 119
      - 120
      - 121
      - 122
      - 123
      - 124
      - 125
      - 126
      - 127
      - 128
      - 129
      - 130
      - 131
      - 132
      - 133
      - 134
      - 135
      - 136
      - 138
      - 139
      - 140
      - 141
      - 142
      - 143
      - 144
      - 145
      - 146
      - 147
      - 148
      - 149
      - 150
      - 152
      - 153
      - 154
      - 155
      - 156
      - 157
      - 158
      - 159
  0024.png:
    recall: 1
    avg_rmse: 0.272511226067196
    stats:
      threshold_ms: "[latency]"
      segmentation_ms: "[latency]"
      quad_extraction_ms: "[latency]"
      decoding_ms: "[latency]"
      total_ms: "[latency]"
      num_candidates: 687
      num_detections: 154
    detected_ids:
      - 0
      - 1
      - 2
      - 3
      - 4
      - 5
      - 6
      - 7
      - 8
      - 9
      - 10
      - 11
      - 12
      - 13
      - 14
      - 15
      - 16
      - 17
      - 18
      - 19
      - 20
      - 21
      - 23
      - 24
      - 25
      - 26
      - 27
      - 28
      - 29
      - 30
      - 31
      - 32
      - 33
      - 34
      - 35
      - 36
      - 37
      - 38
      - 39
      - 40
      - 41
      - 42
      - 43
      - 44
      - 46
      - 47
      - 48
      - 49
      - 50
      - 51
      - 52
      - 53
      - 54
      - 55
      - 56
      - 57
      - 58
      - 59
      - 60
      - 61
      - 62
      - 63
      - 64
      - 65
      - 66
      - 67
      - 69
      - 70
      - 71
      - 72
      - 73
      - 74
      - 75
      - 76
      - 77
      - 78
      - 79
      - 80
      - 81
      - 82
      - 83
      - 84
      - 85
      - 86
      - 87
      - 88
      - 89
      - 90
      - 92
      - 93
      - 94
      - 95
      - 96
      - 97
      - 98
      - 99
      - 100
      - 101
      - 102
      - 103
      - 104
      - 105
      - 106
      - 107
      - 108
      - 109
      - 110
      - 111
      - 112
      - 113
      - 115
      - 116
      - 117
      - 118
      - 119
      - 120
      - 121
      - 122
      - 123
      - 124
      - 125
      - 126
      - 127
      - 128
      - 129
      - 130
      - 131
      - 132
      - 133
      - 134
      - 135
      - 136
      - 138
      - 139
      - 140
      - 141
      - 142
      - 143
      - 144
      - 145
      - 146
      - 147
      - 148
      - 149
      - 150
      - 151
      - 152
      - 153
      - 154
      - 155
      - 156
      - 157
      - 158
      - 159
  0025.png:
    recall: 1
    avg_rmse: 0.34035652324803123
    stats:
      threshold_ms: "[latency]"
      segmentation_ms: "[latency]"
      quad_extraction_ms: "[latency]"
      decoding_ms: "[latency]"
      total_ms: "[latency]"
      num_candidates: 678
      num_detections: 154
    detected_ids:
      - 0
      - 1
      - 2
      - 3
      - 4
      - 5
      - 6
      - 7
      - 8
      - 9
      - 10
      - 11
      - 12
      - 13
      - 14
      - 15
      - 16
      - 17
      - 18
      - 19
      - 20
      - 21
      - 23
      - 24
      - 25
      - 26
      - 27
      - 28
      - 29
      - 30
      - 31
      - 32
      - 33
      - 34
      - 35
      - 36
      - 37
      - 38
      - 39
      - 40
      - 41
      - 42
      - 43
      - 44
      - 46
      - 47
      - 48
      - 49
      - 50
      - 51
      - 52
      - 53
      - 54
      - 55
      - 56
      - 57
      - 58
      - 59
      - 60
      - 61
      - 62
      - 63
      - 64
      - 65
      - 66
      - 67
      - 69
      - 70
      - 71
      - 72
      - 73
      - 74
      - 75
      - 76
      - 77
      - 78
      - 79
      - 80
      - 81
      - 82
      - 83
      - 84
      - 85
      - 86
      - 87
      - 88
      - 89
      - 90
      - 92
      - 93
      - 94
      - 95
      - 96
      - 97
      - 98
      - 99
      - 100
      - 101
      - 102
      - 103
      - 104
      - 105
      - 106
      - 107
      - 108
      - 109
      - 110
      - 111
      - 112
      - 113
      - 115
      - 116
      - 117
      - 118
      - 119
      - 120
      - 121
      - 122
      - 123
      - 124
      - 125
      - 126
      - 127
      - 128
      - 129
      - 130
      - 131
      - 132
      - 133
      - 134
      - 135
      - 136
      - 138
      - 139
      - 140
      - 141
      - 142
      - 143
      - 144
      - 145
      - 146
      - 147
      - 148
      - 149
      - 150
      - 151
      - 152
      - 153
      - 154
      - 155
      - 156
      - 157
      - 158
      - 159
  0026.png:
    recall: 1
    avg_rmse: 0.30428094170190534
    stats:
      threshold_ms: "[latency]"
      segmentation_ms: "[latency]"
      quad_extraction_ms: "[latency]"
      decoding_ms: "[latency]"
      total_ms: "[latency]"
      num_candidates: 675
      num_detections: 155
    detected_ids:
      - 0
      - 1
      - 2
      - 3
      - 4
      - 5
      - 6
      - 7
      - 8
      - 9
      - 10
      - 11
      - 12
      - 13
      - 14
      - 15
      - 16
      - 17
      - 18
      - 19
      - 20
      - 21
      - 23
      - 24
      - 25
      - 26
      - 27
      - 28
      - 29
      - 30
      - 31
      - 32
      - 33
      - 34
      - 35
      - 36
      - 37
      - 38
      - 39
      - 40
      - 41
      - 42
      - 43
      - 44
      - 46
      - 47
      - 48
      - 49
      - 50
      - 51
      - 52
      - 53
      - 54
      - 55
      - 56
      - 57
      - 58
      - 59
      - 60
      - 61
      - 62
      - 63
      - 64
      - 65
      - 66
      - 67
      - 69
      - 70
      - 71
      - 72
      - 73
      - 74
      - 75
      - 76
      - 77
      - 78
      - 79
      - 80
      - 81
      - 82
      - 83
      - 84
      - 85
      - 86
      - 87
      - 88
      - 89
      - 90
      - 92
      - 93
      - 94
      - 95
      - 96
      - 97
      - 98
      - 99
      - 100
      - 101
      - 102
      - 103
      - 104
      - 105
      - 106
      - 107
      - 108
      - 109
      - 110
      - 111
      - 112
      - 113
      - 115
      - 116
      - 117
      - 118
      - 119
      - 120
      - 121
      - 122
      - 123
      - 124
      - 125
      - 126
      - 127
      - 128
      - 129
      - 130
      - 131
      - 132
      - 133
      - 134
      - 135
      - 136
      - 138
      - 139
      - 140
      - 141
      - 142
      - 143
      - 144
      - 145
      - 146
      - 147
      - 148
      - 149
      - 150
      - 151
      - 152
      - 153
      - 154
      - 155
      - 156
      - 157
      - 158
      - 159
      - 554
  0027.png:
    recall: 1
    avg_rmse: 0.3074545346244267
    stats:
      threshold_ms: "[latency]"
      segmentation_ms: "[latency]"
      quad_extraction_ms: "[latency]"
      decoding_ms: "[latency]"
      total_ms: "[latency]"
      num_candidates: 698
      num_detections: 155
    detected_ids:
      - 0
      - 1
      - 2
      - 3
      - 4
      - 5
      - 6
      - 7
      - 8
      - 9
      - 10
      - 11
      - 12
      - 13
      - 14
      - 15
      - 16
      - 17
      - 18
      - 19
      - 20
      - 21
      - 23
      - 24
      - 25
      - 26
      - 27
      - 28
      - 29
      - 30
      - 31
      - 32
      - 33
      - 34
      - 35
      - 36
      - 37
      - 38
      - 39
      - 40
      - 41
      - 42
      - 43
      - 44
      - 46
      - 47
      - 48
      - 49
      - 50
      - 51
      - 52
      - 53
      - 54
      - 55
      - 56
      - 57
      - 58
      - 59
      - 60
      - 61
      - 62
      - 63
      - 64
      - 65
      - 66
      - 67
      - 69
      - 70
      - 71
      - 72
      - 73
      - 74
      - 75
      - 76
      - 77
      - 78
      - 79
      - 80
      - 81
      - 82
      - 83
      - 84
      - 85
      - 86
      - 87
      - 88
      - 89
      - 90
      - 92
      - 93
      - 94
      - 95
      - 96
      - 97
      - 98
      - 99
      - 100
      - 101
      - 102
      - 103
      - 104
      - 105
      - 106
      - 107
      - 108
      - 109
      - 110
      - 111
      - 112
      - 113
      - 115
      - 116
      - 117
      - 118
      - 119
      - 120
      - 121
      - 122
      - 123
      - 124
      - 125
      - 126
      - 127
      - 128
      - 129
      - 130
      - 131
      - 132
      - 133
      - 134
      - 135
      - 136
      - 138
      - 139
      - 140
      - 141
      - 142
      - 143
      - 144
      - 145
      - 146
      - 147
      - 148
      - 149
      - 150
      - 151
      - 152
      - 153
      - 154
      - 155
      - 156
      - 157
      - 158
      - 159
      - 579
  0028.png:
    recall: 1
    avg_rmse: 0.2965850142651722
    stats:
      threshold_ms: "[latency]"
      segmentation_ms: "[latency]"
      quad_extraction_ms: "[latency]"
      decoding_ms: "[latency]"
      total_ms: "[latency]"
      num_candidates: 690
      num_detections: 154
    detected_ids:
      - 0
      - 1
      - 2
      - 3
      - 4
      - 5
      - 6
      - 7
      - 8
      - 9
      - 10
      - 11
      - 12
      - 13
      - 14
      - 15
      - 16
      - 17
      - 18
      - 19
      - 20
      - 21
      - 23
      - 24
      - 25
      - 26
      - 27
      - 28
      - 29
      - 30
      - 31
      - 32
      - 33
      - 34
      - 35
      - 36
      - 37
      - 38
      - 39
      - 40
      - 41
      - 42
      - 43
      - 44
      - 46
      - 47
      - 48
      - 49
      - 50
      - 51
      - 52
      - 53
      - 54
      - 55
      - 56
      - 57
      - 58
      - 59
      - 60
      - 61
      - 62
      - 63
      - 64
      - 65
      - 66
      - 67
      - 69
      - 70
      - 71
      - 72
      - 73
      - 74
      - 75
      - 76
      - 77
      - 78
      - 79
      - 80
      - 81
      - 82
      - 83
      - 84
      - 85
      - 86
      - 87
      - 88
      - 89
      - 90
      - 92
      - 93
      - 94
      - 95
      - 96
      - 97
      - 98
      - 99
      - 100
      - 101
      - 102
      - 103
      - 104
      - 105
      - 106
      - 107
      - 108
      - 109
      - 110
      - 111
      - 112
      - 113
      - 115
      - 116
      - 117
      - 118
      - 119
      - 120
      - 121
      - 122
      - 123
      - 124
      - 125
      - 126
      - 127
      - 128
      - 129
      - 130
      - 131
      - 132
      - 133
      - 134
      - 135
      - 136
      - 138
      - 139
      - 140
      - 141
      - 142
      - 143
      - 144
      - 145
      - 146
      - 147
      - 148
      - 149
      - 150
      - 151
      - 152
      - 153
      - 154
      - 155
      - 156
      - 157
      - 158
      - 159
  0029.png:
    recall: 1
    avg_rmse: 0.296025925669798
    stats:
      threshold_ms: "[latency]"
      segmentation_ms: "[latency]"
      quad_extraction_ms: "[latency]"
      decoding_ms: "[latency]"
      total_ms: "[latency]"
      num_candidates: 675
      num_detections: 154
    detected_ids:
      - 0
      - 1
      - 2
      - 3
      - 4
      - 5
      - 6
      - 7
      - 8
      - 9
      - 10
      - 11
      - 12
      - 13
      - 14
      - 15
      - 16
      - 17
      - 18
      - 19
      - 20
      - 21
      - 23
      - 24
      - 25
      - 26
      - 27
      - 28
      - 29
      - 30
      - 31
      - 32
      - 33
      - 34
      - 35
      - 36
      - 37
      - 38
      - 39
      - 40
      - 41
      - 42
      - 43
      - 44
      - 46
      - 47
      - 48
      - 49
      - 50
      - 51
      - 52
      - 53
      - 54
      - 55
      - 56
      - 57
      - 58
      - 59
      - 60
      - 61
      - 62
      - 63
      - 64
      - 65
      - 66
      - 67
      - 69
      - 70
      - 71
      - 72
      - 73
      - 74
      - 75
      - 76
      - 77
      - 78
      - 79
      - 80
      - 81
      - 82
      - 83
      - 84
      - 85
      - 86
      - 87
      - 88
      - 89
      - 90
      - 92
      - 93
      - 94
      - 95
      - 96
      - 97
      - 98
      - 99
      - 100
      - 101
      - 102
      - 103
      - 104
      - 105
      - 106
      - 107
      - 108
      - 109
      - 110
      - 111
      - 112
      - 113
      - 115
      - 116
      - 117
      - 118
      - 119
      - 120
      - 121
      - 122
      - 123
      - 124
      - 125
      - 126
      - 127
      - 128
      - 129
      - 130
      - 131
      - 132
      - 133
      - 134
      - 135
      - 136
      - 138
      - 139
      - 140
      - 141
      - 142
      - 143
      - 144
      - 145
      - 146
      - 147
      - 148
      - 149
      - 150
      - 151
      - 152
      - 153
      - 154
      - 155
      - 156
      - 157
      - 158
      - 159
  0030.png:
    recall: 1
    avg_rmse: 0.2795391253335551
    stats:
      threshold_ms: "[latency]"
      segmentation_ms: "[latency]"
      quad_extraction_ms: "[latency]"
      decoding_ms: "[latency]"
      total_ms: "[latency]"
      num_candidates: 661
      num_detections: 154
    detected_ids:
      - 0
      - 1
      - 2
      - 3
      - 4
      - 5
      - 6
      - 7
      - 8
      - 9
      - 10
      - 11
      - 12
      - 13
      - 14
      - 15
      - 16
      - 17
      - 18
      - 19
      - 20
      - 21
      - 23
      - 24
      - 25
      - 26
      - 27
      - 28
      - 29
      - 30
      - 31
      - 32
      - 33
      - 34
      - 35
      - 36
      - 37
      - 38
      - 39
      - 40
      - 41
      - 42
      - 43
      - 44
      - 46
      - 47
      - 48
      - 49
      - 50
      - 51
      - 52
      - 53
      - 54
      - 55
      - 56
      - 57
      - 58
      - 59
      - 60
      - 61
      - 62
      - 63
      - 64
      - 65
      - 66
      - 67
      - 69
      - 70
      - 71
      - 72
      - 73
      - 74
      - 75
      - 76
      - 77
      - 78
      - 79
      - 80
      - 81
      - 82
      - 83
      - 84
      - 85
      - 86
      - 87
      - 88
      - 89
      - 90
      - 92
      - 93
      - 94
      - 95
      - 96
      - 97
      - 98
      - 99
      - 100
      - 101
      - 102
      - 103
      - 104
      - 105
      - 106
      - 107
      - 108
      - 109
      - 110
      - 111
      - 112
      - 113
      - 115
      - 116
      - 117
      - 118
      - 119
      - 120
      - 121
      - 122
      - 123
      - 124
      - 125
      - 126
      - 127
      - 128
      - 129
      - 130
      - 131
      - 132
      - 133
      - 134
      - 135
      - 136
      - 138
      - 139
      - 140
      - 141
      - 142
      - 143
      - 144
      - 145
      - 146
      - 147
      - 148
      - 149
      - 150
      - 151
      - 152
      - 153
      - 154
      - 155
      - 156
      - 157
      - 158
      - 159
  0031.png:
    recall: 1
    avg_rmse: 0.25587185065544044
    stats:
      threshold_ms: "[latency]"
      segmentation_ms: "[latency]"
      quad_extraction_ms: "[latency]"
      decoding_ms: "[latency]"
      total_ms: "[latency]"
      num_candidates: 689
      num_detections: 154
    detected_ids:
      - 0
      - 1
      - 2
      - 3
      - 4
      - 5
      - 6
      - 7
      - 8
      - 9
      - 10
      - 11
      - 12
      - 13
      - 14
      - 15
      - 16
      - 17
      - 18
      - 19
      - 20
      - 21
      - 23
      - 24
      - 25
      - 26
      - 27
      - 28
      - 29
      - 30
      - 31
      - 32
      - 33
      - 34
      - 35
      - 36
      - 37
      - 38
      - 39
      - 40
      - 41
      - 42
      - 43
      - 44
      - 46
      - 47
      - 48
      - 49
      - 50
      - 51
      - 52
      - 53
      - 54
      - 55
      - 56
      - 57
      - 58
      - 59
      - 60
      - 61
      - 62
      - 63
      - 64
      - 65
      - 66
      - 67
      - 69
      - 70
      - 71
      - 72
      - 73
      - 74
      - 75
      - 76
      - 77
      - 78
      - 79
      - 80
      - 81
      - 82
      - 83
      - 84
      - 85
      - 86
      - 87
      - 88
      - 89
      - 90
      - 92
      - 93
      - 94
      - 95
      - 96
      - 97
      - 98
      - 99
      - 100
      - 101
      - 102
      - 103
      - 104
      - 105
      - 106
      - 107
      - 108
      - 109
      - 110
      - 111
      - 112
      - 113
      - 115
      - 116
      - 117
      - 118
      - 119
      - 120
      - 121
      - 122
      - 123
      - 124
      - 125
      - 126
      - 127
      - 128
      - 129
      - 130
      - 131
      - 132
      - 133
      - 134
      - 135
      - 136
      - 138
      - 139
      - 140
      - 141
      - 142
      - 143
      - 144
      - 145
      - 146
      - 147
      - 148
      - 149
      - 150
      - 151
      - 152
      - 153
      - 154
      - 155
      - 156
      - 157
      - 158
      - 159
  0032.png:
    recall: 1
    avg_rmse: 0.27399032599412654
    stats:
      threshold_ms: "[latency]"
      segmentation_ms: "[latency]"
      quad_extraction_ms: "[latency]"
      decoding_ms: "[latency]"
      total_ms: "[latency]"
      num_candidates: 698
      num_detections: 154
    detected_ids:
      - 0
      - 1
      - 2
      - 3
      - 4
      - 5
      - 6
      - 7
      - 8
      - 9
      - 10
      - 11
      - 12
      - 13
      - 14
      - 15
      - 16
      - 17
      - 18
      - 19
      - 20
      - 21
      - 23
      - 24
      - 25
      - 26
      - 27
      - 28
      - 29
      - 30
      - 31
      - 32
      - 33
      - 34
      - 35
      - 36
      - 37
      - 38
      - 39
      - 40
      - 41
      - 42
      - 43
      - 44
      - 46
      - 47
      - 48
      - 49
      - 50
      - 51
      - 52
      - 53
      - 54
      - 55
      - 56
      - 57
      - 58
      - 59
      - 60
      - 61
      - 62
      - 63
      - 64
      - 65
      - 66
      - 67
      - 69
      - 70
      - 71
      - 72
      - 73
      - 74
      - 75
      - 76
      - 77
      - 78
      - 79
      - 80
      - 81
      - 82
      - 83
      - 84
      - 85
      - 86
      - 87
      - 88
      - 89
      - 90
      - 92
      - 93
      - 94
      - 95
      - 96
      - 97
      - 98
      - 99
      - 100
      - 101
      - 102
      - 103
      - 104
      - 105
      - 106
      - 107
      - 108
      - 109
      - 110
      - 111
      - 112
      - 113
      - 115
      - 116
      - 117
      - 118
      - 119
      - 120
      - 121
      - 122
      - 123
      - 124
      - 125
      - 126
      - 127
      - 128
      - 129
      - 130
      - 131
      - 132
      - 133
      - 134
      - 135
      - 136
      - 138
      - 139
      - 140
      - 141
      - 142
      - 143
      - 144
      - 145
      - 146
      - 147
      - 148
      - 149
      - 150
      - 151
      - 152
      - 153
      - 154
      - 155
      - 156
      - 157
      - 158
      - 159
  0033.png:
    recall: 1
    avg_rmse: 0.2319395378870951
    stats:
      threshold_ms: "[latency]"
      segmentation_ms: "[latency]"
      quad_extraction_ms: "[latency]"
      decoding_ms: "[latency]"
      total_ms: "[latency]"
      num_candidates: 667
      num_detections: 154
    detected_ids:
      - 0
      - 1
      - 2
      - 3
      - 4
      - 5
      - 6
      - 7
      - 8
      - 9
      - 10
      - 11
      - 12
      - 13
      - 14
      - 15
      - 16
      - 17
      - 18
      - 19
      - 20
      - 21
      - 23
      - 24
      - 25
      - 26
      - 27
      - 28
      - 29
      - 30
      - 31
      - 32
      - 33
      - 34
      - 35
      - 36
      - 37
      - 38
      - 39
      - 40
      - 41
      - 42
      - 43
      - 44
      - 46
      - 47
      - 48
      - 49
      - 50
      - 51
      - 52
      - 53
      - 54
      - 55
      - 56
      - 57
      - 58
      - 59
      - 60
      - 61
      - 62
      - 63
      - 64
      - 65
      - 66
      - 67
      - 69
      - 70
      - 71
      - 72
      - 73
      - 74
      - 75
      - 76
      - 77
      - 78
      - 79
      - 80
      - 81
      - 82
      - 83
      - 84
      - 85
      - 86
      - 87
      - 88
      - 89
      - 90
      - 92
      - 93
      - 94
      - 95
      - 96
      - 97
      - 98
      - 99
      - 100
      - 101
      - 102
      - 103
      - 104
      - 105
      - 106
      - 107
      - 108
      - 109
      - 110
      - 111
      - 112
      - 113
      - 115
      - 116
      - 117
      - 118
      - 119
      - 120
      - 121
      - 122
      - 123
      - 124
      - 125
      - 126
      - 127
      - 128
      - 129
      - 130
      - 131
      - 132
      - 133
      - 134
      - 135
      - 136
      - 138
      - 139
      - 140
      - 141
      - 142
      - 143
      - 144
      - 145
      - 146
      - 147
      - 148
      - 149
      - 150
      - 151
      - 152
      - 153
      - 154
      - 155
      - 156
      - 157
      - 158
      - 159
  0034.png:
    recall: 1
    avg_rmse: 0.12857747298976252
    stats:
      threshold_ms: "[latency]"
      segmentation_ms: "[latency]"
      quad_extraction_ms: "[latency]"
      decoding_ms: "[latency]"
      total_ms: "[latency]"
      num_candidates: 668
      num_detections: 154
    detected_ids:
      - 0
      - 1
      - 2
      - 3
      - 4
      - 5
      - 6
      - 7
      - 8
      - 9
      - 10
      - 11
      - 12
      - 13
      - 14
      - 15
      - 16
      - 17
      - 18
      - 19
      - 20
      - 21
      - 23
      - 24
      - 25
      - 26
      - 27
      - 28
      - 29
      - 30
      - 31
      - 32
      - 33
      - 34
      - 35
      - 36
      - 37
      - 38
      - 39
      - 40
      - 41
      - 42
      - 43
      - 44
      - 46
      - 47
      - 48
      - 49
      - 50
      - 51
      - 52
      - 53
      - 54
      - 55
      - 56
      - 57
      - 58
      - 59
      - 60
      - 61
      - 62
      - 63
      - 64
      - 65
      - 66
      - 67
      - 69
      - 70
      - 71
      - 72
      - 73
      - 74
      - 75
      - 76
      - 77
      - 78
      - 79
      - 80
      - 81
      - 82
      - 83
      - 84
      - 85
      - 86
      - 87
      - 88
      - 89
      - 90
      - 92
      - 93
      - 94
      - 95
      - 96
      - 97
      - 98
      - 99
      - 100
      - 101
      - 102
      - 103
      - 104
      - 105
      - 106
      - 107
      - 108
      - 109
      - 110
      - 111
      - 112
      - 113
      - 115
      - 116
      - 117
      - 118
      - 119
      - 120
      - 121
      - 122
      - 123
      - 124
      - 125
      - 126
      - 127
      - 128
      - 129
      - 130
      - 131
      - 132
      - 133
      - 134
      - 135
      - 136
      - 138
      - 139
      - 140
      - 141
      - 142
      - 143
      - 144
      - 145
      - 146
      - 147
      - 148
      - 149
      - 150
      - 151
      - 152
      - 153
      - 154
      - 155
      - 156
      - 157
      - 158
      - 159
  0035.png:
    recall: 1
    avg_rmse: 0.21177819440729903
    stats:
      threshold_ms: "[latency]"
      segmentation_ms: "[latency]"
      quad_extraction_ms: "[latency]"
      decoding_ms: "[latency]"
      total_ms: "[latency]"
      num_candidates: 656
      num_detections: 155
    detected_ids:
      - 0
      - 1
      - 2
      - 3
      - 4
      - 5
      - 6
      - 7
      - 8
      - 9
      - 10
      - 11
      - 12
      - 13
      - 14
      - 15
      - 16
      - 17
      - 18
      - 19
      - 20
      - 21
      - 23
      - 24
      - 25
      - 26
      - 27
      - 28
      - 29
      - 30
      - 31
      - 32
      - 33
      - 34
      - 35
      - 36
      - 37
      - 38
      - 39
      - 40
      - 41
      - 42
      - 43
      - 44
      - 46
      - 47
      - 48
      - 49
      - 50
      - 51
      - 52
      - 53
      - 54
      - 55
      - 56
      - 57
      - 58
      - 59
      - 60
      - 61
      - 62
      - 63
      - 64
      - 65
      - 66
      - 67
      - 69
      - 70
      - 71
      - 72
      - 73
      - 74
      - 75
      - 76
      - 77
      - 78
      - 79
      - 80
      - 81
      - 82
      - 83
      - 84
      - 85
      - 86
      - 87
      - 88
      - 89
      - 90
      - 92
      - 93
      - 94
      - 95
      - 96
      - 97
      - 98
      - 99
      - 100
      - 101
      - 102
      - 103
      - 104
      - 105
      - 106
      - 107
      - 108
      - 109
      - 110
      - 111
      - 112
      - 113
      - 115
      - 116
      - 117
      - 118
      - 119
      - 120
      - 121
      - 122
      - 123
      - 124
      - 125
      - 126
      - 127
      - 128
      - 129
      - 130
      - 131
      - 132
      - 133
      - 134
      - 135
      - 136
      - 138
      - 139
      - 140
      - 141
      - 142
      - 143
      - 144
      - 145
      - 146
      - 147
      - 148
      - 149
      - 150
      - 151
      - 152
      - 153
      - 154
      - 155
      - 156
      - 157
      - 158
      - 159
      - 579
  0036.png:
    recall: 1
    avg_rmse: 0.2157795160018422
    stats:
      threshold_ms: "[latency]"
      segmentation_ms: "[latency]"
      quad_extraction_ms: "[latency]"
      decoding_ms: "[latency]"
      total_ms: "[latency]"
      num_candidates: 680
      num_detections: 154
    detected_ids:
      - 0
      - 1
      - 2
      - 3
      - 4
      - 5
      - 6
      - 7
      - 8
      - 9
      - 10
      - 11
      - 12
      - 13
      - 14
      - 15
      - 16
      - 17
      - 18
      - 19
      - 20
      - 21
      - 23
      - 24
      - 25
      - 26
      - 27
      - 28
      - 29
      - 30
      - 31
      - 32
      - 33
      - 34
      - 35
      - 36
      - 37
      - 38
      - 39
      - 40
      - 41
      - 42
      - 43
      - 44
      - 46
      - 47
      - 48
      - 49
      - 50
      - 51
      - 52
      - 53
      - 54
      - 55
      - 56
      - 57
      - 58
      - 59
      - 60
      - 61
      - 62
      - 63
      - 64
      - 65
      - 66
      - 67
      - 69
      - 70
      - 71
      - 72
      - 73
      - 74
      - 75
      - 76
      - 77
      - 78
      - 79
      - 80
      - 81
      - 82
      - 83
      - 84
      - 85
      - 86
      - 87
      - 88
      - 89
      - 90
      - 92
      - 93
      - 94
      - 95
      - 96
      - 97
      - 98
      - 99
      - 100
      - 101
      - 102
      - 103
      - 104
      - 105
      - 106
      - 107
      - 108
      - 109
      - 110
      - 111
      - 112
      - 113
      - 115
      - 116
      - 117
      - 118
      - 119
      - 120
      - 121
      - 122
      - 123
      - 124
      - 125
      - 126
      - 127
      - 128
      - 129
      - 130
      - 131
      - 132
      - 133
      - 134
      - 135
      - 136
      - 138
      - 139
      - 140
      - 141
      - 142
      - 143
      - 144
      - 145
      - 146
      - 147
      - 148
      - 149
      - 150
      - 151
      - 152
      - 153
      - 154
      - 155
      - 156
      - 157
      - 158
      - 159
  0037.png:
    recall: 1
    avg_rmse: 0.21047881370818608
    stats:
      threshold_ms: "[latency]"
      segmentation_ms: "[latency]"
      quad_extraction_ms: "[latency]"
      decoding_ms: "[latency]"
      total_ms: "[latency]"
      num_candidates: 667
      num_detections: 154
    detected_ids:
      - 0
      - 1
      - 2
      - 3
      - 4
      - 5
      - 6
      - 7
      - 8
      - 9
      - 10
      - 11
      - 12
      - 13
      - 14
      - 15
      - 16
      - 17
      - 18
      - 19
      - 20
      - 21
      - 23
      - 24
      - 25
      - 26
      - 27
      - 28
      - 29
      - 30
      - 31
      - 32
      - 33
      - 34
      - 35
      - 36
      - 37
      - 38
      - 39
      - 40
      - 41
      - 42
      - 43
      - 44
      - 46
      - 47
      - 48
      - 49
      - 50
      - 51
      - 52
      - 53
      - 54
      - 55
      - 56
      - 57
      - 58
      - 59
      - 60
      - 61
      - 62
      - 63
      - 64
      - 65
      - 66
      - 67
      - 69
      - 70
      - 71
      - 72
      - 73
      - 74
      - 75
      - 76
      - 77
      - 78
      - 79
      - 80
      - 81
      - 82
      - 83
      - 84
      - 85
      - 86
      - 87
      - 88
      - 89
      - 90
      - 92
      - 93
      - 94
      - 95
      - 96
      - 97
      - 98
      - 99
      - 100
      - 101
      - 102
      - 103
      - 104
      - 105
      - 106
      - 107
      - 108
      - 109
      - 110
      - 111
      - 112
      - 113
      - 115
      - 116
      - 117
      - 118
      - 119
      - 120
      - 121
      - 122
      - 123
      - 124
      - 125
      - 126
      - 127
      - 128
      - 129
      - 130
      - 131
      - 132
      - 133
      - 134
      - 135
      - 136
      - 138
      - 139
      - 140
      - 141
      - 142
      - 143
      - 144
      - 145
      - 146
      - 147
      - 148
      - 149
      - 150
      - 151
      - 152
      - 153
      - 154
      - 155
      - 156
      - 157
      - 158
      - 159
  0038.png:
    recall: 1
    avg_rmse: 0.20017940118278132
    stats:
      threshold_ms: "[latency]"
      segmentation_ms: "[latency]"
      quad_extraction_ms: "[latency]"
      decoding_ms: "[latency]"
      total_ms: "[latency]"
      num_candidates: 664
      num_detections: 154
    detected_ids:
      - 0
      - 1
      - 2
      - 3
      - 4
      - 5
      - 6
      - 7
      - 8
      - 9
      - 10
      - 11
      - 12
      - 13
      - 14
      - 15
      - 16
      - 17
      - 18
      - 19
      - 20
      - 21
      - 23
      - 24
      - 25
      - 26
      - 27
      - 28
      - 29
      - 30
      - 31
      - 32
      - 33
      - 34
      - 35
      - 36
      - 37
      - 38
      - 39
      - 40
      - 41
      - 42
      - 43
      - 44
      - 46
      - 47
      - 48
      - 49
      - 50
      - 51
      - 52
      - 53
      - 54
      - 55
      - 56
      - 57
      - 58
      - 59
      - 60
      - 61
      - 62
      - 63
      - 64
      - 65
      - 66
      - 67
      - 69
      - 70
      - 71
      - 72
      - 73
      - 74
      - 75
      - 76
      - 77
      - 78
      - 79
      - 80
      - 81
      - 82
      - 83
      - 84
      - 85
      - 86
      - 87
      - 88
      - 89
      - 90
      - 92
      - 93
      - 94
      - 95
      - 96
      - 97
      - 98
      - 99
      - 100
      - 101
      - 102
      - 103
      - 104
      - 105
      - 106
      - 107
      - 108
      - 109
      - 110
      - 111
      - 112
      - 113
      - 115
      - 116
      - 117
      - 118
      - 119
      - 120
      - 121
      - 122
      - 123
      - 124
      - 125
      - 126
      - 127
      - 128
      - 129
      - 130
      - 131
      - 132
      - 133
      - 134
      - 135
      - 136
      - 138
      - 139
      - 140
      - 141
      - 142
      - 143
      - 144
      - 145
      - 146
      - 147
      - 148
      - 149
      - 150
      - 151
      - 152
      - 153
      - 154
      - 155
      - 156
      - 157
      - 158
      - 159
  0039.png:
    recall: 1
    avg_rmse: 0.22854552482087417
    stats:
      threshold_ms: "[latency]"
      segmentation_ms: "[latency]"
      quad_extraction_ms: "[latency]"
      decoding_ms: "[latency]"
      total_ms: "[latency]"
      num_candidates: 672
      num_detections: 154
    detected_ids:
      - 0
      - 1
      - 2
      - 3
      - 4
      - 5
      - 6
      - 7
      - 8
      - 9
      - 10
      - 11
      - 12
      - 13
      - 14
      - 15
      - 16
      - 17
      - 18
      - 19
      - 20
      - 21
      - 23
      - 24
      - 25
      - 26
      - 27
      - 28
      - 29
      - 30
      - 31
      - 32
      - 33
      - 34
      - 35
      - 36
      - 37
      - 38
      - 39
      - 40
      - 41
      - 42
      - 43
      - 44
      - 46
      - 47
      - 48
      - 49
      - 50
      - 51
      - 52
      - 53
      - 54
      - 55
      - 56
      - 57
      - 58
      - 59
      - 60
      - 61
      - 62
      - 63
      - 64
      - 65
      - 66
      - 67
      - 69
      - 70
      - 71
      - 72
      - 73
      - 74
      - 75
      - 76
      - 77
      - 78
      - 79
      - 80
      - 81
      - 82
      - 83
      - 84
      - 85
      - 86
      - 87
      - 88
      - 89
      - 90
      - 92
      - 93
      - 94
      - 95
      - 96
      - 97
      - 98
      - 99
      - 100
      - 101
      - 102
      - 103
      - 104
      - 105
      - 106
      - 107
      - 108
      - 109
      - 110
      - 111
      - 112
      - 113
      - 115
      - 116
      - 117
      - 118
      - 119
      - 120
      - 121
      - 122
      - 123
      - 124
      - 125
      - 126
      - 127
      - 128
      - 129
      - 130
      - 131
      - 132
      - 133
      - 134
      - 135
      - 136
      - 138
      - 139
      - 140
      - 141
      - 142
      - 143
      - 144
      - 145
      - 146
      - 147
      - 148
      - 149
      - 150
      - 151
      - 152
      - 153
      - 154
      - 155
      - 156
      - 157
      - 158
      - 159
  0040.png:
    recall: 1
    avg_rmse: 0.22105601273299993
    stats:
      threshold_ms: "[latency]"
      segmentation_ms: "[latency]"
      quad_extraction_ms: "[latency]"
      decoding_ms: "[latency]"
      total_ms: "[latency]"
      num_candidates: 652
      num_detections: 154
    detected_ids:
      - 0
      - 1
      - 2
      - 3
      - 4
      - 5
      - 6
      - 7
      - 8
      - 9
      - 10
      - 11
      - 12
      - 13
      - 14
      - 15
      - 16
      - 17
      - 18
      - 19
      - 20
      - 21
      - 23
      - 24
      - 25
      - 26
      - 27
      - 28
      - 29
      - 30
      - 31
      - 32
      - 33
      - 34
      - 35
      - 36
      - 37
      - 38
      - 39
      - 40
      - 41
      - 42
      - 43
      - 44
      - 46
      - 47
      - 48
      - 49
      - 50
      - 51
      - 52
      - 53
      - 54
      - 55
      - 56
      - 57
      - 58
      - 59
      - 60
      - 61
      - 62
      - 63
      - 64
      - 65
      - 66
      - 67
      - 69
      - 70
      - 71
      - 72
      - 73
      - 74
      - 75
      - 76
      - 77
      - 78
      - 79
      - 80
      - 81
      - 82
      - 83
      - 84
      - 85
      - 86
      - 87
      - 88
      - 89
      - 90
      - 92
      - 93
      - 94
      - 95
      - 96
      - 97
      - 98
      - 99
      - 100
      - 101
      - 102
      - 103
      - 104
      - 105
      - 106
      - 107
      - 108
      - 109
      - 110
      - 111
      - 112
      - 113
      - 115
      - 116
      - 117
      - 118
      - 119
      - 120
      - 121
      - 122
      - 123
      - 124
      - 125
      - 126
      - 127
      - 128
      - 129
      - 130
      - 131
      - 132
      - 133
      - 134
      - 135
      - 136
      - 138
      - 139
      - 140
      - 141
      - 142
      - 143
      - 144
      - 145
      - 146
      - 147
      - 148
      - 149
      - 150
      - 151
      - 152
      - 153
      - 154
      - 155
      - 156
      - 157
      - 158
      - 159
  0041.png:
    recall: 1
    avg_rmse: 0.18145997063447714
    stats:
      threshold_ms: "[latency]"
      segmentation_ms: "[latency]"
      quad_extraction_ms: "[latency]"
      decoding_ms: "[latency]"
      total_ms: "[latency]"
      num_candidates: 665
      num_detections: 154
    detected_ids:
      - 0
      - 1
      - 2
      - 3
      - 4
      - 5
      - 6
      - 7
      - 8
      - 9
      - 10
      - 11
      - 12
      - 13
      - 14
      - 15
      - 16
      - 17
      - 18
      - 19
      - 20
      - 21
      - 23
      - 24
      - 25
      - 26
      - 27
      - 28
      - 29
      - 30
      - 31
      - 32
      - 33
      - 34
      - 35
      - 36
      - 37
      - 38
      - 39
      - 40
      - 41
      - 42
      - 43
      - 44
      - 46
      - 47
      - 48
      - 49
      - 50
      - 51
      - 52
      - 53
      - 54
      - 55
      - 56
      - 57
      - 58
      - 59
      - 60
      - 61
      - 62
      - 63
      - 64
      - 65
      - 66
      - 67
      - 69
      - 70
      - 71
      - 72
      - 73
      - 74
      - 75
      - 76
      - 77
      - 78
      - 79
      - 80
      - 81
      - 82
      - 83
      - 84
      - 85
      - 86
      - 87
      - 88
      - 89
      - 90
      - 92
      - 93
      - 94
      - 95
      - 96
      - 97
      - 98
      - 99
      - 100
      - 101
      - 102
      - 103
      - 104
      - 105
      - 106
      - 107
      - 108
      - 109
      - 110
      - 111
      - 112
      - 113
      - 115
      - 116
      - 117
      - 118
      - 119
      - 120
      - 121
      - 122
      - 123
      - 124
      - 125
      - 126
      - 127
      - 128
      - 129
      - 130
      - 131
      - 132
      - 133
      - 134
      - 135
      - 136
      - 138
      - 139
      - 140
      - 141
      - 142
      - 143
      - 144
      - 145
      - 146
      - 147
      - 148
      - 149
      - 150
      - 151
      - 152
      - 153
      - 154
      - 155
      - 156
      - 157
      - 158
      - 159
  0042.png:
    recall: 1
    avg_rmse: 0.21278327143939785
    stats:
      threshold_ms: "[latency]"
      segmentation_ms: "[latency]"
      quad_extraction_ms: "[latency]"
      decoding_ms: "[latency]"
      total_ms: "[latency]"
      num_candidates: 628
      num_detections: 154
    detected_ids:
      - 0
      - 1
      - 2
      - 3
      - 4
      - 5
      - 6
      - 7
      - 8
      - 9
      - 10
      - 11
      - 12
      - 13
      - 14
      - 15
      - 16
      - 17
      - 18
      - 19
      - 20
      - 21
      - 23
      - 24
      - 25
      - 26
      - 27
      - 28
      - 29
      - 30
      - 31
      - 32
      - 33
      - 34
      - 35
      - 36
      - 37
      - 38
      - 39
      - 40
      - 41
      - 42
      - 43
      - 44
      - 46
      - 47
      - 48
      - 49
      - 50
      - 51
      - 52
      - 53
      - 54
      - 55
      - 56
      - 57
      - 58
      - 59
      - 60
      - 61
      - 62
      - 63
      - 64
      - 65
      - 66
      - 67
      - 69
      - 70
      - 71
      - 72
      - 73
      - 74
      - 75
      - 76
      - 77
      - 78
      - 79
      - 80
      - 81
      - 82
      - 83
      - 84
      - 85
      - 86
      - 87
      - 88
      - 89
      - 90
      - 92
      - 93
      - 94
      - 95
      - 96
      - 97
      - 98
      - 99
      - 100
      - 101
      - 102
      - 103
      - 104
      - 105
      - 106
      - 107
      - 108
      - 109
      - 110
      - 111
      - 112
      - 113
      - 115
      - 116
      - 117
      - 118
      - 119
      - 120
      - 121
      - 122
      - 123
      - 124
      - 125
      - 126
      - 127
      - 128
      - 129
      - 130
      - 131
      - 132
      - 133
      - 134
      - 135
      - 136
      - 138
      - 139
      - 140
      - 141
      - 142
      - 143
      - 144
      - 145
      - 146
      - 147
      - 148
      - 149
      - 150
      - 151
      - 152
      - 153
      - 154
      - 155
      - 156
      - 157
      - 158
      - 159
  0043.png:
    recall: 1
    avg_rmse: 0.2281468539770524
    stats:
      threshold_ms: "[latency]"
      segmentation_ms: "[latency]"
      quad_extraction_ms: "[latency]"
      decoding_ms: "[latency]"
      total_ms: "[latency]"
      num_candidates: 614
      num_detections: 154
    detected_ids:
      - 0
      - 1
      - 2
      - 3
      - 4
      - 5
      - 6
      - 7
      - 8
      - 9
      - 10
      - 11
      - 12
      - 13
      - 14
      - 15
      - 16
      - 17
      - 18
      - 19
      - 20
      - 21
      - 23
      - 24
      - 25
      - 26
      - 27
      - 28
      - 29
      - 30
      - 31
      - 32
      - 33
      - 34
      - 35
      - 36
      - 37
      - 38
      - 39
      - 40
      - 41
      - 42
      - 43
      - 44
      - 46
      - 47
      - 48
      - 49
      - 50
      - 51
      - 52
      - 53
      - 54
      - 55
      - 56
      - 57
      - 58
      - 59
      - 60
      - 61
      - 62
      - 63
      - 64
      - 65
      - 66
      - 67
      - 69
      - 70
      - 71
      - 72
      - 73
      - 74
      - 75
      - 76
      - 77
      - 78
      - 79
      - 80
      - 81
      - 82
      - 83
      - 84
      - 85
      - 86
      - 87
      - 88
      - 89
      - 90
      - 92
      - 93
      - 94
      - 95
      - 96
      - 97
      - 98
      - 99
      - 100
      - 101
      - 102
      - 103
      - 104
      - 105
      - 106
      - 107
      - 108
      - 109
      - 110
      - 111
      - 112
      - 113
      - 115
      - 116
      - 117
      - 118
      - 119
      - 120
      - 121
      - 122
      - 123
      - 124
      - 125
      - 126
      - 127
      - 128
      - 129
      - 130
      - 131
      - 132
      - 133
      - 134
      - 135
      - 136
      - 138
      - 139
      - 140
      - 141
      - 142
      - 143
      - 144
      - 145
      - 146
      - 147
      - 148
      - 149
      - 150
      - 151
      - 152
      - 153
      - 154
      - 155
      - 156
      - 157
      - 158
      - 159
  0044.png:
    recall: 1
    avg_rmse: 0.05901413183596172
    stats:
      threshold_ms: "[latency]"
      segmentation_ms: "[latency]"
      quad_extraction_ms: "[latency]"
      decoding_ms: "[latency]"
      total_ms: "[latency]"
      num_candidates: 612
      num_detections: 154
    detected_ids:
      - 0
      - 1
      - 2
      - 3
      - 4
      - 5
      - 6
      - 7
      - 8
      - 9
      - 10
      - 11
      - 12
      - 13
      - 14
      - 15
      - 16
      - 17
      - 18
      - 19
      - 20
      - 21
      - 23
      - 24
      - 25
      - 26
      - 27
      - 28
      - 29
      - 30
      - 31
      - 32
      - 33
      - 34
      - 35
      - 36
      - 37
      - 38
      - 39
      - 40
      - 41
      - 42
      - 43
      - 44
      - 46
      - 47
      - 48
      - 49
      - 50
      - 51
      - 52
      - 53
      - 54
      - 55
      - 56
      - 57
      - 58
      - 59
      - 60
      - 61
      - 62
      - 63
      - 64
      - 65
      - 66
      - 67
      - 69
      - 70
      - 71
      - 72
      - 73
      - 74
      - 75
      - 76
      - 77
      - 78
      - 79
      - 80
      - 81
      - 82
      - 83
      - 84
      - 85
      - 86
      - 87
      - 88
      - 89
      - 90
      - 92
      - 93
      - 94
      - 95
      - 96
      - 97
      - 98
      - 99
      - 100
      - 101
      - 102
      - 103
      - 104
      - 105
      - 106
      - 107
      - 108
      - 109
      - 110
      - 111
      - 112
      - 113
      - 115
      - 116
      - 117
      - 118
      - 119
      - 120
      - 121
      - 122
      - 123
      - 124
      - 125
      - 126
      - 127
      - 128
      - 129
      - 130
      - 131
      - 132
      - 133
      - 134
      - 135
      - 136
      - 138
      - 139
      - 140
      - 141
      - 142
      - 143
      - 144
      - 145
      - 146
      - 147
      - 148
      - 149
      - 150
      - 151
      - 152
      - 153
      - 154
      - 155
      - 156
      - 157
      - 158
      - 159
  0045.png:
    recall: 1
    avg_rmse: 0.20658483885379933
    stats:
      threshold_ms: "[latency]"
      segmentation_ms: "[latency]"
      quad_extraction_ms: "[latency]"
      decoding_ms: "[latency]"
      total_ms: "[latency]"
      num_candidates: 626
      num_detections: 154
    detected_ids:
      - 0
      - 1
      - 2
      - 3
      - 4
      - 5
      - 6
      - 7
      - 8
      - 9
      - 10
      - 11
      - 12
      - 13
      - 14
      - 15
      - 16
      - 17
      - 18
      - 19
      - 20
      - 21
      - 23
      - 24
      - 25
      - 26
      - 27
      - 28
      - 29
      - 30
      - 31
      - 32
      - 33
      - 34
      - 35
      - 36
      - 37
      - 38
      - 39
      - 40
      - 41
      - 42
      - 43
      - 44
      - 46
      - 47
      - 48
      - 49
      - 50
      - 51
      - 52
      - 53
      - 54
      - 55
      - 56
      - 57
      - 58
      - 59
      - 60
      - 61
      - 62
      - 63
      - 64
      - 65
      - 66
      - 67
      - 69
      - 70
      - 71
      - 72
      - 73
      - 74
      - 75
      - 76
      - 77
      - 78
      - 79
      - 80
      - 81
      - 82
      - 83
      - 84
      - 85
      - 86
      - 87
      - 88
      - 89
      - 90
      - 92
      - 93
      - 94
      - 95
      - 96
      - 97
      - 98
      - 99
      - 100
      - 101
      - 102
      - 103
      - 104
      - 105
      - 106
      - 107
      - 108
      - 109
      - 110
      - 111
      - 112
      - 113
      - 115
      - 116
      - 117
      - 118
      - 119
      - 120
      - 121
      - 122
      - 123
      - 124
      - 125
      - 126
      - 127
      - 128
      - 129
      - 130
      - 131
      - 132
      - 133
      - 134
      - 135
      - 136
      - 138
      - 139
      - 140
      - 141
      - 142
      - 143
      - 144
      - 145
      - 146
      - 147
      - 148
      - 149
      - 150
      - 151
      - 152
      - 153
      - 154
      - 155
      - 156
      - 157
      - 158
      - 159
  0046.png:
    recall: 1
    avg_rmse: 0.22464682355229423
    stats:
      threshold_ms: "[latency]"
      segmentation_ms: "[latency]"
      quad_extraction_ms: "[latency]"
      decoding_ms: "[latency]"
      total_ms: "[latency]"
      num_candidates: 568
      num_detections: 154
    detected_ids:
      - 0
      - 1
      - 2
      - 3
      - 4
      - 5
      - 6
      - 7
      - 8
      - 9
      - 10
      - 11
      - 12
      - 13
      - 14
      - 15
      - 16
      - 17
      - 18
      - 19
      - 20
      - 21
      - 23
      - 24
      - 25
      - 26
      - 27
      - 28
      - 29
      - 30
      - 31
      - 32
      - 33
      - 34
      - 35
      - 36
      - 37
      - 38
      - 39
      - 40
      - 41
      - 42
      - 43
      - 44
      - 46
      - 47
      - 48
      - 49
      - 50
      - 51
      - 52
      - 53
      - 54
      - 55
      - 56
      - 57
      - 58
      - 59
      - 60
      - 61
      - 62
      - 63
      - 64
      - 65
      - 66
      - 67
      - 69
      - 70
      - 71
      - 72
      - 73
      - 74
      - 75
      - 76
      - 77
      - 78
      - 79
      - 80
      - 81
      - 82
      - 83
      - 84
      - 85
      - 86
      - 87
      - 88
      - 89
      - 90
      - 92
      - 93
      - 94
      - 95
      - 96
      - 97
      - 98
      - 99
      - 100
      - 101
      - 102
      - 103
      - 104
      - 105
      - 106
      - 107
      - 108
      - 109
      - 110
      - 111
      - 112
      - 113
      - 115
      - 116
      - 117
      - 118
      - 119
      - 120
      - 121
      - 122
      - 123
      - 124
      - 125
      - 126
      - 127
      - 128
      - 129
      - 130
      - 131
      - 132
      - 133
      - 134
      - 135
      - 136
      - 138
      - 139
      - 140
      - 141
      - 142
      - 143
      - 144
      - 145
      - 146
      - 147
      - 148
      - 149
      - 150
      - 151
      - 152
      - 153
      - 154
      - 155
      - 156
      - 157
      - 158
      - 159
  0047.png:
    recall: 1
    avg_rmse: 0.22151418712800824
    stats:
      threshold_ms: "[latency]"
      segmentation_ms: "[latency]"
      quad_extraction_ms: "[latency]"
      decoding_ms: "[latency]"
      total_ms: "[latency]"
      num_candidates: 544
      num_detections: 154
    detected_ids:
      - 0
      - 1
      - 2
      - 3
      - 4
      - 5
      - 6
      - 7
      - 8
      - 9
      - 10
      - 11
      - 12
      - 13
      - 14
      - 15
      - 16
      - 17
      - 18
      - 19
      - 20
      - 21
      - 23
      - 24
      - 25
      - 26
      - 27
      - 28
      - 29
      - 30
      - 31
      - 32
      - 33
      - 34
      - 35
      - 36
      - 37
      - 38
      - 39
      - 40
      - 41
      - 42
      - 43
      - 44
      - 46
      - 47
      - 48
      - 49
      - 50
      - 51
      - 52
      - 53
      - 54
      - 55
      - 56
      - 57
      - 58
      - 59
      - 60
      - 61
      - 62
      - 63
      - 64
      - 65
      - 66
      - 67
      - 69
      - 70
      - 71
      - 72
      - 73
      - 74
      - 75
      - 76
      - 77
      - 78
      - 79
      - 80
      - 81
      - 82
      - 83
      - 84
      - 85
      - 86
      - 87
      - 88
      - 89
      - 90
      - 92
      - 93
      - 94
      - 95
      - 96
      - 97
      - 98
      - 99
      - 100
      - 101
      - 102
      - 103
      - 104
      - 105
      - 106
      - 107
      - 108
      - 109
      - 110
      - 111
      - 112
      - 113
      - 115
      - 116
      - 117
      - 118
      - 119
      - 120
      - 121
      - 122
      - 123
      - 124
      - 125
      - 126
      - 127
      - 128
      - 129
      - 130
      - 131
      - 132
      - 133
      - 134
      - 135
      - 136
      - 138
      - 139
      - 140
      - 141
      - 142
      - 143
      - 144
      - 145
      - 146
      - 147
      - 148
      - 149
      - 150
      - 151
      - 152
      - 153
      - 154
      - 155
      - 156
      - 157
      - 158
      - 159
  0048.png:
    recall: 1
    avg_rmse: 0.2051393807386371
    stats:
      threshold_ms: "[latency]"
      segmentation_ms: "[latency]"
      quad_extraction_ms: "[latency]"
      decoding_ms: "[latency]"
      total_ms: "[latency]"
      num_candidates: 502
      num_detections: 154
    detected_ids:
      - 0
      - 1
      - 2
      - 3
      - 4
      - 5
      - 6
      - 7
      - 8
      - 9
      - 10
      - 11
      - 12
      - 13
      - 14
      - 15
      - 16
      - 17
      - 18
      - 19
      - 20
      - 21
      - 23
      - 24
      - 25
      - 26
      - 27
      - 28
      - 29
      - 30
      - 31
      - 32
      - 33
      - 34
      - 35
      - 36
      - 37
      - 38
      - 39
      - 40
      - 41
      - 42
      - 43
      - 44
      - 46
      - 47
      - 48
      - 49
      - 50
      - 51
      - 52
      - 53
      - 54
      - 55
      - 56
      - 57
      - 58
      - 59
      - 60
      - 61
      - 62
      - 63
      - 64
      - 65
      - 66
      - 67
      - 69
      - 70
      - 71
      - 72
      - 73
      - 74
      - 75
      - 76
      - 77
      - 78
      - 79
      - 80
      - 81
      - 82
      - 83
      - 84
      - 85
      - 86
      - 87
      - 88
      - 89
      - 90
      - 92
      - 93
      - 94
      - 95
      - 96
      - 97
      - 98
      - 99
      - 100
      - 101
      - 102
      - 103
      - 104
      - 105
      - 106
      - 107
      - 108
      - 109
      - 110
      - 111
      - 112
      - 113
      - 115
      - 116
      - 117
      - 118
      - 119
      - 120
      - 121
      - 122
      - 123
      - 124
      - 125
      - 126
      - 127
      - 128
      - 129
      - 130
      - 131
      - 132
      - 133
      - 134
      - 135
      - 136
      - 138
      - 139
      - 140
      - 141
      - 142
      - 143
      - 144
      - 145
      - 146
      - 147
      - 148
      - 149
      - 150
      - 151
      - 152
      - 153
      - 154
      - 155
      - 156
      - 157
      - 158
      - 159
  0049.png:
    recall: 1
    avg_rmse: 0.22484796092863074
    stats:
      threshold_ms: "[latency]"
      segmentation_ms: "[latency]"
      quad_extraction_ms: "[latency]"
      decoding_ms: "[latency]"
      total_ms: "[latency]"
      num_candidates: 479
      num_detections: 154
    detected_ids:
      - 0
      - 1
      - 2
      - 3
      - 4
      - 5
      - 6
      - 7
      - 8
      - 9
      - 10
      - 11
      - 12
      - 13
      - 14
      - 15
      - 16
      - 17
      - 18
      - 19
      - 20
      - 21
      - 23
      - 24
      - 25
      - 26
      - 27
      - 28
      - 29
      - 30
      - 31
      - 32
      - 33
      - 34
      - 35
      - 36
      - 37
      - 38
      - 39
      - 40
      - 41
      - 42
      - 43
      - 44
      - 46
      - 47
      - 48
      - 49
      - 50
      - 51
      - 52
      - 53
      - 54
      - 55
      - 56
      - 57
      - 58
      - 59
      - 60
      - 61
      - 62
      - 63
      - 64
      - 65
      - 66
      - 67
      - 69
      - 70
      - 71
      - 72
      - 73
      - 74
      - 75
      - 76
      - 77
      - 78
      - 79
      - 80
      - 81
      - 82
      - 83
      - 84
      - 85
      - 86
      - 87
      - 88
      - 89
      - 90
      - 92
      - 93
      - 94
      - 95
      - 96
      - 97
      - 98
      - 99
      - 100
      - 101
      - 102
      - 103
      - 104
      - 105
      - 106
      - 107
      - 108
      - 109
      - 110
      - 111
      - 112
      - 113
      - 115
      - 116
      - 117
      - 118
      - 119
      - 120
      - 121
      - 122
      - 123
      - 124
      - 125
      - 126
      - 127
      - 128
      - 129
      - 130
      - 131
      - 132
      - 133
      - 134
      - 135
      - 136
      - 138
      - 139
      - 140
      - 141
      - 142
      - 143
      - 144
      - 145
      - 146
      - 147
      - 148
      - 149
      - 150
      - 151
      - 152
      - 153
      - 154
      - 155
      - 156
      - 157
      - 158
      - 159
mean_stats:
  threshold_ms: 53.72882218000001
  segmentation_ms: 25.859760019999996
  quad_extraction_ms: 36.82604676
  decoding_ms: 2.2726214999999996
  total_ms: 118.68966912000003
  num_candidates: 669
  num_detections: 110
mean_recall: 0.7164935064935065
mean_rmse: 0.483454314496531
