---
source: crates/locus-core/tests/regression_render_tag.rs
expression: report
---
summary:
  dataset_size: 50
  mean_recall: 0.96
  mean_precision: 0.99
  mean_rmse: 0.6545
  mean_reprojection_rmse: 1.1844
  p50_translation_error: 0.004
  p90_translation_error: 0.0164
  p99_translation_error: 0.1407
  p50_rotation_error: 0.6417
  p90_rotation_error: 3.1665
  p99_rotation_error: 7.38
  mean_hamming: 0
  mean_total_ms: "[DURATION]"
  geometry_violations: 0
  worst_offenders:
    - filename: scene_0008_cam_0000.png
      missed: 1
      extra: 0
      rmse: 0
    - filename: scene_0020_cam_0000.png
      missed: 1
      extra: 0
      rmse: 0
    - filename: scene_0030_cam_0000.png
      missed: 0
      extra: 1
      rmse: 0.7083
    - filename: scene_0010_cam_0000.png
      missed: 0
      extra: 0
      rmse: 1.0304
