---
source: crates/locus-core/tests/regression_icra2020.rs
expression: report
---
summary:
  dataset_size: 50
  mean_recall: 0.7437662337662339
  mean_rmse: 0.2586
  mean_total_ms: "[DURATION]"
  worst_offenders:
    - filename: 0004.png
      missed: 150
      extra: 0
      rmse: 0.3336
    - filename: 0003.png
      missed: 148
      extra: 0
      rmse: 0.3352
    - filename: 0001.png
      missed: 148
      extra: 0
      rmse: 0.2394
    - filename: 0000.png
      missed: 147
      extra: 0
      rmse: 0.184
    - filename: 0005.png
      missed: 141
      extra: 0
      rmse: 0.4024
