---
source: crates/locus-core/tests/regression_render_tag.rs
expression: report
---
summary:
  dataset_size: 100
  mean_recall: 1
  mean_rmse: 79.7599
  mean_total_ms: "[DURATION]"
  worst_offenders:
    - filename: scene_0051_cam_0000.png
      missed: 0
      extra: 29
      rmse: 121.4443
    - filename: scene_0052_cam_0000.png
      missed: 0
      extra: 29
      rmse: 101.2268
    - filename: scene_0027_cam_0000.png
      missed: 0
      extra: 28
      rmse: 108.7939
    - filename: scene_0011_cam_0000.png
      missed: 0
      extra: 28
      rmse: 69.1164
    - filename: scene_0012_cam_0000.png
      missed: 0
      extra: 28
      rmse: 56.0643
