---
source: crates/locus-core/tests/regression_icra2020.rs
expression: report
---
summary:
  dataset_size: 50
  mean_recall: 0.5644155844155844
  mean_rmse: 0.5541
  mean_total_ms: "[DURATION]"
  worst_offenders:
    - filename: 0000.png
      missed: 154
      extra: 0
      rmse: 0
    - filename: 0001.png
      missed: 154
      extra: 0
      rmse: 0
    - filename: 0002.png
      missed: 154
      extra: 0
      rmse: 0
    - filename: 0007.png
      missed: 154
      extra: 0
      rmse: 0
    - filename: 0012.png
      missed: 153
      extra: 0
      rmse: 0.6472
