---
source: crates/locus-core/tests/regression_icra2020.rs
expression: report
---
summary:
  dataset_size: 180
  mean_recall: 0.7696248196248194
  mean_rmse: 0.6855
  mean_total_ms: "[DURATION]"
  worst_offenders:
    - filename: 0004.png
      missed: 154
      extra: 112
      rmse: 0
    - filename: 0002.png
      missed: 154
      extra: 103
      rmse: 0
    - filename: 0003.png
      missed: 154
      extra: 101
      rmse: 0
    - filename: 0000.png
      missed: 154
      extra: 96
      rmse: 0
    - filename: 0001.png
      missed: 154
      extra: 94
      rmse: 0
