---
source: crates/locus-core/tests/regression_icra2020.rs
expression: report
---
summary:
  dataset_size: 50
  mean_recall: 0.6531168831168831
  mean_rmse: 1.6157
  mean_total_ms: "[DURATION]"
  worst_offenders:
    - filename: 0001.png
      missed: 151
      extra: 50
      rmse: 9.4213
    - filename: 0005.png
      missed: 147
      extra: 47
      rmse: 7.7901
    - filename: 0004.png
      missed: 147
      extra: 45
      rmse: 0.5581
    - filename: 0006.png
      missed: 147
      extra: 37
      rmse: 3.0403
    - filename: 0000.png
      missed: 144
      extra: 52
      rmse: 5.2865
