---
source: crates/locus-core/tests/regression_icra2020.rs
expression: report
---
summary:
  dataset_size: 50
  mean_recall: 0.7189610389610389
  mean_rmse: 0.23
  mean_total_ms: "[DURATION]"
  worst_offenders:
    - filename: 0001.png
      missed: 154
      extra: 0
      rmse: 0
    - filename: 0002.png
      missed: 154
      extra: 0
      rmse: 0
    - filename: 0004.png
      missed: 154
      extra: 0
      rmse: 0
    - filename: 0000.png
      missed: 153
      extra: 0
      rmse: 0.3657
    - filename: 0003.png
      missed: 152
      extra: 0
      rmse: 0.3222
