---
source: crates/locus-core/tests/regression_icra2020.rs
expression: report
---
summary:
  dataset_size: 50
  mean_recall: 0.8242857142857143
  mean_rmse: 0.2811
  mean_total_ms: 114.14465122000001
  worst_offenders:
    - filename: 0003.png
      missed: 134
      extra: 0
      rmse: 0.3345
    - filename: 0004.png
      missed: 127
      extra: 0
      rmse: 0.3367
    - filename: 0001.png
      missed: 126
      extra: 2
      rmse: 1.1667
    - filename: 0000.png
      missed: 126
      extra: 2
      rmse: 0.2639
    - filename: 0002.png
      missed: 118
      extra: 3
      rmse: 0.2758
entries:
  0000.png:
    recall: 0.18181818181818182
    avg_rmse: 0.2639
    stats:
      threshold_ms: "[latency]"
      segmentation_ms: "[latency]"
      quad_extraction_ms: "[latency]"
      decoding_ms: "[latency]"
      total_ms: "[latency]"
      num_candidates: 939
      num_detections: 30
    missed_ids:
      - 1
      - 2
      - 3
      - 4
      - 5
      - 6
      - 8
      - 9
      - 10
      - 11
      - 12
      - 13
      - 14
      - 15
      - 16
      - 17
      - 18
      - 19
      - 20
      - 21
      - 23
      - 24
      - 25
      - 26
      - 27
      - 28
      - 31
      - 32
      - 33
      - 34
      - 35
      - 37
      - 38
      - 39
      - 40
      - 41
      - 42
      - 43
      - 44
      - 46
      - 54
      - 55
      - 56
      - 57
      - 58
      - 59
      - 61
      - 62
      - 64
      - 65
      - 66
      - 69
      - 70
      - 71
      - 72
      - 73
      - 74
      - 75
      - 77
      - 78
      - 79
      - 80
      - 81
      - 82
      - 83
      - 84
      - 85
      - 86
      - 87
      - 88
      - 90
      - 92
      - 93
      - 94
      - 95
      - 96
      - 97
      - 98
      - 99
      - 100
      - 101
      - 102
      - 103
      - 104
      - 105
      - 106
      - 107
      - 108
      - 109
      - 110
      - 111
      - 112
      - 113
      - 115
      - 117
      - 118
      - 120
      - 121
      - 122
      - 123
      - 127
      - 128
      - 130
      - 131
      - 134
      - 138
      - 139
      - 140
      - 141
      - 143
      - 144
      - 145
      - 146
      - 147
      - 148
      - 149
      - 150
      - 151
      - 152
      - 153
      - 154
      - 155
      - 156
      - 157
      - 158
      - 159
    extra_ids:
      - 389
      - 405
  0001.png:
    recall: 0.18181818181818182
    avg_rmse: 1.1667
    stats:
      threshold_ms: "[latency]"
      segmentation_ms: "[latency]"
      quad_extraction_ms: "[latency]"
      decoding_ms: "[latency]"
      total_ms: "[latency]"
      num_candidates: 885
      num_detections: 30
    missed_ids:
      - 0
      - 1
      - 2
      - 3
      - 4
      - 5
      - 6
      - 8
      - 9
      - 10
      - 11
      - 12
      - 13
      - 14
      - 15
      - 16
      - 17
      - 18
      - 19
      - 20
      - 21
      - 24
      - 25
      - 26
      - 27
      - 28
      - 29
      - 32
      - 34
      - 35
      - 36
      - 38
      - 39
      - 40
      - 42
      - 43
      - 44
      - 46
      - 47
      - 48
      - 49
      - 50
      - 51
      - 52
      - 53
      - 54
      - 55
      - 56
      - 57
      - 58
      - 59
      - 60
      - 61
      - 62
      - 63
      - 64
      - 65
      - 66
      - 67
      - 69
      - 71
      - 73
      - 75
      - 77
      - 78
      - 79
      - 82
      - 83
      - 84
      - 85
      - 86
      - 90
      - 92
      - 93
      - 94
      - 95
      - 96
      - 98
      - 100
      - 101
      - 102
      - 103
      - 104
      - 105
      - 106
      - 107
      - 108
      - 109
      - 110
      - 111
      - 112
      - 113
      - 115
      - 117
      - 118
      - 119
      - 120
      - 121
      - 122
      - 123
      - 127
      - 128
      - 132
      - 134
      - 136
      - 138
      - 139
      - 140
      - 141
      - 142
      - 143
      - 144
      - 145
      - 146
      - 147
      - 148
      - 149
      - 150
      - 151
      - 152
      - 153
      - 154
      - 155
      - 156
      - 157
      - 159
    extra_ids:
      - 282
      - 354
  0002.png:
    recall: 0.23376623376623376
    avg_rmse: 0.2758
    stats:
      threshold_ms: "[latency]"
      segmentation_ms: "[latency]"
      quad_extraction_ms: "[latency]"
      decoding_ms: "[latency]"
      total_ms: "[latency]"
      num_candidates: 957
      num_detections: 39
    missed_ids:
      - 0
      - 1
      - 2
      - 3
      - 4
      - 5
      - 6
      - 7
      - 8
      - 9
      - 10
      - 11
      - 12
      - 13
      - 14
      - 15
      - 16
      - 17
      - 18
      - 19
      - 20
      - 21
      - 23
      - 24
      - 25
      - 26
      - 28
      - 29
      - 30
      - 31
      - 33
      - 34
      - 36
      - 37
      - 38
      - 39
      - 40
      - 41
      - 42
      - 43
      - 44
      - 46
      - 49
      - 50
      - 53
      - 56
      - 57
      - 60
      - 64
      - 67
      - 69
      - 70
      - 71
      - 72
      - 73
      - 74
      - 75
      - 76
      - 77
      - 78
      - 79
      - 80
      - 81
      - 82
      - 83
      - 84
      - 86
      - 87
      - 89
      - 90
      - 92
      - 93
      - 95
      - 96
      - 97
      - 98
      - 99
      - 100
      - 101
      - 102
      - 103
      - 104
      - 105
      - 106
      - 107
      - 108
      - 109
      - 110
      - 111
      - 112
      - 113
      - 115
      - 117
      - 118
      - 119
      - 120
      - 121
      - 122
      - 123
      - 126
      - 127
      - 129
      - 132
      - 133
      - 135
      - 136
      - 138
      - 139
      - 141
      - 142
      - 145
      - 146
      - 147
      - 148
      - 149
      - 151
      - 156
      - 159
    extra_ids:
      - 335
      - 349
      - 554
  0003.png:
    recall: 0.12987012987012986
    avg_rmse: 0.3345
    stats:
      threshold_ms: "[latency]"
      segmentation_ms: "[latency]"
      quad_extraction_ms: "[latency]"
      decoding_ms: "[latency]"
      total_ms: "[latency]"
      num_candidates: 909
      num_detections: 20
    missed_ids:
      - 1
      - 2
      - 3
      - 4
      - 5
      - 6
      - 7
      - 8
      - 9
      - 10
      - 11
      - 12
      - 13
      - 14
      - 15
      - 16
      - 17
      - 18
      - 19
      - 20
      - 23
      - 24
      - 25
      - 27
      - 28
      - 29
      - 30
      - 31
      - 32
      - 33
      - 34
      - 35
      - 36
      - 37
      - 38
      - 39
      - 40
      - 41
      - 42
      - 43
      - 44
      - 46
      - 47
      - 49
      - 50
      - 51
      - 52
      - 53
      - 54
      - 55
      - 56
      - 57
      - 58
      - 59
      - 60
      - 61
      - 62
      - 63
      - 64
      - 65
      - 66
      - 67
      - 70
      - 71
      - 72
      - 73
      - 74
      - 75
      - 76
      - 77
      - 78
      - 79
      - 80
      - 81
      - 82
      - 83
      - 84
      - 86
      - 87
      - 88
      - 89
      - 90
      - 92
      - 93
      - 94
      - 95
      - 96
      - 97
      - 98
      - 99
      - 100
      - 101
      - 102
      - 103
      - 104
      - 105
      - 106
      - 107
      - 108
      - 109
      - 110
      - 111
      - 112
      - 113
      - 115
      - 117
      - 119
      - 120
      - 121
      - 122
      - 123
      - 124
      - 125
      - 126
      - 127
      - 128
      - 129
      - 130
      - 131
      - 132
      - 134
      - 140
      - 141
      - 142
      - 145
      - 146
      - 147
      - 148
      - 149
      - 150
      - 151
      - 152
      - 155
      - 157
    extra_ids: []
  0004.png:
    recall: 0.17532467532467533
    avg_rmse: 0.3367
    stats:
      threshold_ms: "[latency]"
      segmentation_ms: "[latency]"
      quad_extraction_ms: "[latency]"
      decoding_ms: "[latency]"
      total_ms: "[latency]"
      num_candidates: 902
      num_detections: 27
    missed_ids:
      - 0
      - 1
      - 2
      - 3
      - 4
      - 5
      - 6
      - 7
      - 8
      - 9
      - 10
      - 11
      - 12
      - 13
      - 14
      - 15
      - 16
      - 17
      - 18
      - 19
      - 20
      - 21
      - 23
      - 24
      - 25
      - 26
      - 27
      - 28
      - 29
      - 31
      - 32
      - 33
      - 34
      - 35
      - 37
      - 38
      - 39
      - 40
      - 41
      - 42
      - 43
      - 44
      - 46
      - 50
      - 51
      - 53
      - 56
      - 59
      - 60
      - 62
      - 63
      - 65
      - 66
      - 67
      - 70
      - 72
      - 74
      - 78
      - 79
      - 80
      - 81
      - 82
      - 83
      - 85
      - 86
      - 89
      - 90
      - 92
      - 93
      - 94
      - 96
      - 97
      - 98
      - 99
      - 100
      - 101
      - 102
      - 103
      - 104
      - 105
      - 107
      - 108
      - 109
      - 110
      - 112
      - 113
      - 115
      - 116
      - 117
      - 118
      - 119
      - 120
      - 121
      - 122
      - 124
      - 126
      - 127
      - 128
      - 129
      - 130
      - 131
      - 132
      - 133
      - 134
      - 135
      - 136
      - 138
      - 139
      - 140
      - 141
      - 142
      - 143
      - 144
      - 145
      - 146
      - 147
      - 148
      - 149
      - 150
      - 151
      - 153
      - 154
      - 155
      - 156
      - 157
      - 158
      - 159
    extra_ids: []
  0005.png:
    recall: 0.3246753246753247
    avg_rmse: 0.3519
    stats:
      threshold_ms: "[latency]"
      segmentation_ms: "[latency]"
      quad_extraction_ms: "[latency]"
      decoding_ms: "[latency]"
      total_ms: "[latency]"
      num_candidates: 902
      num_detections: 51
    missed_ids:
      - 1
      - 2
      - 3
      - 4
      - 5
      - 6
      - 8
      - 9
      - 10
      - 11
      - 12
      - 13
      - 14
      - 15
      - 16
      - 17
      - 18
      - 19
      - 20
      - 21
      - 23
      - 24
      - 25
      - 34
      - 37
      - 38
      - 39
      - 43
      - 44
      - 46
      - 47
      - 51
      - 53
      - 54
      - 55
      - 56
      - 57
      - 58
      - 59
      - 60
      - 61
      - 62
      - 63
      - 64
      - 65
      - 66
      - 67
      - 71
      - 72
      - 74
      - 75
      - 77
      - 78
      - 79
      - 80
      - 81
      - 82
      - 83
      - 85
      - 86
      - 88
      - 89
      - 90
      - 92
      - 93
      - 94
      - 96
      - 97
      - 98
      - 101
      - 102
      - 104
      - 107
      - 108
      - 110
      - 111
      - 112
      - 113
      - 115
      - 116
      - 118
      - 119
      - 120
      - 121
      - 122
      - 123
      - 124
      - 126
      - 127
      - 128
      - 129
      - 132
      - 134
      - 135
      - 136
      - 138
      - 139
      - 141
      - 142
      - 146
      - 147
      - 156
      - 157
      - 158
    extra_ids:
      - 379
  0006.png:
    recall: 0.37012987012987014
    avg_rmse: 0.3321
    stats:
      threshold_ms: "[latency]"
      segmentation_ms: "[latency]"
      quad_extraction_ms: "[latency]"
      decoding_ms: "[latency]"
      total_ms: "[latency]"
      num_candidates: 911
      num_detections: 58
    missed_ids:
      - 2
      - 5
      - 6
      - 10
      - 11
      - 14
      - 16
      - 17
      - 18
      - 19
      - 21
      - 23
      - 24
      - 25
      - 27
      - 28
      - 29
      - 31
      - 32
      - 34
      - 35
      - 36
      - 39
      - 41
      - 42
      - 43
      - 44
      - 46
      - 47
      - 50
      - 52
      - 53
      - 54
      - 56
      - 58
      - 59
      - 60
      - 61
      - 63
      - 64
      - 65
      - 66
      - 67
      - 69
      - 70
      - 71
      - 73
      - 74
      - 75
      - 77
      - 79
      - 80
      - 82
      - 83
      - 86
      - 90
      - 92
      - 96
      - 100
      - 101
      - 106
      - 107
      - 110
      - 112
      - 113
      - 115
      - 116
      - 119
      - 120
      - 121
      - 122
      - 123
      - 125
      - 126
      - 127
      - 128
      - 129
      - 130
      - 133
      - 134
      - 135
      - 138
      - 139
      - 140
      - 141
      - 142
      - 144
      - 145
      - 147
      - 149
      - 150
      - 151
      - 153
      - 154
      - 155
      - 156
      - 157
    extra_ids:
      - 223
  0007.png:
    recall: 0.6233766233766234
    avg_rmse: 0.2859
    stats:
      threshold_ms: "[latency]"
      segmentation_ms: "[latency]"
      quad_extraction_ms: "[latency]"
      decoding_ms: "[latency]"
      total_ms: "[latency]"
      num_candidates: 918
      num_detections: 97
    missed_ids:
      - 1
      - 4
      - 6
      - 10
      - 11
      - 16
      - 18
      - 24
      - 25
      - 28
      - 30
      - 39
      - 40
      - 50
      - 54
      - 56
      - 57
      - 59
      - 60
      - 62
      - 63
      - 64
      - 73
      - 74
      - 75
      - 77
      - 78
      - 79
      - 81
      - 82
      - 83
      - 85
      - 86
      - 89
      - 92
      - 96
      - 97
      - 101
      - 102
      - 104
      - 110
      - 113
      - 116
      - 118
      - 119
      - 120
      - 122
      - 126
      - 127
      - 131
      - 139
      - 145
      - 149
      - 150
      - 153
      - 154
      - 155
      - 157
    extra_ids:
      - 564
  0008.png:
    recall: 0.5064935064935064
    avg_rmse: 0.3364
    stats:
      threshold_ms: "[latency]"
      segmentation_ms: "[latency]"
      quad_extraction_ms: "[latency]"
      decoding_ms: "[latency]"
      total_ms: "[latency]"
      num_candidates: 931
      num_detections: 80
    missed_ids:
      - 1
      - 5
      - 6
      - 11
      - 12
      - 14
      - 21
      - 23
      - 24
      - 25
      - 26
      - 28
      - 30
      - 34
      - 35
      - 39
      - 40
      - 42
      - 44
      - 48
      - 49
      - 50
      - 53
      - 54
      - 56
      - 57
      - 60
      - 61
      - 62
      - 64
      - 66
      - 67
      - 70
      - 71
      - 74
      - 75
      - 78
      - 79
      - 80
      - 83
      - 84
      - 88
      - 89
      - 90
      - 92
      - 101
      - 102
      - 108
      - 110
      - 112
      - 113
      - 115
      - 117
      - 119
      - 120
      - 121
      - 122
      - 129
      - 131
      - 134
      - 135
      - 139
      - 140
      - 141
      - 143
      - 144
      - 145
      - 146
      - 147
      - 148
      - 149
      - 150
      - 153
      - 154
      - 157
      - 158
    extra_ids:
      - 458
      - 572
  0009.png:
    recall: 0.7012987012987013
    avg_rmse: 0.3295
    stats:
      threshold_ms: "[latency]"
      segmentation_ms: "[latency]"
      quad_extraction_ms: "[latency]"
      decoding_ms: "[latency]"
      total_ms: "[latency]"
      num_candidates: 896
      num_detections: 110
    missed_ids:
      - 3
      - 5
      - 6
      - 9
      - 10
      - 14
      - 16
      - 24
      - 26
      - 28
      - 29
      - 30
      - 34
      - 35
      - 39
      - 41
      - 44
      - 58
      - 61
      - 62
      - 64
      - 69
      - 72
      - 74
      - 78
      - 79
      - 81
      - 83
      - 89
      - 101
      - 108
      - 110
      - 115
      - 119
      - 120
      - 121
      - 123
      - 126
      - 127
      - 129
      - 130
      - 139
      - 145
      - 150
      - 156
      - 159
    extra_ids:
      - 414
  0010.png:
    recall: 0.6818181818181818
    avg_rmse: 0.4211
    stats:
      threshold_ms: "[latency]"
      segmentation_ms: "[latency]"
      quad_extraction_ms: "[latency]"
      decoding_ms: "[latency]"
      total_ms: "[latency]"
      num_candidates: 879
      num_detections: 106
    missed_ids:
      - 3
      - 5
      - 6
      - 10
      - 13
      - 16
      - 18
      - 25
      - 30
      - 38
      - 40
      - 42
      - 49
      - 51
      - 53
      - 54
      - 56
      - 57
      - 61
      - 64
      - 65
      - 66
      - 67
      - 72
      - 74
      - 75
      - 77
      - 78
      - 79
      - 82
      - 83
      - 84
      - 86
      - 87
      - 88
      - 89
      - 90
      - 95
      - 98
      - 117
      - 118
      - 123
      - 128
      - 129
      - 139
      - 145
      - 151
      - 153
      - 157
    extra_ids: []
  0011.png:
    recall: 0.7857142857142857
    avg_rmse: 0.353
    stats:
      threshold_ms: "[latency]"
      segmentation_ms: "[latency]"
      quad_extraction_ms: "[latency]"
      decoding_ms: "[latency]"
      total_ms: "[latency]"
      num_candidates: 928
      num_detections: 121
    missed_ids:
      - 2
      - 5
      - 6
      - 9
      - 10
      - 14
      - 25
      - 42
      - 53
      - 56
      - 65
      - 79
      - 80
      - 83
      - 92
      - 93
      - 95
      - 96
      - 101
      - 102
      - 104
      - 105
      - 107
      - 108
      - 110
      - 112
      - 121
      - 123
      - 130
      - 132
      - 134
      - 145
      - 153
    extra_ids: []
  0012.png:
    recall: 0.8896103896103896
    avg_rmse: 0.3326
    stats:
      threshold_ms: "[latency]"
      segmentation_ms: "[latency]"
      quad_extraction_ms: "[latency]"
      decoding_ms: "[latency]"
      total_ms: "[latency]"
      num_candidates: 871
      num_detections: 138
    missed_ids:
      - 4
      - 6
      - 10
      - 23
      - 28
      - 38
      - 47
      - 50
      - 52
      - 59
      - 61
      - 67
      - 79
      - 82
      - 83
      - 119
      - 143
    extra_ids:
      - 554
  0013.png:
    recall: 0.564935064935065
    avg_rmse: 0.3426
    stats:
      threshold_ms: "[latency]"
      segmentation_ms: "[latency]"
      quad_extraction_ms: "[latency]"
      decoding_ms: "[latency]"
      total_ms: "[latency]"
      num_candidates: 947
      num_detections: 90
    missed_ids:
      - 0
      - 5
      - 6
      - 10
      - 11
      - 16
      - 19
      - 25
      - 28
      - 34
      - 36
      - 37
      - 39
      - 40
      - 41
      - 42
      - 48
      - 50
      - 52
      - 53
      - 55
      - 56
      - 57
      - 58
      - 59
      - 60
      - 63
      - 64
      - 65
      - 66
      - 67
      - 69
      - 70
      - 71
      - 72
      - 74
      - 79
      - 82
      - 83
      - 88
      - 90
      - 92
      - 95
      - 101
      - 103
      - 108
      - 110
      - 111
      - 113
      - 115
      - 117
      - 118
      - 120
      - 122
      - 126
      - 131
      - 140
      - 141
      - 143
      - 145
      - 148
      - 149
      - 150
      - 153
      - 154
      - 155
      - 158
    extra_ids:
      - 379
      - 472
      - 581
  0014.png:
    recall: 0.7272727272727273
    avg_rmse: 0.3284
    stats:
      threshold_ms: "[latency]"
      segmentation_ms: "[latency]"
      quad_extraction_ms: "[latency]"
      decoding_ms: "[latency]"
      total_ms: "[latency]"
      num_candidates: 912
      num_detections: 114
    missed_ids:
      - 0
      - 4
      - 10
      - 11
      - 14
      - 27
      - 34
      - 40
      - 46
      - 58
      - 62
      - 63
      - 65
      - 66
      - 71
      - 72
      - 73
      - 74
      - 75
      - 79
      - 86
      - 90
      - 94
      - 97
      - 101
      - 102
      - 104
      - 105
      - 107
      - 109
      - 112
      - 115
      - 119
      - 120
      - 122
      - 125
      - 127
      - 134
      - 136
      - 142
      - 143
      - 155
    extra_ids:
      - 546
      - 564
  0015.png:
    recall: 0.7662337662337663
    avg_rmse: 0.3544
    stats:
      threshold_ms: "[latency]"
      segmentation_ms: "[latency]"
      quad_extraction_ms: "[latency]"
      decoding_ms: "[latency]"
      total_ms: "[latency]"
      num_candidates: 917
      num_detections: 118
    missed_ids:
      - 0
      - 2
      - 3
      - 6
      - 10
      - 19
      - 30
      - 37
      - 39
      - 50
      - 56
      - 61
      - 64
      - 65
      - 70
      - 71
      - 72
      - 73
      - 74
      - 83
      - 95
      - 97
      - 99
      - 102
      - 106
      - 112
      - 116
      - 118
      - 119
      - 121
      - 122
      - 124
      - 140
      - 141
      - 145
      - 151
    extra_ids: []
  0016.png:
    recall: 0.8961038961038961
    avg_rmse: 0.3712
    stats:
      threshold_ms: "[latency]"
      segmentation_ms: "[latency]"
      quad_extraction_ms: "[latency]"
      decoding_ms: "[latency]"
      total_ms: "[latency]"
      num_candidates: 909
      num_detections: 141
    missed_ids:
      - 6
      - 10
      - 14
      - 20
      - 37
      - 53
      - 60
      - 70
      - 71
      - 72
      - 73
      - 74
      - 79
      - 83
      - 93
      - 99
    extra_ids:
      - 379
      - 386
      - 458
  0017.png:
    recall: 0.7857142857142857
    avg_rmse: 0.3584
    stats:
      threshold_ms: "[latency]"
      segmentation_ms: "[latency]"
      quad_extraction_ms: "[latency]"
      decoding_ms: "[latency]"
      total_ms: "[latency]"
      num_candidates: 919
      num_detections: 124
    missed_ids:
      - 2
      - 4
      - 5
      - 6
      - 8
      - 10
      - 11
      - 13
      - 16
      - 19
      - 20
      - 28
      - 31
      - 36
      - 39
      - 48
      - 54
      - 70
      - 74
      - 77
      - 79
      - 88
      - 97
      - 108
      - 117
      - 123
      - 131
      - 134
      - 140
      - 143
      - 146
      - 154
      - 157
    extra_ids:
      - 283
      - 285
      - 472
  0018.png:
    recall: 0.8571428571428571
    avg_rmse: 0.3173
    stats:
      threshold_ms: "[latency]"
      segmentation_ms: "[latency]"
      quad_extraction_ms: "[latency]"
      decoding_ms: "[latency]"
      total_ms: "[latency]"
      num_candidates: 915
      num_detections: 135
    missed_ids:
      - 0
      - 1
      - 2
      - 3
      - 4
      - 5
      - 8
      - 9
      - 10
      - 11
      - 13
      - 14
      - 15
      - 16
      - 17
      - 18
      - 19
      - 20
      - 21
      - 101
      - 117
      - 128
    extra_ids:
      - 374
      - 522
      - 561
  0019.png:
    recall: 0.9025974025974026
    avg_rmse: 0.3078
    stats:
      threshold_ms: "[latency]"
      segmentation_ms: "[latency]"
      quad_extraction_ms: "[latency]"
      decoding_ms: "[latency]"
      total_ms: "[latency]"
      num_candidates: 990
      num_detections: 139
    missed_ids:
      - 1
      - 5
      - 6
      - 9
      - 43
      - 66
      - 70
      - 79
      - 83
      - 93
      - 101
      - 112
      - 113
      - 128
      - 139
    extra_ids: []
  0020.png:
    recall: 0.948051948051948
    avg_rmse: 0.3201
    stats:
      threshold_ms: "[latency]"
      segmentation_ms: "[latency]"
      quad_extraction_ms: "[latency]"
      decoding_ms: "[latency]"
      total_ms: "[latency]"
      num_candidates: 895
      num_detections: 150
    missed_ids:
      - 27
      - 33
      - 34
      - 40
      - 41
      - 42
      - 117
      - 122
    extra_ids:
      - 414
      - 554
  0021.png:
    recall: 0.987012987012987
    avg_rmse: 0.315
    stats:
      threshold_ms: "[latency]"
      segmentation_ms: "[latency]"
      quad_extraction_ms: "[latency]"
      decoding_ms: "[latency]"
      total_ms: "[latency]"
      num_candidates: 876
      num_detections: 153
    missed_ids:
      - 138
      - 146
    extra_ids:
      - 554
  0022.png:
    recall: 0.9935064935064936
    avg_rmse: 0.2876
    stats:
      threshold_ms: "[latency]"
      segmentation_ms: "[latency]"
      quad_extraction_ms: "[latency]"
      decoding_ms: "[latency]"
      total_ms: "[latency]"
      num_candidates: 920
      num_detections: 154
    missed_ids:
      - 56
    extra_ids:
      - 472
  0023.png:
    recall: 1
    avg_rmse: 0.2797
    stats:
      threshold_ms: "[latency]"
      segmentation_ms: "[latency]"
      quad_extraction_ms: "[latency]"
      decoding_ms: "[latency]"
      total_ms: "[latency]"
      num_candidates: 972
      num_detections: 155
    missed_ids: []
    extra_ids: []
  0024.png:
    recall: 1
    avg_rmse: 0.598
    stats:
      threshold_ms: "[latency]"
      segmentation_ms: "[latency]"
      quad_extraction_ms: "[latency]"
      decoding_ms: "[latency]"
      total_ms: "[latency]"
      num_candidates: 907
      num_detections: 154
    missed_ids: []
    extra_ids: []
  0025.png:
    recall: 1
    avg_rmse: 0.3148
    stats:
      threshold_ms: "[latency]"
      segmentation_ms: "[latency]"
      quad_extraction_ms: "[latency]"
      decoding_ms: "[latency]"
      total_ms: "[latency]"
      num_candidates: 920
      num_detections: 156
    missed_ids: []
    extra_ids:
      - 278
      - 374
  0026.png:
    recall: 1
    avg_rmse: 0.2729
    stats:
      threshold_ms: "[latency]"
      segmentation_ms: "[latency]"
      quad_extraction_ms: "[latency]"
      decoding_ms: "[latency]"
      total_ms: "[latency]"
      num_candidates: 859
      num_detections: 156
    missed_ids: []
    extra_ids:
      - 374
  0027.png:
    recall: 1
    avg_rmse: 0.2978
    stats:
      threshold_ms: "[latency]"
      segmentation_ms: "[latency]"
      quad_extraction_ms: "[latency]"
      decoding_ms: "[latency]"
      total_ms: "[latency]"
      num_candidates: 946
      num_detections: 155
    missed_ids: []
    extra_ids:
      - 487
  0028.png:
    recall: 1
    avg_rmse: 0.2759
    stats:
      threshold_ms: "[latency]"
      segmentation_ms: "[latency]"
      quad_extraction_ms: "[latency]"
      decoding_ms: "[latency]"
      total_ms: "[latency]"
      num_candidates: 884
      num_detections: 155
    missed_ids: []
    extra_ids:
      - 379
  0029.png:
    recall: 1
    avg_rmse: 0.2663
    stats:
      threshold_ms: "[latency]"
      segmentation_ms: "[latency]"
      quad_extraction_ms: "[latency]"
      decoding_ms: "[latency]"
      total_ms: "[latency]"
      num_candidates: 932
      num_detections: 155
    missed_ids: []
    extra_ids:
      - 554
  0030.png:
    recall: 1
    avg_rmse: 0.2868
    stats:
      threshold_ms: "[latency]"
      segmentation_ms: "[latency]"
      quad_extraction_ms: "[latency]"
      decoding_ms: "[latency]"
      total_ms: "[latency]"
      num_candidates: 942
      num_detections: 155
    missed_ids: []
    extra_ids:
      - 554
  0031.png:
    recall: 1
    avg_rmse: 0.2398
    stats:
      threshold_ms: "[latency]"
      segmentation_ms: "[latency]"
      quad_extraction_ms: "[latency]"
      decoding_ms: "[latency]"
      total_ms: "[latency]"
      num_candidates: 850
      num_detections: 154
    missed_ids: []
    extra_ids: []
  0032.png:
    recall: 1
    avg_rmse: 0.1894
    stats:
      threshold_ms: "[latency]"
      segmentation_ms: "[latency]"
      quad_extraction_ms: "[latency]"
      decoding_ms: "[latency]"
      total_ms: "[latency]"
      num_candidates: 872
      num_detections: 155
    missed_ids: []
    extra_ids:
      - 554
  0033.png:
    recall: 1
    avg_rmse: 0.1718
    stats:
      threshold_ms: "[latency]"
      segmentation_ms: "[latency]"
      quad_extraction_ms: "[latency]"
      decoding_ms: "[latency]"
      total_ms: "[latency]"
      num_candidates: 866
      num_detections: 155
    missed_ids: []
    extra_ids:
      - 379
  0034.png:
    recall: 1
    avg_rmse: 0.1766
    stats:
      threshold_ms: "[latency]"
      segmentation_ms: "[latency]"
      quad_extraction_ms: "[latency]"
      decoding_ms: "[latency]"
      total_ms: "[latency]"
      num_candidates: 912
      num_detections: 156
    missed_ids: []
    extra_ids:
      - 238
  0035.png:
    recall: 1
    avg_rmse: 0.1971
    stats:
      threshold_ms: "[latency]"
      segmentation_ms: "[latency]"
      quad_extraction_ms: "[latency]"
      decoding_ms: "[latency]"
      total_ms: "[latency]"
      num_candidates: 924
      num_detections: 155
    missed_ids: []
    extra_ids:
      - 554
  0036.png:
    recall: 1
    avg_rmse: 0.1153
    stats:
      threshold_ms: "[latency]"
      segmentation_ms: "[latency]"
      quad_extraction_ms: "[latency]"
      decoding_ms: "[latency]"
      total_ms: "[latency]"
      num_candidates: 892
      num_detections: 154
    missed_ids: []
    extra_ids: []
  0037.png:
    recall: 1
    avg_rmse: 0.1515
    stats:
      threshold_ms: "[latency]"
      segmentation_ms: "[latency]"
      quad_extraction_ms: "[latency]"
      decoding_ms: "[latency]"
      total_ms: "[latency]"
      num_candidates: 845
      num_detections: 154
    missed_ids: []
    extra_ids: []
  0038.png:
    recall: 1
    avg_rmse: 0.1241
    stats:
      threshold_ms: "[latency]"
      segmentation_ms: "[latency]"
      quad_extraction_ms: "[latency]"
      decoding_ms: "[latency]"
      total_ms: "[latency]"
      num_candidates: 884
      num_detections: 154
    missed_ids: []
    extra_ids: []
  0039.png:
    recall: 1
    avg_rmse: 0.141
    stats:
      threshold_ms: "[latency]"
      segmentation_ms: "[latency]"
      quad_extraction_ms: "[latency]"
      decoding_ms: "[latency]"
      total_ms: "[latency]"
      num_candidates: 887
      num_detections: 154
    missed_ids: []
    extra_ids: []
  0040.png:
    recall: 1
    avg_rmse: 0.1014
    stats:
      threshold_ms: "[latency]"
      segmentation_ms: "[latency]"
      quad_extraction_ms: "[latency]"
      decoding_ms: "[latency]"
      total_ms: "[latency]"
      num_candidates: 920
      num_detections: 154
    missed_ids: []
    extra_ids: []
  0041.png:
    recall: 1
    avg_rmse: 0.1234
    stats:
      threshold_ms: "[latency]"
      segmentation_ms: "[latency]"
      quad_extraction_ms: "[latency]"
      decoding_ms: "[latency]"
      total_ms: "[latency]"
      num_candidates: 926
      num_detections: 156
    missed_ids: []
    extra_ids: []
  0042.png:
    recall: 1
    avg_rmse: 0.1198
    stats:
      threshold_ms: "[latency]"
      segmentation_ms: "[latency]"
      quad_extraction_ms: "[latency]"
      decoding_ms: "[latency]"
      total_ms: "[latency]"
      num_candidates: 864
      num_detections: 154
    missed_ids: []
    extra_ids: []
  0043.png:
    recall: 1
    avg_rmse: 0.1345
    stats:
      threshold_ms: "[latency]"
      segmentation_ms: "[latency]"
      quad_extraction_ms: "[latency]"
      decoding_ms: "[latency]"
      total_ms: "[latency]"
      num_candidates: 900
      num_detections: 155
    missed_ids: []
    extra_ids:
      - 554
  0044.png:
    recall: 1
    avg_rmse: 0.4723
    stats:
      threshold_ms: "[latency]"
      segmentation_ms: "[latency]"
      quad_extraction_ms: "[latency]"
      decoding_ms: "[latency]"
      total_ms: "[latency]"
      num_candidates: 865
      num_detections: 156
    missed_ids: []
    extra_ids:
      - 283
      - 499
  0045.png:
    recall: 1
    avg_rmse: 0.1409
    stats:
      threshold_ms: "[latency]"
      segmentation_ms: "[latency]"
      quad_extraction_ms: "[latency]"
      decoding_ms: "[latency]"
      total_ms: "[latency]"
      num_candidates: 839
      num_detections: 156
    missed_ids: []
    extra_ids:
      - 315
      - 524
  0046.png:
    recall: 1
    avg_rmse: 0.1208
    stats:
      threshold_ms: "[latency]"
      segmentation_ms: "[latency]"
      quad_extraction_ms: "[latency]"
      decoding_ms: "[latency]"
      total_ms: "[latency]"
      num_candidates: 799
      num_detections: 154
    missed_ids: []
    extra_ids: []
  0047.png:
    recall: 1
    avg_rmse: 0.0757
    stats:
      threshold_ms: "[latency]"
      segmentation_ms: "[latency]"
      quad_extraction_ms: "[latency]"
      decoding_ms: "[latency]"
      total_ms: "[latency]"
      num_candidates: 797
      num_detections: 155
    missed_ids: []
    extra_ids: []
  0048.png:
    recall: 1
    avg_rmse: 0.1448
    stats:
      threshold_ms: "[latency]"
      segmentation_ms: "[latency]"
      quad_extraction_ms: "[latency]"
      decoding_ms: "[latency]"
      total_ms: "[latency]"
      num_candidates: 746
      num_detections: 156
    missed_ids: []
    extra_ids:
      - 374
      - 568
  0049.png:
    recall: 1
    avg_rmse: 0.0978
    stats:
      threshold_ms: "[latency]"
      segmentation_ms: "[latency]"
      quad_extraction_ms: "[latency]"
      decoding_ms: "[latency]"
      total_ms: "[latency]"
      num_candidates: 757
      num_detections: 156
    missed_ids: []
    extra_ids:
      - 404
