---
source: crates/locus-core/tests/regression_render_tag.rs
expression: report
---
summary:
  dataset_size: 45
  mean_recall: 0.9777777777777777
  mean_precision: 0.9888888888888889
  mean_rmse: 1.4061
  mean_reprojection_rmse: 7.4821
  p50_translation_error: 0.0153
  p90_translation_error: 0.3118
  p99_translation_error: 0.5949
  p50_rotation_error: 4.0318
  p90_rotation_error: 32.573
  p99_rotation_error: 74.5113
  mean_hamming: 0
  mean_total_ms: "[DURATION]"
  geometry_violations: 0
  worst_offenders:
    - filename: scene_0031_cam_0000.png
      missed: 1
      extra: 0
      rmse: 0
    - filename: scene_0037_cam_0000.png
      missed: 0
      extra: 1
      rmse: 0.7716
    - filename: scene_0008_cam_0000.png
      missed: 0
      extra: 0
      rmse: 5.2473
    - filename: scene_0018_cam_0000.png
      missed: 0
      extra: 0
      rmse: 3.6057
    - filename: scene_0011_cam_0000.png
      missed: 0
      extra: 0
      rmse: 3.6046
