---
source: crates/locus-core/tests/regression_icra2020.rs
expression: report
---
summary:
  dataset_size: 1
  mean_recall: 1
  mean_rmse: 0.1826
  mean_total_ms: 187.282196
  worst_offenders: []
entries:
  0037.png:
    recall: 1
    avg_rmse: 0.1826
    stats:
      threshold_ms: "[latency]"
      segmentation_ms: "[latency]"
      quad_extraction_ms: "[latency]"
      decoding_ms: "[latency]"
      total_ms: "[latency]"
      num_candidates: 569
      num_detections: 154
    missed_ids: []
    extra_ids: []
