---
source: crates/locus-core/tests/regression_render_tag.rs
expression: report
---
summary:
  dataset_size: 45
  mean_recall: 1
  mean_precision: 1
  mean_rmse: 1.1461
  mean_reprojection_rmse: 5.0956
  p50_translation_error: 0.0093
  p90_translation_error: 0.2758
  p99_translation_error: 1.0515
  p50_rotation_error: 2.1164
  p90_rotation_error: 24.3845
  p99_rotation_error: 72.6902
  mean_hamming: 0
  mean_total_ms: "[DURATION]"
  worst_offenders:
    - filename: scene_0038_cam_0000.png
      missed: 0
      extra: 0
      rmse: 3.5484
    - filename: scene_0011_cam_0000.png
      missed: 0
      extra: 0
      rmse: 3.432
    - filename: scene_0035_cam_0000.png
      missed: 0
      extra: 0
      rmse: 3.1177
    - filename: scene_0044_cam_0000.png
      missed: 0
      extra: 0
      rmse: 2.7072
    - filename: scene_0022_cam_0000.png
      missed: 0
      extra: 0
      rmse: 2.3989
