---
source: crates/locus-core/tests/regression_render_tag.rs
expression: report
---
summary:
  dataset_size: 45
  mean_recall: 1
  mean_precision: 1
  mean_rmse: 1.0265
  mean_reprojection_rmse: 2.8431
  p50_translation_error: 0.0908
  p90_translation_error: 0.1031
  p99_translation_error: 0.137
  p50_rotation_error: 3.1025
  p90_rotation_error: 9.9542
  p99_rotation_error: 18.6298
  mean_hamming: 0
  mean_total_ms: "[DURATION]"
  worst_offenders:
    - filename: scene_0018_cam_0000.png
      missed: 0
      extra: 0
      rmse: 3.2922
    - filename: scene_0008_cam_0000.png
      missed: 0
      extra: 0
      rmse: 2.7763
    - filename: scene_0006_cam_0000.png
      missed: 0
      extra: 0
      rmse: 2.1065
    - filename: scene_0014_cam_0000.png
      missed: 0
      extra: 0
      rmse: 1.6493
    - filename: scene_0038_cam_0000.png
      missed: 0
      extra: 0
      rmse: 1.5465
