---
source: crates/locus-core/tests/regression_icra2020.rs
expression: report
---
summary:
  dataset_size: 50
  mean_recall: 0.9535064935064935
  mean_rmse: 0.3144
  mean_total_ms: "[DURATION]"
  worst_offenders:
    - filename: 0013.png
      missed: 43
      extra: 155
      rmse: 0.3683
    - filename: 0003.png
      missed: 38
      extra: 163
      rmse: 0.3452
    - filename: 0000.png
      missed: 37
      extra: 174
      rmse: 0.3224
    - filename: 0002.png
      missed: 37
      extra: 173
      rmse: 0.8897
    - filename: 0001.png
      missed: 35
      extra: 160
      rmse: 0.5533
