---
source: crates/locus-core/tests/regression_render_tag.rs
expression: report
---
summary:
  dataset_size: 45
  mean_recall: 0.9777777777777777
  mean_precision: 1
  mean_rmse: 0.6889
  mean_reprojection_rmse: 0.6426
  p50_translation_error: 0.0053
  p90_translation_error: 0.033
  p99_translation_error: 0.0571
  p50_rotation_error: 0.0809
  p90_rotation_error: 0.2794
  p99_rotation_error: 2.1178
  mean_hamming: 0
  mean_total_ms: "[DURATION]"
  geometry_violations: 0
  worst_offenders:
    - filename: scene_0022_cam_0000.png
      missed: 1
      extra: 0
      rmse: 0
    - filename: scene_0002_cam_0000.png
      missed: 0
      extra: 0
      rmse: 4.4704
