---
source: crates/locus-core/tests/regression_icra2020.rs
assertion_line: 383
expression: report
---
summary:
  dataset_size: 50
  mean_recall: 0.463116883116883
  mean_rmse: 0.7535
  mean_total_ms: "[DURATION]"
  worst_offenders:
    - filename: 0000.png
      missed: 154
      extra: 0
      rmse: 0
    - filename: 0001.png
      missed: 154
      extra: 0
      rmse: 0
    - filename: 0002.png
      missed: 154
      extra: 0
      rmse: 0
    - filename: 0004.png
      missed: 154
      extra: 0
      rmse: 0
    - filename: 0005.png
      missed: 154
      extra: 0
      rmse: 0
