---
source: crates/locus-core/tests/regression_render_tag.rs
expression: report
---
summary:
  dataset_size: 50
  mean_recall: 0.96
  mean_precision: 1
  mean_rmse: 0.5915
  mean_reprojection_rmse: 0.5904
  p50_translation_error: 0.0038
  p90_translation_error: 0.0195
  p99_translation_error: 0.0393
  p50_rotation_error: 0.0919
  p90_rotation_error: 0.2438
  p99_rotation_error: 1.1034
  mean_hamming: 0
  mean_total_ms: "[DURATION]"
  geometry_violations: 0
  worst_offenders:
    - filename: scene_0008_cam_0000.png
      missed: 1
      extra: 0
      rmse: 0
    - filename: scene_0020_cam_0000.png
      missed: 1
      extra: 0
      rmse: 0
    - filename: scene_0005_cam_0000.png
      missed: 0
      extra: 0
      rmse: 1.0078
