---
source: crates/locus-core/tests/regression_render_tag.rs
expression: report
---
summary:
  dataset_size: 45
  mean_recall: 1
  mean_precision: 1
  mean_rmse: 1.0438
  mean_reprojection_rmse: 7.7001
  p50_translation_error: 0.0934
  p90_translation_error: 0.3308
  p99_translation_error: 0.6846
  p50_rotation_error: 5.149
  p90_rotation_error: 26.0035
  p99_rotation_error: 111.8663
  mean_hamming: 0
  mean_total_ms: "[DURATION]"
  worst_offenders:
    - filename: scene_0003_cam_0000.png
      missed: 0
      extra: 0
      rmse: 3.4075
    - filename: scene_0008_cam_0000.png
      missed: 0
      extra: 0
      rmse: 3.377
    - filename: scene_0012_cam_0000.png
      missed: 0
      extra: 0
      rmse: 2.8875
    - filename: scene_0038_cam_0000.png
      missed: 0
      extra: 0
      rmse: 2.8335
    - filename: scene_0018_cam_0000.png
      missed: 0
      extra: 0
      rmse: 1.4579
