---
source: crates/locus-core/tests/regression_render_tag.rs
expression: report
---
summary:
  dataset_size: 45
  mean_recall: 0.9111111111111111
  mean_precision: 1
  mean_rmse: 1.1953
  mean_reprojection_rmse: 2.5663
  p50_translation_error: 0.0913
  p90_translation_error: 0.1007
  p99_translation_error: 0.1455
  p50_rotation_error: 2.9695
  p90_rotation_error: 7.8501
  p99_rotation_error: 20.3458
  mean_hamming: 0
  mean_total_ms: "[DURATION]"
  worst_offenders:
    - filename: scene_0000_cam_0000.png
      missed: 1
      extra: 0
      rmse: 0
    - filename: scene_0006_cam_0000.png
      missed: 1
      extra: 0
      rmse: 0
    - filename: scene_0024_cam_0000.png
      missed: 1
      extra: 0
      rmse: 0
    - filename: scene_0043_cam_0000.png
      missed: 1
      extra: 0
      rmse: 0
    - filename: scene_0008_cam_0000.png
      missed: 0
      extra: 0
      rmse: 3.3611
