---
source: crates/locus-core/tests/regression_icra2020.rs
assertion_line: 355
expression: report
---
summary:
  dataset_size: 50
  mean_recall: 0.7185714285714286
  mean_rmse: 0.3513
  mean_total_ms: "[DURATION]"
  worst_offenders:
    - filename: 0006.png
      missed: 151
      extra: 0
      rmse: 0.1323
    - filename: 0004.png
      missed: 147
      extra: 0
      rmse: 0.5817
    - filename: 0003.png
      missed: 144
      extra: 0
      rmse: 0.458
    - filename: 0005.png
      missed: 143
      extra: 0
      rmse: 0.547
    - filename: 0000.png
      missed: 140
      extra: 0
      rmse: 0.218
