---
source: crates/locus-core/tests/regression_icra2020.rs
expression: report
---
summary:
  dataset_size: 50
  mean_recall: 0.8236363636363636
  mean_rmse: 0.3078
  mean_total_ms: "[DURATION]"
  worst_offenders:
    - filename: 0003.png
      missed: 127
      extra: 0
      rmse: 0.4031
    - filename: 0000.png
      missed: 126
      extra: 2
      rmse: 0.2425
    - filename: 0001.png
      missed: 124
      extra: 1
      rmse: 0.2643
    - filename: 0004.png
      missed: 116
      extra: 0
      rmse: 0.3622
    - filename: 0002.png
      missed: 112
      extra: 0
      rmse: 0.2944
