---
source: crates/locus-core/tests/regression_render_tag.rs
expression: report
---
summary:
  dataset_size: 45
  mean_recall: 0.8222222222222222
  mean_precision: 1
  mean_rmse: 0.5058
  mean_reprojection_rmse: 0.5025
  p50_translation_error: 0.0099
  p90_translation_error: 0.0576
  p99_translation_error: 0.1101
  p50_rotation_error: 0.0854
  p90_rotation_error: 0.2391
  p99_rotation_error: 0.6968
  mean_hamming: 0
  mean_total_ms: "[DURATION]"
  geometry_violations: 0
  worst_offenders:
    - filename: scene_0009_cam_0000.png
      missed: 1
      extra: 0
      rmse: 0
    - filename: scene_0020_cam_0000.png
      missed: 1
      extra: 0
      rmse: 0
    - filename: scene_0022_cam_0000.png
      missed: 1
      extra: 0
      rmse: 0
    - filename: scene_0023_cam_0000.png
      missed: 1
      extra: 0
      rmse: 0
    - filename: scene_0025_cam_0000.png
      missed: 1
      extra: 0
      rmse: 0
