---
source: crates/locus-core/tests/regression_render_tag.rs
expression: report
---
summary:
  dataset_size: 95
  mean_recall: 1
  mean_rmse: 106.7554
  mean_total_ms: "[DURATION]"
  worst_offenders:
    - filename: scene_0084_cam_0000.png
      missed: 0
      extra: 2
      rmse: 160.2386
    - filename: scene_0067_cam_0000.png
      missed: 0
      extra: 2
      rmse: 157.8585
    - filename: scene_0080_cam_0000.png
      missed: 0
      extra: 2
      rmse: 148.3425
    - filename: scene_0003_cam_0000.png
      missed: 0
      extra: 2
      rmse: 104.8126
    - filename: scene_0004_cam_0000.png
      missed: 0
      extra: 2
      rmse: 82.9657
