---
source: crates/locus-core/tests/regression_icra2020.rs
expression: report
---
summary:
  dataset_size: 400
  mean_recall: 0.8016688961104198
  mean_rmse: 0.7612
  mean_total_ms: "[DURATION]"
  worst_offenders:
    - filename: 0078.png
      missed: 65
      extra: 0
      rmse: 0.4184
    - filename: 0158.png
      missed: 63
      extra: 0
      rmse: 0.5395
    - filename: 0074.png
      missed: 62
      extra: 0
      rmse: 0.452
    - filename: 0294.png
      missed: 61
      extra: 0
      rmse: 0.6494
    - filename: 0097.png
      missed: 60
      extra: 0
      rmse: 0.4704
