---
source: crates/locus-core/tests/regression_icra2020.rs
expression: report
---
summary:
  dataset_size: 400
  mean_recall: 0.8949786165053262
  mean_rmse: 0.7418
  mean_total_ms: "[DURATION]"
  worst_offenders:
    - filename: 0040.png
      missed: 39
      extra: 0
      rmse: 1.0301
    - filename: 0126.png
      missed: 38
      extra: 0
      rmse: 0.8312
    - filename: 0010.png
      missed: 34
      extra: 0
      rmse: 0.6932
    - filename: 0043.png
      missed: 33
      extra: 0
      rmse: 0.9887
    - filename: 0172.png
      missed: 32
      extra: 0
      rmse: 1.0181
