---
source: crates/locus-core/tests/regression_render_tag.rs
expression: report
---
summary:
  dataset_size: 45
  mean_recall: 1
  mean_precision: 0.9777777777777777
  mean_rmse: 18.0131
  mean_reprojection_rmse: 18.2778
  p50_translation_error: 0.1353
  p90_translation_error: 0.2394
  p99_translation_error: 0.3408
  p50_rotation_error: 2.8231
  p90_rotation_error: 10.4677
  p99_rotation_error: 19.0062
  mean_hamming: 0
  mean_total_ms: "[DURATION]"
  worst_offenders:
    - filename: scene_0014_cam_0000.png
      missed: 0
      extra: 1
      rmse: 20.5715
    - filename: scene_0008_cam_0000.png
      missed: 0
      extra: 1
      rmse: 19.5859
    - filename: scene_0001_cam_0000.png
      missed: 0
      extra: 0
      rmse: 22.3818
    - filename: scene_0003_cam_0000.png
      missed: 0
      extra: 0
      rmse: 22.1848
    - filename: scene_0021_cam_0000.png
      missed: 0
      extra: 0
      rmse: 22.0206
