---
source: crates/locus-core/tests/regression_render_tag.rs
expression: report
---
summary:
  dataset_size: 50
  mean_recall: 0.86
  mean_precision: 0.97
  mean_rmse: 1.1393
  mean_reprojection_rmse: 4.1373
  p50_translation_error: 0.0916
  p90_translation_error: 0.1422
  p99_translation_error: 0.498
  p50_rotation_error: 2.913
  p90_rotation_error: 19.4987
  p99_rotation_error: 57.6491
  mean_hamming: 0.02
  mean_total_ms: "[DURATION]"
  worst_offenders:
    - filename: scene_0030_cam_0000.png
      missed: 1
      extra: 1
      rmse: 0
    - filename: scene_0001_cam_0000.png
      missed: 1
      extra: 0
      rmse: 0
    - filename: scene_0006_cam_0000.png
      missed: 1
      extra: 0
      rmse: 0
    - filename: scene_0008_cam_0000.png
      missed: 1
      extra: 0
      rmse: 0
    - filename: scene_0018_cam_0000.png
      missed: 1
      extra: 0
      rmse: 0
