---
source: crates/locus-core/tests/common/hub.rs
expression: report
---
summary:
  dataset_size: 50
  mean_recall: 0.96
  mean_precision: 1
  mean_rmse: 0.1015
  mean_reprojection_rmse: 0.0933
  p50_translation_error: 0.0002
  p90_translation_error: 0.0012
  p99_translation_error: 0.0043
  p50_rotation_error: 0.053
  p90_rotation_error: 0.139
  p99_rotation_error: 0.4746
  mean_hamming: 0
  mean_total_ms: "[DURATION]"
  worst_offenders:
    - filename: scene_0025_cam_0000.png
      missed: 1
      extra: 0
      rmse: 0
    - filename: scene_0030_cam_0000.png
      missed: 1
      extra: 0
      rmse: 0
