---
source: crates/locus-core/tests/common/hub.rs
expression: report
---
summary:
  dataset_size: 50
  mean_recall: 0.8171798588019225
  mean_precision: 0.9872742047713714
  mean_rmse: 0.2404
  mean_reprojection_rmse: 2.679
  p50_translation_error: 0.0874
  p90_translation_error: 0.2939
  p99_translation_error: 0.6935
  p50_rotation_error: 7.387
  p90_rotation_error: 31.3384
  p99_rotation_error: 55.0114
  mean_hamming: 0.0039
  mean_total_ms: "[DURATION]"
  worst_offenders:
    - filename: scene_0011_cam_0000.png
      missed: 17
      extra: 0
      rmse: 0.2152
    - filename: scene_0019_cam_0000.png
      missed: 15
      extra: 0
      rmse: 0.5133
    - filename: scene_0007_cam_0000.png
      missed: 15
      extra: 0
      rmse: 0.2857
    - filename: scene_0043_cam_0000.png
      missed: 14
      extra: 0
      rmse: 0.4432
    - filename: scene_0021_cam_0000.png
      missed: 14
      extra: 0
      rmse: 0.4021
