---
source: crates/locus-core/tests/common/hub.rs
expression: report
---
summary:
  dataset_size: 100
  mean_recall: 1
  mean_precision: 0.995
  mean_rmse: 0.0551
  mean_reprojection_rmse: 0.0497
  p50_translation_error: 0.0001
  p90_translation_error: 0.0014
  p99_translation_error: 0.0166
  p50_rotation_error: 0.0216
  p90_rotation_error: 0.0946
  p99_rotation_error: 0.3777
  mean_hamming: 0
  mean_total_ms: "[DURATION]"
  worst_offenders: []
