---
source: crates/locus-core/tests/common/hub.rs
assertion_line: 489
expression: report
---
summary:
  dataset_size: 50
  mean_recall: 0.8519698671601094
  mean_precision: 0.9822570232647511
  mean_rmse: 1.4684
  mean_reprojection_rmse: 136.2921
  p50_translation_error: 0.0067
  p90_translation_error: 0.0579
  p99_translation_error: 0.1625
  p50_rotation_error: 1.5175
  p90_rotation_error: 12.7714
  p99_rotation_error: 30.2812
  mean_hamming: 0.0136
  mean_total_ms: "[DURATION]"
  worst_offenders:
    - filename: scene_0037_cam_0000.png
      missed: 17
      extra: 0
      rmse: 1.6014
    - filename: scene_0045_cam_0000.png
      missed: 14
      extra: 0
      rmse: 1.4364
    - filename: scene_0020_cam_0000.png
      missed: 13
      extra: 1
      rmse: 2.1072
    - filename: scene_0015_cam_0000.png
      missed: 13
      extra: 0
      rmse: 2.1182
    - filename: scene_0047_cam_0000.png
      missed: 12
      extra: 1
      rmse: 1.4306
