---
source: crates/locus-core/tests/common/hub.rs
expression: report
---
summary:
  dataset_size: 50
  mean_recall: 0.9390334440227701
  mean_precision: 0.9949678530899331
  mean_rmse: 0.1493
  mean_reprojection_rmse: 0.3425
  p50_translation_error: 0.0371
  p90_translation_error: 0.2431
  p99_translation_error: 1.0953
  p50_rotation_error: 1.7232
  p90_rotation_error: 8.61
  p99_rotation_error: 112.8222
  mean_hamming: 0.0088
  mean_total_ms: "[DURATION]"
  worst_offenders:
    - filename: scene_0036_cam_0000.png
      missed: 12
      extra: 0
      rmse: 0.6742
    - filename: scene_0010_cam_0000.png
      missed: 8
      extra: 0
      rmse: 0.0889
    - filename: scene_0000_cam_0000.png
      missed: 6
      extra: 1
      rmse: 0.0848
    - filename: scene_0035_cam_0000.png
      missed: 6
      extra: 1
      rmse: 0.0751
    - filename: scene_0026_cam_0000.png
      missed: 6
      extra: 0
      rmse: 0.5916
