---
source: crates/locus-core/tests/common/hub.rs
expression: report
---
summary:
  dataset_size: 50
  mean_recall: 1
  mean_precision: 1
  mean_rmse: 1.0161
  mean_reprojection_rmse: 0.878
  p50_translation_error: 0.0024
  p90_translation_error: 0.0141
  p99_translation_error: 0.047
  p50_rotation_error: 0.2544
  p90_rotation_error: 1.0875
  p99_rotation_error: 25.2012
  mean_hamming: 0
  mean_total_ms: "[DURATION]"
  worst_offenders:
    - filename: scene_0030_cam_0000.png
      missed: 0
      extra: 0
      rmse: 4.1238
    - filename: scene_0016_cam_0000.png
      missed: 0
      extra: 0
      rmse: 3.1007
    - filename: scene_0032_cam_0000.png
      missed: 0
      extra: 0
      rmse: 2.3407
    - filename: scene_0034_cam_0000.png
      missed: 0
      extra: 0
      rmse: 1.8734
    - filename: scene_0041_cam_0000.png
      missed: 0
      extra: 0
      rmse: 1.6491
