---
source: crates/locus-core/tests/common/hub.rs
expression: report
---
summary:
  dataset_size: 50
  mean_recall: 1
  mean_precision: 1
  mean_rmse: 0.214
  mean_reprojection_rmse: 0.1527
  p50_translation_error: 0.0004
  p90_translation_error: 0.0049
  p99_translation_error: 0.0332
  p50_rotation_error: 0.0614
  p90_rotation_error: 0.293
  p99_rotation_error: 0.5607
  mean_hamming: 0
  mean_total_ms: "[DURATION]"
  worst_offenders:
    - filename: scene_0008_cam_0000.png
      missed: 0
      extra: 0
      rmse: 2.0634
