---
source: crates/locus-core/tests/common/hub.rs
assertion_line: 469
expression: report
---
summary:
  dataset_size: 50
  mean_recall: 1
  mean_precision: 1
  mean_rmse: 0.1796
  mean_reprojection_rmse: 0.1333
  p50_translation_error: 0.0009
  p90_translation_error: 0.0101
  p99_translation_error: 0.0497
  p50_rotation_error: 0.0427
  p90_rotation_error: 0.1258
  p99_rotation_error: 0.2771
  mean_hamming: 0
  mean_total_ms: "[DURATION]"
  worst_offenders: []
