---
source: crates/locus-core/tests/common/hub.rs
expression: report
---
summary:
  dataset_size: 50
  mean_recall: 1
  mean_precision: 1
  mean_rmse: 0.0621
  mean_reprojection_rmse: 0.0553
  p50_translation_error: 0.0001
  p90_translation_error: 0.0006
  p99_translation_error: 0.0234
  p50_rotation_error: 0.0142
  p90_rotation_error: 0.0458
  p99_rotation_error: 0.2214
  mean_hamming: 0
  mean_total_ms: "[DURATION]"
  worst_offenders: []
