---
source: crates/locus-core/tests/common/hub.rs
assertion_line: 474
expression: report
---
summary:
  dataset_size: 100
  mean_recall: 0.99
  mean_precision: 1
  mean_rmse: 0.0549
  mean_reprojection_rmse: 0.0495
  p50_translation_error: 0.0001
  p90_translation_error: 0.0014
  p99_translation_error: 0.0166
  p50_rotation_error: 0.0211
  p90_rotation_error: 0.0947
  p99_rotation_error: 0.3791
  mean_hamming: 0
  mean_total_ms: "[DURATION]"
  worst_offenders:
    - filename: scene_0098_cam_0000.png
      missed: 1
      extra: 0
      rmse: 0
