---
source: crates/locus-core/tests/common/hub.rs
expression: report
---
summary:
  dataset_size: 50
  mean_recall: 1
  mean_precision: 1
  mean_rmse: 0.8588
  mean_reprojection_rmse: 0.7154
  p50_translation_error: 0.0032
  p90_translation_error: 0.025
  p99_translation_error: 0.0759
  p50_rotation_error: 0.0665
  p90_rotation_error: 0.4134
  p99_rotation_error: 0.9873
  mean_hamming: 0
  mean_total_ms: "[DURATION]"
  worst_offenders:
    - filename: scene_0010_cam_0000.png
      missed: 0
      extra: 0
      rmse: 7.3013
    - filename: scene_0012_cam_0000.png
      missed: 0
      extra: 0
      rmse: 2.6597
    - filename: scene_0049_cam_0000.png
      missed: 0
      extra: 0
      rmse: 1.2286
    - filename: scene_0003_cam_0000.png
      missed: 0
      extra: 0
      rmse: 1.1538
