---
source: crates/locus-core/tests/common/hub.rs
expression: report
---
summary:
  dataset_size: 50
  mean_recall: 1
  mean_precision: 1
  mean_rmse: 0.7355
  mean_reprojection_rmse: 0.7067
  p50_translation_error: 0.0031
  p90_translation_error: 0.0194
  p99_translation_error: 0.0499
  p50_rotation_error: 0.1794
  p90_rotation_error: 0.4855
  p99_rotation_error: 1.7533
  mean_hamming: 0
  mean_total_ms: "[DURATION]"
  worst_offenders:
    - filename: scene_0022_cam_0000.png
      missed: 0
      extra: 0
      rmse: 1.0774
