---
source: crates/locus-core/tests/common/hub.rs
expression: report
---
summary:
  dataset_size: 100
  mean_recall: 0.9
  mean_precision: 0.9558333333333333
  mean_rmse: 0.6694
  mean_reprojection_rmse: 0.6222
  p50_translation_error: 0.006
  p90_translation_error: 0.0402
  p99_translation_error: 0.0996
  p50_rotation_error: 0.1011
  p90_rotation_error: 0.4749
  p99_rotation_error: 1.2755
  mean_hamming: 0
  mean_total_ms: "[DURATION]"
  worst_offenders:
    - filename: scene_0074_cam_0000.png
      missed: 1
      extra: 2
      rmse: 0
    - filename: scene_0034_cam_0000.png
      missed: 1
      extra: 0
      rmse: 0
    - filename: scene_0046_cam_0000.png
      missed: 1
      extra: 0
      rmse: 0
    - filename: scene_0049_cam_0000.png
      missed: 1
      extra: 0
      rmse: 0
    - filename: scene_0055_cam_0000.png
      missed: 1
      extra: 0
      rmse: 0
