---
source: crates/locus-core/tests/common/hub.rs
assertion_line: 480
expression: report
---
summary:
  dataset_size: 50
  mean_recall: 0.6
  mean_precision: 1
  mean_rmse: 0.8543
  mean_reprojection_rmse: 0.9668
  p50_translation_error: 0.0017
  p90_translation_error: 0.0167
  p99_translation_error: 0.071
  p50_rotation_error: 0.3936
  p90_rotation_error: 1.8703
  p99_rotation_error: 119.4709
  mean_hamming: 0
  mean_total_ms: "[DURATION]"
  worst_offenders:
    - filename: scene_0002_cam_0000.png
      missed: 1
      extra: 0
      rmse: 0
    - filename: scene_0003_cam_0000.png
      missed: 1
      extra: 0
      rmse: 0
    - filename: scene_0005_cam_0000.png
      missed: 1
      extra: 0
      rmse: 0
    - filename: scene_0006_cam_0000.png
      missed: 1
      extra: 0
      rmse: 0
    - filename: scene_0007_cam_0000.png
      missed: 1
      extra: 0
      rmse: 0
