---
source: crates/locus-core/tests/common/hub.rs
expression: report
---
summary:
  dataset_size: 50
  mean_recall: 1
  mean_precision: 1
  mean_rmse: 1.3403
  mean_reprojection_rmse: 0.9294
  p50_translation_error: 0.0036
  p90_translation_error: 0.0287
  p99_translation_error: 0.0514
  p50_rotation_error: 0.3106
  p90_rotation_error: 0.9381
  p99_rotation_error: 27.7662
  mean_hamming: 0
  mean_total_ms: "[DURATION]"
  worst_offenders:
    - filename: scene_0010_cam_0000.png
      missed: 0
      extra: 0
      rmse: 9.2471
    - filename: scene_0012_cam_0000.png
      missed: 0
      extra: 0
      rmse: 4.4274
    - filename: scene_0049_cam_0000.png
      missed: 0
      extra: 0
      rmse: 3.1813
    - filename: scene_0003_cam_0000.png
      missed: 0
      extra: 0
      rmse: 3.0644
    - filename: scene_0000_cam_0000.png
      missed: 0
      extra: 0
      rmse: 2.2837
