---
source: crates/locus-core/tests/common/hub.rs
expression: report
---
summary:
  dataset_size: 100
  mean_recall: 1
  mean_precision: 0.9336666666666666
  mean_rmse: 0.7598
  mean_reprojection_rmse: 0.7339
  p50_translation_error: 0.0054
  p90_translation_error: 0.0299
  p99_translation_error: 0.117
  p50_rotation_error: 0.2696
  p90_rotation_error: 0.7076
  p99_rotation_error: 17.467
  mean_hamming: 0
  mean_total_ms: "[DURATION]"
  worst_offenders:
    - filename: scene_0006_cam_0000.png
      missed: 0
      extra: 4
      rmse: 0.893
    - filename: scene_0074_cam_0000.png
      missed: 0
      extra: 2
      rmse: 0.6219
    - filename: scene_0053_cam_0000.png
      missed: 0
      extra: 1
      rmse: 0.8701
    - filename: scene_0059_cam_0000.png
      missed: 0
      extra: 1
      rmse: 0.8575
    - filename: scene_0084_cam_0000.png
      missed: 0
      extra: 1
      rmse: 0.8517
