---
source: crates/locus-core/tests/common/hub.rs
expression: report
---
summary:
  dataset_size: 50
  mean_recall: 0.86
  mean_precision: 1
  mean_rmse: 0.2449
  mean_reprojection_rmse: 0.0547
  p50_translation_error: 0.0004
  p90_translation_error: 0.0012
  p99_translation_error: 0.004
  p50_rotation_error: 0.0921
  p90_rotation_error: 0.2487
  p99_rotation_error: 0.538
  mean_hamming: 0.04
  mean_total_ms: "[DURATION]"
  worst_offenders:
    - filename: scene_0002_cam_0000.png
      missed: 1
      extra: 0
      rmse: 0
    - filename: scene_0012_cam_0000.png
      missed: 1
      extra: 0
      rmse: 0
    - filename: scene_0017_cam_0000.png
      missed: 1
      extra: 0
      rmse: 0
    - filename: scene_0026_cam_0000.png
      missed: 1
      extra: 0
      rmse: 0
    - filename: scene_0033_cam_0000.png
      missed: 1
      extra: 0
      rmse: 0
