---
source: crates/locus-core/tests/common/hub.rs
assertion_line: 480
expression: report
---
summary:
  dataset_size: 50
  mean_recall: 1
  mean_precision: 1
  mean_rmse: 0.1796
  mean_reprojection_rmse: 0.1624
  p50_translation_error: 0.0008
  p90_translation_error: 0.0116
  p99_translation_error: 0.0824
  p50_rotation_error: 0.0534
  p90_rotation_error: 0.4164
  p99_rotation_error: 1.3566
  mean_hamming: 0
  mean_total_ms: "[DURATION]"
  worst_offenders: []
