---
source: crates/locus-core/tests/common/hub.rs
expression: report
---
summary:
  dataset_size: 50
  mean_recall: 1
  mean_precision: 1
  mean_rmse: 0.1796
  mean_reprojection_rmse: 0.1597
  p50_translation_error: 0.0009
  p90_translation_error: 0.0117
  p99_translation_error: 0.0638
  p50_rotation_error: 0.057
  p90_rotation_error: 0.3276
  p99_rotation_error: 1.3868
  mean_hamming: 0
  mean_total_ms: "[DURATION]"
  worst_offenders: []
